Archive member included because of file (symbol)

/home/pprintz/nxtOSEK/ecrobot/../ecrobot/libecrobot.a(ecrobot_interface.o)
                              build/src/main.o (ecrobot_init_nxtcolorsensor)
/home/pprintz/nxtOSEK/ecrobot/../ecrobot/libecrobot.a(colorsensor.o)
                              /home/pprintz/nxtOSEK/ecrobot/../ecrobot/libecrobot.a(ecrobot_interface.o) (colorsensor_init)
/home/pprintz/nxtOSEK/ecrobot/../ecrobot/libecrobot.a(osek_hook.o)
                              build/kernel/osctl.o (StartupHook)
/home/pprintz/nxtOSEK/ecrobot/../ecrobot/libecrobot.a(uart.oram)
                              build/config/at91sam7s-gnu/irq.oram (uart_isr_C_0)
/home/pprintz/nxtOSEK/ecrobot/../ecrobot/libecrobot.a(systick.oram)
                              build/syslib/at91sam7s-gnu/lego_nxt/hw_sys_timer.oram (systick_low_priority_C)
/home/pprintz/nxtOSEK/ecrobot/../ecrobot/libecrobot.a(byte_fifo.oram)
                              /home/pprintz/nxtOSEK/ecrobot/../ecrobot/libecrobot.a(uart.oram) (byte_fifo_put)
/home/pprintz/nxtOSEK/ecrobot/../ecrobot/libecrobot.a(aic.oram)
                              /home/pprintz/nxtOSEK/ecrobot/../ecrobot/libecrobot.a(uart.oram) (aic_set_vector)
/home/pprintz/nxtOSEK/ecrobot/../ecrobot/libecrobot.a(udp.oram)
                              build/config/at91sam7s-gnu/irq.oram (udp_isr_C)
/home/pprintz/nxtOSEK/ecrobot/../ecrobot/libecrobot.a(twi.oram)
                              build/config/at91sam7s-gnu/irq.oram (twi_isr_C)
/home/pprintz/nxtOSEK/ecrobot/../ecrobot/libecrobot.a(nxt_spi.oram)
                              build/config/at91sam7s-gnu/irq.oram (spi_isr_C)
/home/pprintz/nxtOSEK/ecrobot/../ecrobot/libecrobot.a(nxt_motors.oram)
                              /home/pprintz/nxtOSEK/ecrobot/../ecrobot/libecrobot.a(ecrobot_interface.o) (nxt_motor_get_count)
/home/pprintz/nxtOSEK/ecrobot/../ecrobot/libecrobot.a(data_abort.oram)
                              build/ecrobot_init.o (data_abort_C)
/home/pprintz/nxtOSEK/ecrobot/../ecrobot/libecrobot.a(display.oram)
                              build/ecrobot_base.o (display_update)
/home/pprintz/nxtOSEK/ecrobot/../ecrobot/libecrobot.a(i2c.oram)
                              build/config/at91sam7s-gnu/irq.oram (i2c_timer_isr_C)
/home/pprintz/nxtOSEK/ecrobot/../ecrobot/libecrobot.a(sound.oram)
                              /home/pprintz/nxtOSEK/ecrobot/../ecrobot/libecrobot.a(ecrobot_interface.o) (sound_get_time)
/home/pprintz/nxtOSEK/ecrobot/../ecrobot/libecrobot.a(bt.oram)
                              build/ecrobot_bluetooth.o (bt_send)
/home/pprintz/nxtOSEK/ecrobot/../ecrobot/libecrobot.a(nxt_avr.oram)
                              build/ecrobot_base.o (nxt_avr_power_down)
/home/pprintz/nxtOSEK/ecrobot/../ecrobot/libecrobot.a(sensors.oram)
                              /home/pprintz/nxtOSEK/ecrobot/../ecrobot/libecrobot.a(ecrobot_interface.o) (unset_digi0)
/home/pprintz/nxtOSEK/ecrobot/../ecrobot/libecrobot.a(sensors1.oram)
                              /home/pprintz/nxtOSEK/ecrobot/../ecrobot/libecrobot.a(colorsensor.o) (sensor_pins)
/home/pprintz/nxtOSEK/ecrobot/../ecrobot/libecrobot.a(nxt_lcd.oram)
                              /home/pprintz/nxtOSEK/ecrobot/../ecrobot/libecrobot.a(display.oram) (nxt_lcd_force_update)
/home/pprintz/nxtOSEK/ecrobot/../ecrobot/libecrobot.a(flash_loader.oram)
                              build/ecrobot_base.o (set_flash_request)
/home/pprintz/nxtOSEK/ecrobot/../ecrobot/libecrobot.a(interrupts.oram)
                              /home/pprintz/nxtOSEK/ecrobot/../ecrobot/libecrobot.a(uart.oram) (interrupts_get_and_disable)
/home/pprintz/nxtOSEK/ecrobot/../ecrobot/libecrobot.a(nxtosek_splash.obmp)
                              build/ecrobot_base.o (nxtosek_splash_bmp_start)
/home/pprintz/nxtOSEK/ecrobot/../ecrobot/libecrobot.a(ecrobot_usb.o)
                              /home/pprintz/nxtOSEK/ecrobot/../ecrobot/libecrobot.a(flash_loader.oram) (ecrobot_init_usb)
/home/pprintz/nxtOSEK/ecrobot/../ecrobot/libecrobot.a(flashprog.oram)
                              /home/pprintz/nxtOSEK/ecrobot/../ecrobot/libecrobot.a(flash_loader.oram) (flash_write_page)
/home/pprintz/Downloads/gnuarm/lib/gcc/arm-elf/4.4.2/thumb/interwork/libgcc.a(_udivsi3.o)
                              build/ecrobot_base.o (__udivsi3)
/home/pprintz/Downloads/gnuarm/lib/gcc/arm-elf/4.4.2/thumb/interwork/libgcc.a(_divsi3.o)
                              /home/pprintz/nxtOSEK/ecrobot/../ecrobot/libecrobot.a(uart.oram) (__divsi3)
/home/pprintz/Downloads/gnuarm/lib/gcc/arm-elf/4.4.2/thumb/interwork/libgcc.a(_umodsi3.o)
                              /home/pprintz/nxtOSEK/ecrobot/../ecrobot/libecrobot.a(display.oram) (__umodsi3)
/home/pprintz/Downloads/gnuarm/lib/gcc/arm-elf/4.4.2/thumb/interwork/libgcc.a(_modsi3.o)
                              /home/pprintz/nxtOSEK/ecrobot/../ecrobot/libecrobot.a(sound.oram) (__modsi3)
/home/pprintz/Downloads/gnuarm/lib/gcc/arm-elf/4.4.2/thumb/interwork/libgcc.a(_dvmd_tls.o)
[...]
Memory Configuration

Name             Origin             Length             Attributes
header_ram       0x001ffff0         0x00000010
vector_ram       0x00200000         0x00000040
ram              0x00200040         0x0000ffc0
*default*        0x00000000         0xffffffff

Linker script and memory map

LOAD build/kernel/alarm.o
LOAD build/kernel/event.o
LOAD build/kernel/interrupt.o
LOAD build/kernel/osctl.o
LOAD build/kernel/resource.o
LOAD build/kernel/task.o
LOAD build/kernel/task_manage.o
LOAD build/config/at91sam7s-gnu/cpu_config.o
LOAD build/config/at91sam7s-gnu/lego_nxt/sys_config.o
LOAD build/./kernel_cfg.o
LOAD build/syscalls.o
LOAD build/ecrobot_bluetooth.o
LOAD build/ecrobot_base.o
LOAD build/ecrobot.o
LOAD build/src/main.o
LOAD build/src/path.o
LOAD build/syslib/at91sam7s-gnu/lego_nxt/hw_sys_timer.oram
LOAD build/nxtvm/platform/nxt/vectors.o
LOAD build/config/at91sam7s-gnu/debug.o
LOAD build/config/at91sam7s-gnu/lego_nxt/sys_support.o
LOAD build/nxt_binary_header.o
LOAD build/nxt_entry_point.o
LOAD build/ecrobot_init.o
LOAD build/config/at91sam7s-gnu/cpu_support.oram
LOAD build/config/at91sam7s-gnu/irq.oram
LOAD /home/pprintz/nxtOSEK/ecrobot/../c++/liblejososek.a
LOAD /home/pprintz/nxtOSEK/ecrobot/../ecrobot/libecrobot.a
LOAD /home/pprintz/Downloads/gnuarm/lib/gcc/arm-elf/4.4.2/../../../../arm-elf/lib/thumb/interwork/libstdc++.a
LOAD /home/pprintz/Downloads/gnuarm/lib/gcc/arm-elf/4.4.2/../../../../arm-elf/lib/thumb/interwork/libm.a
START GROUP
LOAD /home/pprintz/Downloads/gnuarm/lib/gcc/arm-elf/4.4.2/thumb/interwork/libgcc.a
LOAD /home/pprintz/Downloads/gnuarm/lib/gcc/arm-elf/4.4.2/../../../../arm-elf/lib/thumb/interwork/libc.a
END GROUP
                0x00200000                RAM_BASE = 0x200000
                0x00010000                RAM_SIZE = 0x10000

.header         0x001ffff0       0x10
 *nxt_binary_header.o(*.text *.text.*)
 .text          0x001ffff0       0x10 build/nxt_binary_header.o
                0x00200000                . = ALIGN (0x10)

.vectors        0x00200000       0x40
 vectors.o(*.text *.text.*)
 .text          0x00200000       0x38 build/nxtvm/platform/nxt/vectors.o
                0x00200040                . = ALIGN (0x10)
 *fill*         0x00200038        0x8 00
                0x00200000                __vectors_ram_start__ = ADDR (.vectors)
                0x00200040                __vectors_ram_end__ = (ADDR (.vectors) + SIZEOF (.vectors))
                0x00200000                __vectors_load_start__ = LOADADDR (.vectors)
                0x00200040                __vectors_load_end__ = (LOADADDR (.vectors) + SIZEOF (.vectors))

.entry          0x00200040       0x40
 *nxt_entry_point.o(*.text *.text.*)
 .text          0x00200040       0x38 build/nxt_entry_point.o
                0x00200040                NXT_Entry_Point
                0x00200080                . = ALIGN (0x10)
 *fill*         0x00200078        0x8 00

.init           0x00200080      0x280
 *ecrobot_init.o(*.text *.text.*)
 .text          0x00200080      0x280 build/ecrobot_init.o
                0x00200080                start
                0x002001ec                undef_handler
                0x002001f0                swi_handler
                0x002001f4                prefetch_abort_handler
                0x002001f8                data_abort_handler
                0x00200214                reserved_handler
                0x00200300                . = ALIGN (0x10)

.ram_text       0x00200300     0x3070
                0x00200300                . = ALIGN (0x10)
 *.oram(*.text *.text.* *.glue*)
 .text.systick_isr_C1
                0x00200300       0x28 build/syslib/at91sam7s-gnu/lego_nxt/hw_sys_timer.oram
                0x00200300                systick_isr_C1
 *fill*         0x00200328        0x8 00
 .text          0x00200330      0x230 build/config/at91sam7s-gnu/cpu_support.oram
                0x00200330                dispatch
                0x00200370                activate_r
                0x002003a0                exit_and_dispatch
                0x002003b0                start_dispatch
                0x0020046c                _interrupt
                0x002004dc                int_return
                0x00200508                disable_int
                0x00200510                enable_int
                0x00200518                nop
 .text          0x00200560      0x2c0 build/config/at91sam7s-gnu/irq.oram
                0x00200560                default_isr
                0x00200560                default_fiq
                0x00200560                spurious_isr
                0x00200564                systick_isr_entry
                0x002005ac                systick_low_priority_entry
                0x002005ec                udp_isr_entry
                0x0020062c                spi_isr_entry
                0x0020066c                twi_isr_entry
                0x002006ac                sound_isr_entry
                0x002006ec                uart_isr_entry_0
                0x0020072c                uart_isr_entry_1
                0x0020076c                nxt_motor_isr_entry
                0x002007ac                i2c_timer_isr_entry
 .text.uart_process_isr
                0x00200820       0x88 /home/pprintz/nxtOSEK/ecrobot/../ecrobot/libecrobot.a(uart.oram)
 .text.uart_isr_C_0
                0x002008a8        0xc /home/pprintz/nxtOSEK/ecrobot/../ecrobot/libecrobot.a(uart.oram)
                0x002008a8                uart_isr_C_0
 .text.uart_isr_C_1
                0x002008b4        0xc /home/pprintz/nxtOSEK/ecrobot/../ecrobot/libecrobot.a(uart.oram)
                0x002008b4                uart_isr_C_1
 .text.systick_low_priority_C
                0x002008c0       0x1c /home/pprintz/nxtOSEK/ecrobot/../ecrobot/libecrobot.a(systick.oram)
                0x002008c0                systick_low_priority_C
 .text.systick_isr_C
                0x002008dc       0x24 /home/pprintz/nxtOSEK/ecrobot/../ecrobot/libecrobot.a(systick.oram)
                0x002008dc                systick_isr_C
 .text.systick_get_ms
                0x00200900        0xc /home/pprintz/nxtOSEK/ecrobot/../ecrobot/libecrobot.a(systick.oram)
                0x00200900                systick_get_ms
 .text.systick_wait_ms
                0x0020090c       0x1c /home/pprintz/nxtOSEK/ecrobot/../ecrobot/libecrobot.a(systick.oram)
                0x0020090c                systick_wait_ms
 .text.systick_wait_ns
                0x00200928       0x1c /home/pprintz/nxtOSEK/ecrobot/../ecrobot/libecrobot.a(systick.oram)
                0x00200928                systick_wait_ns
 .text.systick_init
                0x00200944       0x58 /home/pprintz/nxtOSEK/ecrobot/../ecrobot/libecrobot.a(systick.oram)
                0x00200944                systick_init
 .text.systick_suspend
                0x0020099c        0xc /home/pprintz/nxtOSEK/ecrobot/../ecrobot/libecrobot.a(systick.oram)
                0x0020099c                systick_suspend
 .text.systick_resume
                0x002009a8        0xc /home/pprintz/nxtOSEK/ecrobot/../ecrobot/libecrobot.a(systick.oram)
                0x002009a8                systick_resume
 .text.byte_fifo_put
                0x002009b4       0x58 /home/pprintz/nxtOSEK/ecrobot/../ecrobot/libecrobot.a(byte_fifo.oram)
                0x002009b4                byte_fifo_put
 .text.byte_fifo_get
                0x00200a0c       0x2c /home/pprintz/nxtOSEK/ecrobot/../ecrobot/libecrobot.a(byte_fifo.oram)
                0x00200a0c                byte_fifo_get
 .text.aic_initialise
                0x00200a38       0x5c /home/pprintz/nxtOSEK/ecrobot/../ecrobot/libecrobot.a(aic.oram)
                0x00200a38                aic_initialise
 .text.aic_set_vector
                0x00200a94       0x30 /home/pprintz/nxtOSEK/ecrobot/../ecrobot/libecrobot.a(aic.oram)
                0x00200a94                aic_set_vector
 .text.aic_mask_on
                0x00200ac4       0x24 /home/pprintz/nxtOSEK/ecrobot/../ecrobot/libecrobot.a(aic.oram)
                0x00200ac4                aic_mask_on
 .text.aic_mask_off
                0x00200ae8       0x24 /home/pprintz/nxtOSEK/ecrobot/../ecrobot/libecrobot.a(aic.oram)
                0x00200ae8                aic_mask_off
 .text.aic_clear
                0x00200b0c       0x24 /home/pprintz/nxtOSEK/ecrobot/../ecrobot/libecrobot.a(aic.oram)
                0x00200b0c                aic_clear
 .text.reset    0x00200b30       0x4c /home/pprintz/nxtOSEK/ecrobot/../ecrobot/libecrobot.a(udp.oram)
 .text.udp_send_null
                0x00200b7c       0x2c /home/pprintz/nxtOSEK/ecrobot/../ecrobot/libecrobot.a(udp.oram)
 .text.udp_send_stall
                0x00200ba8       0x2c /home/pprintz/nxtOSEK/ecrobot/../ecrobot/libecrobot.a(udp.oram)
 .text.udp_send_control
                0x00200bd4       0x60 /home/pprintz/nxtOSEK/ecrobot/../ecrobot/libecrobot.a(udp.oram)
 .text.udp_isr_C
                0x00200c34      0x7d0 /home/pprintz/nxtOSEK/ecrobot/../ecrobot/libecrobot.a(udp.oram)
                0x00200c34                udp_isr_C
 .text.twi_status
                0x00201404       0x20 /home/pprintz/nxtOSEK/ecrobot/../ecrobot/libecrobot.a(twi.oram)
                0x00201404                twi_status
 .text.twi_isr_C
                0x00201424       0xc4 /home/pprintz/nxtOSEK/ecrobot/../ecrobot/libecrobot.a(twi.oram)
                0x00201424                twi_isr_C
 .text.twi_reset
                0x002014e8       0xb4 /home/pprintz/nxtOSEK/ecrobot/../ecrobot/libecrobot.a(twi.oram)
                0x002014e8                twi_reset
 .text.twi_init
                0x0020159c       0x4c /home/pprintz/nxtOSEK/ecrobot/../ecrobot/libecrobot.a(twi.oram)
                0x0020159c                twi_init
 .text.twi_start_read
                0x002015e8       0x60 /home/pprintz/nxtOSEK/ecrobot/../ecrobot/libecrobot.a(twi.oram)
                0x002015e8                twi_start_read
 .text.twi_start_write
                0x00201648       0x64 /home/pprintz/nxtOSEK/ecrobot/../ecrobot/libecrobot.a(twi.oram)
                0x00201648                twi_start_write
 .text.spi_set_mode
                0x002016ac       0x40 /home/pprintz/nxtOSEK/ecrobot/../ecrobot/libecrobot.a(nxt_spi.oram)
 .text.spi_isr_C
                0x002016ec       0x8c /home/pprintz/nxtOSEK/ecrobot/../ecrobot/libecrobot.a(nxt_spi.oram)
                0x002016ec                spi_isr_C
 .text.nxt_spi_init
                0x00201778      0x12c /home/pprintz/nxtOSEK/ecrobot/../ecrobot/libecrobot.a(nxt_spi.oram)
                0x00201778                nxt_spi_init
 .text.nxt_spi_write
                0x002018a4       0x44 /home/pprintz/nxtOSEK/ecrobot/../ecrobot/libecrobot.a(nxt_spi.oram)
                0x002018a4                nxt_spi_write
 .text.nxt_spi_set_display
                0x002018e8       0x10 /home/pprintz/nxtOSEK/ecrobot/../ecrobot/libecrobot.a(nxt_spi.oram)
                0x002018e8                nxt_spi_set_display
 .text.nxt_spi_refresh
                0x002018f8       0x24 /home/pprintz/nxtOSEK/ecrobot/../ecrobot/libecrobot.a(nxt_spi.oram)
                0x002018f8                nxt_spi_refresh
 .text.nxt_motor_set_count
                0x0020191c       0x10 /home/pprintz/nxtOSEK/ecrobot/../ecrobot/libecrobot.a(nxt_motors.oram)
                0x0020191c                nxt_motor_set_count
 .text.nxt_motor_1kHz_process
                0x0020192c       0x28 /home/pprintz/nxtOSEK/ecrobot/../ecrobot/libecrobot.a(nxt_motors.oram)
                0x0020192c                nxt_motor_1kHz_process
 .text.nxt_motor_quad_decode
                0x00201954       0x30 /home/pprintz/nxtOSEK/ecrobot/../ecrobot/libecrobot.a(nxt_motors.oram)
                0x00201954                nxt_motor_quad_decode
 .text.nxt_motor_isr_C
                0x00201984       0x88 /home/pprintz/nxtOSEK/ecrobot/../ecrobot/libecrobot.a(nxt_motors.oram)
                0x00201984                nxt_motor_isr_C
 .text.nxt_motor_init
                0x00201a0c       0x68 /home/pprintz/nxtOSEK/ecrobot/../ecrobot/libecrobot.a(nxt_motors.oram)
                0x00201a0c                nxt_motor_init
 .text.data_abort_C
                0x00201a74       0x7c /home/pprintz/nxtOSEK/ecrobot/../ecrobot/libecrobot.a(data_abort.oram)
                0x00201a74                data_abort_C
 .text.display_update
                0x00201af0       0x14 /home/pprintz/nxtOSEK/ecrobot/../ecrobot/libecrobot.a(display.oram)
                0x00201af0                display_update
 .text.display_force_update
                0x00201b04        0xc /home/pprintz/nxtOSEK/ecrobot/../ecrobot/libecrobot.a(display.oram)
                0x00201b04                display_force_update
 .text.display_clear
                0x00201b10       0x24 /home/pprintz/nxtOSEK/ecrobot/../ecrobot/libecrobot.a(display.oram)
                0x00201b10                display_clear
 .text.display_goto_xy
                0x00201b34       0x14 /home/pprintz/nxtOSEK/ecrobot/../ecrobot/libecrobot.a(display.oram)
                0x00201b34                display_goto_xy
 .text.display_char
                0x00201b48       0x60 /home/pprintz/nxtOSEK/ecrobot/../ecrobot/libecrobot.a(display.oram)
                0x00201b48                display_char
 .text.display_string
                0x00201ba8       0x3c /home/pprintz/nxtOSEK/ecrobot/../ecrobot/libecrobot.a(display.oram)
                0x00201ba8                display_string
 .text.display_hex
                0x00201be4       0x50 /home/pprintz/nxtOSEK/ecrobot/../ecrobot/libecrobot.a(display.oram)
                0x00201be4                display_hex
 .text.display_unsigned_worker
                0x00201c34       0x70 /home/pprintz/nxtOSEK/ecrobot/../ecrobot/libecrobot.a(display.oram)
 .text.display_unsigned
                0x00201ca4        0xc /home/pprintz/nxtOSEK/ecrobot/../ecrobot/libecrobot.a(display.oram)
                0x00201ca4                display_unsigned
 .text.display_int
                0x00201cb0       0x14 /home/pprintz/nxtOSEK/ecrobot/../ecrobot/libecrobot.a(display.oram)
                0x00201cb0                display_int
 .text.display_bitmap_copy
                0x00201cc4       0x5c /home/pprintz/nxtOSEK/ecrobot/../ecrobot/libecrobot.a(display.oram)
                0x00201cc4                display_bitmap_copy
 .text.display_init
                0x00201d20       0x50 /home/pprintz/nxtOSEK/ecrobot/../ecrobot/libecrobot.a(display.oram)
                0x00201d20                display_init
 .text.i2c_timer_isr_C
                0x00201d70      0x314 /home/pprintz/nxtOSEK/ecrobot/../ecrobot/libecrobot.a(i2c.oram)
                0x00201d70                i2c_timer_isr_C
 .text.i2c_disable
                0x00202084       0x20 /home/pprintz/nxtOSEK/ecrobot/../ecrobot/libecrobot.a(i2c.oram)
                0x00202084                i2c_disable
 .text.i2c_init
                0x002020a4       0xa4 /home/pprintz/nxtOSEK/ecrobot/../ecrobot/libecrobot.a(i2c.oram)
                0x002020a4                i2c_init
 .text.sound_fill_sample_buffer
                0x00202148       0xe4 /home/pprintz/nxtOSEK/ecrobot/../ecrobot/libecrobot.a(sound.oram)
                0x00202148                sound_fill_sample_buffer
 .text.sound_init
                0x0020222c       0xa0 /home/pprintz/nxtOSEK/ecrobot/../ecrobot/libecrobot.a(sound.oram)
                0x0020222c                sound_init
 .text.sound_isr_C
                0x002022cc      0x144 /home/pprintz/nxtOSEK/ecrobot/../ecrobot/libecrobot.a(sound.oram)
                0x002022cc                sound_isr_C
 .text.bt_init  0x00202410      0x1c0 /home/pprintz/nxtOSEK/ecrobot/../ecrobot/libecrobot.a(bt.oram)
                0x00202410                bt_init
 .text.nxt_avr_power_down
                0x002025d0       0x10 /home/pprintz/nxtOSEK/ecrobot/../ecrobot/libecrobot.a(nxt_avr.oram)
                0x002025d0                nxt_avr_power_down
 .text.nxt_avr_link_init
                0x002025e0       0x20 /home/pprintz/nxtOSEK/ecrobot/../ecrobot/libecrobot.a(nxt_avr.oram)
                0x002025e0                nxt_avr_link_init
 .text.nxt_avr_init
                0x00202600       0x6c /home/pprintz/nxtOSEK/ecrobot/../ecrobot/libecrobot.a(nxt_avr.oram)
                0x00202600                nxt_avr_init
 .text.nxt_avr_1kHz_update
                0x0020266c      0x1cc /home/pprintz/nxtOSEK/ecrobot/../ecrobot/libecrobot.a(nxt_avr.oram)
                0x0020266c                nxt_avr_1kHz_update
 .text.buttons_get
                0x00202838        0xc /home/pprintz/nxtOSEK/ecrobot/../ecrobot/libecrobot.a(nxt_avr.oram)
                0x00202838                buttons_get
 .text.battery_voltage
                0x00202844       0x28 /home/pprintz/nxtOSEK/ecrobot/../ecrobot/libecrobot.a(nxt_avr.oram)
                0x00202844                battery_voltage
 .text.nxt_avr_set_input_power
                0x0020286c       0x3c /home/pprintz/nxtOSEK/ecrobot/../ecrobot/libecrobot.a(nxt_avr.oram)
                0x0020286c                nxt_avr_set_input_power
 .text.unset_digi0
                0x002028a8       0x44 /home/pprintz/nxtOSEK/ecrobot/../ecrobot/libecrobot.a(sensors.oram)
                0x002028a8                unset_digi0
 .text.unset_digi1
                0x002028ec       0x44 /home/pprintz/nxtOSEK/ecrobot/../ecrobot/libecrobot.a(sensors.oram)
                0x002028ec                unset_digi1
 .text.init_sensors
                0x00202930       0x4c /home/pprintz/nxtOSEK/ecrobot/../ecrobot/libecrobot.a(sensors.oram)
                0x00202930                init_sensors
 .text.sp_set_mode
                0x0020297c       0x88 /home/pprintz/nxtOSEK/ecrobot/../ecrobot/libecrobot.a(sensors1.oram)
                0x0020297c                sp_set_mode
 .text.sp_set   0x00202a04       0x24 /home/pprintz/nxtOSEK/ecrobot/../ecrobot/libecrobot.a(sensors1.oram)
                0x00202a04                sp_set
 .text.sp_get   0x00202a28       0x20 /home/pprintz/nxtOSEK/ecrobot/../ecrobot/libecrobot.a(sensors1.oram)
                0x00202a28                sp_get
 .text.sp_set_power
                0x00202a48        0xc /home/pprintz/nxtOSEK/ecrobot/../ecrobot/libecrobot.a(sensors1.oram)
                0x00202a48                sp_set_power
 .text.sp_reset
                0x00202a54       0x54 /home/pprintz/nxtOSEK/ecrobot/../ecrobot/libecrobot.a(sensors1.oram)
                0x00202a54                sp_reset
 .text.nxt_lcd_command
                0x00202aa8       0x18 /home/pprintz/nxtOSEK/ecrobot/../ecrobot/libecrobot.a(nxt_lcd.oram)
                0x00202aa8                nxt_lcd_command
 .text.nxt_lcd_set_col
                0x00202ac0       0x24 /home/pprintz/nxtOSEK/ecrobot/../ecrobot/libecrobot.a(nxt_lcd.oram)
                0x00202ac0                nxt_lcd_set_col
 .text.nxt_lcd_set_multiplex_rate
                0x00202ae4       0x18 /home/pprintz/nxtOSEK/ecrobot/../ecrobot/libecrobot.a(nxt_lcd.oram)
                0x00202ae4                nxt_lcd_set_multiplex_rate
 .text.nxt_lcd_set_page_address
                0x00202afc       0x18 /home/pprintz/nxtOSEK/ecrobot/../ecrobot/libecrobot.a(nxt_lcd.oram)
                0x00202afc                nxt_lcd_set_page_address
 .text.nxt_lcd_set_pot
                0x00202b14       0x1c /home/pprintz/nxtOSEK/ecrobot/../ecrobot/libecrobot.a(nxt_lcd.oram)
                0x00202b14                nxt_lcd_set_pot
 .text.nxt_lcd_set_ram_address_control
                0x00202b30       0x18 /home/pprintz/nxtOSEK/ecrobot/../ecrobot/libecrobot.a(nxt_lcd.oram)
                0x00202b30                nxt_lcd_set_ram_address_control
 .text.nxt_lcd_enable
                0x00202b48       0x14 /home/pprintz/nxtOSEK/ecrobot/../ecrobot/libecrobot.a(nxt_lcd.oram)
                0x00202b48                nxt_lcd_enable
 .text.nxt_lcd_set_map_control
                0x00202b5c       0x18 /home/pprintz/nxtOSEK/ecrobot/../ecrobot/libecrobot.a(nxt_lcd.oram)
                0x00202b5c                nxt_lcd_set_map_control
 .text.nxt_lcd_reset
                0x00202b74        0xc /home/pprintz/nxtOSEK/ecrobot/../ecrobot/libecrobot.a(nxt_lcd.oram)
                0x00202b74                nxt_lcd_reset
 .text.nxt_lcd_set_bias_ratio
                0x00202b80       0x18 /home/pprintz/nxtOSEK/ecrobot/../ecrobot/libecrobot.a(nxt_lcd.oram)
                0x00202b80                nxt_lcd_set_bias_ratio
 .text.nxt_lcd_force_update
                0x00202b98       0x30 /home/pprintz/nxtOSEK/ecrobot/../ecrobot/libecrobot.a(nxt_lcd.oram)
                0x00202b98                nxt_lcd_force_update
 .text.nxt_lcd_update
                0x00202bc8        0xc /home/pprintz/nxtOSEK/ecrobot/../ecrobot/libecrobot.a(nxt_lcd.oram)
                0x00202bc8                nxt_lcd_update
 .text.nxt_lcd_power_up
                0x00202bd4       0x48 /home/pprintz/nxtOSEK/ecrobot/../ecrobot/libecrobot.a(nxt_lcd.oram)
                0x00202bd4                nxt_lcd_power_up
 .text.nxt_lcd_power_down
                0x00202c1c        0xc /home/pprintz/nxtOSEK/ecrobot/../ecrobot/libecrobot.a(nxt_lcd.oram)
                0x00202c1c                nxt_lcd_power_down
 .text.nxt_lcd_init
                0x00202c28       0x18 /home/pprintz/nxtOSEK/ecrobot/../ecrobot/libecrobot.a(nxt_lcd.oram)
                0x00202c28                nxt_lcd_init
 .text.verify_flash_page
                0x00202c40       0x34 /home/pprintz/nxtOSEK/ecrobot/../ecrobot/libecrobot.a(flash_loader.oram)
 .text.set_flash_request
                0x00202c74       0x38 /home/pprintz/nxtOSEK/ecrobot/../ecrobot/libecrobot.a(flash_loader.oram)
                0x00202c74                set_flash_request
 .text.nxt_device_init
                0x00202cac       0x38 /home/pprintz/nxtOSEK/ecrobot/../ecrobot/libecrobot.a(flash_loader.oram)
                0x00202cac                nxt_device_init
 .text          0x00202ce4       0x68 /home/pprintz/nxtOSEK/ecrobot/../ecrobot/libecrobot.a(interrupts.oram)
                0x00202ce4                interrupts_get_and_disable
                0x00202d08                interrupts_enable
                0x00202d18                fiq_get_and_disable
                0x00202d3c                fiq_enable
 .text.flash_write_page
                0x00202d4c       0xc0 /home/pprintz/nxtOSEK/ecrobot/../ecrobot/libecrobot.a(flashprog.oram)
                0x00202d4c                flash_write_page
                0x00202e10                . = ALIGN (0x10)
 *fill*         0x00202e0c        0x4 00
 *.oram(*.rodata *.rodata.*)
 .rodata.ld     0x00202e10        0x4 /home/pprintz/nxtOSEK/ecrobot/../ecrobot/libecrobot.a(udp.oram)
 .rodata.cfd    0x00202e14       0x20 /home/pprintz/nxtOSEK/ecrobot/../ecrobot/libecrobot.a(udp.oram)
 .rodata.dd     0x00202e34       0x12 /home/pprintz/nxtOSEK/ecrobot/../ecrobot/libecrobot.a(udp.oram)
 *fill*         0x00202e46        0x2 00
 .rodata.str1.4
                0x00202e48       0x22 /home/pprintz/nxtOSEK/ecrobot/../ecrobot/libecrobot.a(data_abort.oram)
                                 0x24 (size before relaxing)
 .rodata.font   0x00202e6a      0x280 /home/pprintz/nxtOSEK/ecrobot/../ecrobot/libecrobot.a(display.oram)
 *fill*         0x002030ea        0x2 00
 .rodata.str1.4
                0x002030ec       0x76 /home/pprintz/nxtOSEK/ecrobot/../ecrobot/libecrobot.a(display.oram)
                                 0x78 (size before relaxing)
 *fill*         0x00203162        0x2 00
 .rodata.i2c_pin
                0x00203164       0x20 /home/pprintz/nxtOSEK/ecrobot/../ecrobot/libecrobot.a(i2c.oram)
 .rodata.i2c_timer_isr_C
                0x00203184       0x38 /home/pprintz/nxtOSEK/ecrobot/../ecrobot/libecrobot.a(i2c.oram)
 .rodata.silence
                0x002031bc       0x40 /home/pprintz/nxtOSEK/ecrobot/../ecrobot/libecrobot.a(sound.oram)
                0x002031bc                silence
 .rodata.sample_pattern
                0x002031fc       0x84 /home/pprintz/nxtOSEK/ecrobot/../ecrobot/libecrobot.a(sound.oram)
                0x002031fc                sample_pattern
 .rodata        0x00203280        0xc /home/pprintz/nxtOSEK/ecrobot/../ecrobot/libecrobot.a(sound.oram)
 .rodata.avr_brainwash_string
                0x0020328c       0x30 /home/pprintz/nxtOSEK/ecrobot/../ecrobot/libecrobot.a(nxt_avr.oram)
                0x0020328c                avr_brainwash_string
 .rodata.nxt_avr_1kHz_update
                0x002032bc       0x14 /home/pprintz/nxtOSEK/ecrobot/../ecrobot/libecrobot.a(nxt_avr.oram)
 .rodata.C.33.1823
                0x002032d0       0x10 /home/pprintz/nxtOSEK/ecrobot/../ecrobot/libecrobot.a(sensors.oram)
 .rodata.C.37.1857
                0x002032e0       0x10 /home/pprintz/nxtOSEK/ecrobot/../ecrobot/libecrobot.a(sensors.oram)
 .rodata.sensor_pins
                0x002032f0       0x40 /home/pprintz/nxtOSEK/ecrobot/../ecrobot/libecrobot.a(sensors1.oram)
                0x002032f0                sensor_pins
 .rodata.str1.4
                0x00203330       0x24 /home/pprintz/nxtOSEK/ecrobot/../ecrobot/libecrobot.a(flash_loader.oram)
 *fill*         0x00203354        0x4 00
 .rodata.str1.4.stub
                0x00203358       0x10 linker stubs
                0x00203370                . = ALIGN (0x10)
 *fill*         0x00203368        0x8 00
                0x00200300                __ramtext_ram_start__ = ADDR (.ram_text)
                0x00203370                __ramtext_ram_end__ = (ADDR (.ram_text) + SIZEOF (.ram_text))
                0x00200300                __ramtext_load_start__ = LOADADDR (.ram_text)
                0x00203370                __ramtext_load_end__ = (__ramtext_load_start__ + SIZEOF (.ram_text))

.wav_data       0x00203370        0x0
 *.owav(*.data *.data.*)
                0x00203370                . = ALIGN (0x10)

.bmp_data       0x00203370      0x440
 *.obmp(*.data *.data.*)
 .data          0x00203370      0x43e /home/pprintz/nxtOSEK/ecrobot/../ecrobot/libecrobot.a(nxtosek_splash.obmp)
                0x00203370                nxtosek_splash_bmp_start
                0x002037ae                nxtosek_splash_bmp_end
                0x002037b0                . = ALIGN (0x10)
 *fill*         0x002037ae        0x2 00

.spr_data       0x002037b0        0x0
 *.ospr(*.data *.data.*)
                0x002037b0                . = ALIGN (0x10)

.data           0x002037b0       0x60
 *(*.data *.data.*)
 .data.deviceStatus
                0x002037b0        0x1 /home/pprintz/nxtOSEK/ecrobot/../ecrobot/libecrobot.a(ecrobot_interface.o)
 .data.named    0x002037b1       0x22 /home/pprintz/nxtOSEK/ecrobot/../ecrobot/libecrobot.a(udp.oram)
 .data.snd      0x002037d3       0x1a /home/pprintz/nxtOSEK/ecrobot/../ecrobot/libecrobot.a(udp.oram)
 *fill*         0x002037ed        0x3 00
 .data.configured
                0x002037f0        0x4 /home/pprintz/nxtOSEK/ecrobot/../ecrobot/libecrobot.a(udp.oram)
 .data.mode     0x002037f4        0x1 /home/pprintz/nxtOSEK/ecrobot/../ecrobot/libecrobot.a(nxt_spi.oram)
                0x002037f4                mode
 *fill*         0x002037f5        0x3 00
 .bss.data      0x002037f8        0x4 /home/pprintz/nxtOSEK/ecrobot/../ecrobot/libecrobot.a(nxt_spi.oram)
                0x002037f8                data
 .data.display_auto_update
                0x002037fc        0x4 /home/pprintz/nxtOSEK/ecrobot/../ecrobot/libecrobot.a(display.oram)
                0x002037fc                display_auto_update
 .data.display_buffer
                0x00203800        0x4 /home/pprintz/nxtOSEK/ecrobot/../ecrobot/libecrobot.a(display.oram)
                0x00203810                . = ALIGN (0x10)
 *fill*         0x00203804        0xc 00
                0x002037b0                __data_ram_start__ = ADDR (.data)
                0x00203810                __data_ram_end__ = (ADDR (.data) + SIZEOF (.data))
                0x002037b0                __data_load_start__ = LOADADDR (.data)
                0x00203810                __data_load_end__ = (__data_load_start__ + SIZEOF (.data))

.text           0x00203810      0xeb0
                0x00203810                . = ALIGN (0x10)
 *(*.text *.text.* *.glue*)
 .glue_7        0x00203810       0x18 linker stubs
                0x00203810                __call_posttaskhook_from_arm
                0x0020381c                __call_pretaskhook_from_arm
 .glue_7t       0x00000000        0x0 linker stubs
 .text.StartOS  0x00203828       0x58 build/kernel/osctl.o
                0x00203828                StartOS
 .text.call_pretaskhook
                0x00203880       0x24 build/kernel/osctl.o
                0x00203880                call_pretaskhook
 .text.call_posttaskhook
                0x002038a4       0x24 build/kernel/osctl.o
                0x002038a4                call_posttaskhook
 .text.make_runnable
                0x002038c8       0xa4 build/kernel/task.o
                0x002038c8                make_runnable
 .text.make_active
                0x0020396c       0x78 build/kernel/task.o
                0x0020396c                make_active
 .text.task_initialize
                0x002039e4       0x88 build/kernel/task.o
                0x002039e4                task_initialize
 .text.cpu_initialize
                0x00203a6c        0x4 build/config/at91sam7s-gnu/cpu_config.o
                0x00203a6c                cpu_initialize
 .text.sys_initialize
                0x00203a70        0x4 build/config/at91sam7s-gnu/lego_nxt/sys_config.o
                0x00203a70                sys_initialize
 .text.object_initialize
                0x00203a74        0xc build/./kernel_cfg.o
                0x00203a74                object_initialize
 .text.init_OS_flag
                0x00203a80        0xc build/ecrobot_base.o
                0x00203a80                init_OS_flag
 .text.set_OS_flag
                0x00203a8c        0xc build/ecrobot_base.o
                0x00203a8c                set_OS_flag
 .text.get_OS_flag
                0x00203a98        0xc build/ecrobot_base.o
                0x00203a98                get_OS_flag
 .text.cpp_constructor
                0x00203aa4       0x28 build/ecrobot_base.o
                0x00203aa4                cpp_constructor
 .text.cpp_destructor
                0x00203acc       0x28 build/ecrobot_base.o
                0x00203acc                cpp_destructor
 .text.execution_mode
                0x00203af4       0x14 build/ecrobot_base.o
                0x00203af4                execution_mode
 .text.shutdown_NXT
                0x00203b08       0x2c build/ecrobot_base.o
                0x00203b08                shutdown_NXT
 .text.restart_NXT
                0x00203b34       0x2c build/ecrobot_base.o
                0x00203b34                restart_NXT
 .text.check_NXT_buttons
                0x00203b60       0x38 build/ecrobot_base.o
                0x00203b60                check_NXT_buttons
 .text.add_status_info
                0x00203b98       0x68 build/ecrobot_base.o
                0x00203b98                add_status_info
 .text.show_main_screen
                0x00203c00       0x48 build/ecrobot_base.o
                0x00203c00                show_main_screen
 .text.display_status_bar
                0x00203c48       0x5c build/ecrobot_base.o
                0x00203c48                display_status_bar
 .text.show_splash_screen
                0x00203ca4       0x98 build/ecrobot_base.o
                0x00203ca4                show_splash_screen
 .text.main     0x00203d3c      0x108 build/ecrobot.o
                0x00203d3c                main
 .text.user_1ms_isr_type2
                0x00203e44        0x4 build/src/main.o
                0x00203e44                user_1ms_isr_type2
 .text.TaskMainFeedingTask
                0x00203e48        0x4 build/src/main.o
                0x00203e48                TaskMainFeedingTask
 .text.TaskMainCalibrateTask
                0x00203e4c        0x4 build/src/main.o
                0x00203e4c                TaskMainCalibrateTask
 .text.TaskMainScanPlantTask
                0x00203e50        0x4 build/src/main.o
                0x00203e50                TaskMainScanPlantTask
 .text.TaskMainMotorTask
                0x00203e54        0x4 build/src/main.o
                0x00203e54                TaskMainMotorTask
 .text.TaskMainTurnTask
                0x00203e58        0x4 build/src/main.o
                0x00203e58                TaskMainTurnTask
 .text.printf   0x00203e5c       0x30 build/src/main.o
                0x00203e5c                printf
 .text.TaskMainScanPathTask
                0x00203e8c       0x1c build/src/main.o
                0x00203e8c                TaskMainScanPathTask
 .text.ecrobot_device_terminate
                0x00203ea8        0xc build/src/main.o
                0x00203ea8                ecrobot_device_terminate
 .text.ecrobot_device_initialize
                0x00203eb4       0x10 build/src/main.o
                0x00203eb4                ecrobot_device_initialize
 .text.ecrobot_set_nxtcolorsensor
                0x00203ec4       0x44 /home/pprintz/nxtOSEK/ecrobot/../ecrobot/libecrobot.a(ecrobot_interface.o)
                0x00203ec4                ecrobot_set_nxtcolorsensor
 .text.ecrobot_init_nxtcolorsensor
                0x00203f08       0x30 /home/pprintz/nxtOSEK/ecrobot/../ecrobot/libecrobot.a(ecrobot_interface.o)
                0x00203f08                ecrobot_init_nxtcolorsensor
 .text.ecrobot_term_nxtcolorsensor
                0x00203f38       0x10 /home/pprintz/nxtOSEK/ecrobot/../ecrobot/libecrobot.a(ecrobot_interface.o)
                0x00203f38                ecrobot_term_nxtcolorsensor
 .text.ecrobot_get_battery_voltage
                0x00203f48        0xc /home/pprintz/nxtOSEK/ecrobot/../ecrobot/libecrobot.a(ecrobot_interface.o)
                0x00203f48                ecrobot_get_battery_voltage
 .text.ecrobot_get_button_state
                0x00203f54        0xc /home/pprintz/nxtOSEK/ecrobot/../ecrobot/libecrobot.a(ecrobot_interface.o)
                0x00203f54                ecrobot_get_button_state
 .text.ecrobot_init_nxtstate
                0x00203f60       0x28 /home/pprintz/nxtOSEK/ecrobot/../ecrobot/libecrobot.a(ecrobot_interface.o)
                0x00203f60                ecrobot_init_nxtstate
 .text.ecrobot_poll_nxtstate
                0x00203f88       0x64 /home/pprintz/nxtOSEK/ecrobot/../ecrobot/libecrobot.a(ecrobot_interface.o)
                0x00203f88                ecrobot_poll_nxtstate
 .text.ecrobot_setDeviceInitialized
                0x00203fec       0x18 /home/pprintz/nxtOSEK/ecrobot/../ecrobot/libecrobot.a(ecrobot_interface.o)
                0x00203fec                ecrobot_setDeviceInitialized
 .text.ecrobot_initDeviceStatus
                0x00204004        0xc /home/pprintz/nxtOSEK/ecrobot/../ecrobot/libecrobot.a(ecrobot_interface.o)
                0x00204004                ecrobot_initDeviceStatus
 .text.ecrobot_bmp2lcd
                0x00204010      0x1c8 /home/pprintz/nxtOSEK/ecrobot/../ecrobot/libecrobot.a(ecrobot_interface.o)
                0x00204010                ecrobot_bmp2lcd
 .text.colorsensor_recv
                0x002041d8       0x68 /home/pprintz/nxtOSEK/ecrobot/../ecrobot/libecrobot.a(colorsensor.o)
 .text.colorsensor_init
                0x00204240      0x108 /home/pprintz/nxtOSEK/ecrobot/../ecrobot/libecrobot.a(colorsensor.o)
                0x00204240                colorsensor_init
 .text.colorsensor_term
                0x00204348       0x6c /home/pprintz/nxtOSEK/ecrobot/../ecrobot/libecrobot.a(colorsensor.o)
                0x00204348                colorsensor_term
 .text.StartupHook
                0x002043b4        0x4 /home/pprintz/nxtOSEK/ecrobot/../ecrobot/libecrobot.a(osek_hook.o)
                0x002043b4                StartupHook
 .text.PreTaskHook
                0x002043b8        0x4 /home/pprintz/nxtOSEK/ecrobot/../ecrobot/libecrobot.a(osek_hook.o)
                0x002043b8                PreTaskHook
 .text.PostTaskHook
                0x002043bc        0x4 /home/pprintz/nxtOSEK/ecrobot/../ecrobot/libecrobot.a(osek_hook.o)
                0x002043bc                PostTaskHook
 .text          0x002043c0       0x8c /home/pprintz/Downloads/gnuarm/lib/gcc/arm-elf/4.4.2/thumb/interwork/libgcc.a(_udivsi3.o)
                0x002043c0                __udivsi3
                0x002043c0                __aeabi_uidiv
                0x0020443c                __aeabi_uidivmod
 .text          0x0020444c       0xc8 /home/pprintz/Downloads/gnuarm/lib/gcc/arm-elf/4.4.2/thumb/interwork/libgcc.a(_umodsi3.o)
                0x0020444c                __umodsi3
 .text          0x00204514        0x4 /home/pprintz/Downloads/gnuarm/lib/gcc/arm-elf/4.4.2/thumb/interwork/libgcc.a(_dvmd_tls.o)
                0x00204514                __aeabi_ldiv0
                0x00204514                __div0
                0x00204514                __aeabi_idiv0
 .text          0x00204518       0x94 /home/pprintz/Downloads/gnuarm/lib/gcc/arm-elf/4.4.2/../../../../arm-elf/lib/thumb/interwork/libc.a(lib_a-memset.o)
                0x00204518                memset
 .text          0x002045ac       0x10 /home/pprintz/Downloads/gnuarm/lib/gcc/arm-elf/4.4.2/../../../../arm-elf/lib/thumb/interwork/libc.a(lib_a-strcpy.o)
                0x002045ac                strcpy
 .text          0x002045bc       0x10 /home/pprintz/Downloads/gnuarm/lib/gcc/arm-elf/4.4.2/../../../../arm-elf/lib/thumb/interwork/libc.a(lib_a-strlen.o)
                0x002045bc                strlen
                0x002045d0                . = ALIGN (0x10)
 *fill*         0x002045cc        0x4 00
 *(*.rodata *.rodata.*)
 .rodata.tnum_task
                0x002045d0        0x1 build/./kernel_cfg.o
                0x002045d0                tnum_task
 *fill*         0x002045d1        0x3 00
 .rodata.tinib_stksz
                0x002045d4        0xc build/./kernel_cfg.o
                0x002045d4                tinib_stksz
 .rodata.tinib_inipri
                0x002045e0        0x8 build/./kernel_cfg.o
                0x002045e0                tinib_inipri
 .rodata.tinib_stk
                0x002045e8       0x18 build/./kernel_cfg.o
                0x002045e8                tinib_stk
 .rodata.tnum_exttask
                0x00204600        0x1 build/./kernel_cfg.o
                0x00204600                tnum_exttask
 *fill*         0x00204601        0x3 00
 .rodata.tinib_exepri
                0x00204604        0x8 build/./kernel_cfg.o
                0x00204604                tinib_exepri
 .rodata.tinib_autoact
                0x0020460c        0x8 build/./kernel_cfg.o
                0x0020460c                tinib_autoact
 .rodata.tinib_task
                0x00204614       0x18 build/./kernel_cfg.o
                0x00204614                tinib_task
 .rodata.str1.1
                0x0020462c       0x6c build/ecrobot_base.o
 .rodata.exec_addr
                0x00204698        0x4 build/ecrobot_base.o
                0x00204698                exec_addr
 .rodata.str1.1
                0x0020469c        0x4 build/src/main.o
 .rodata.str1.1.stub
                0x002046a0       0x20 linker stubs
                0x002046c0                . = ALIGN (0x10)
 *(*.gnu.linkonce.* .gcc_except_table)
                0x002046c0                . = ALIGN (0x10)

.vfp11_veneer   0x00203810        0x0
 .vfp11_veneer  0x00000000        0x0 linker stubs

.v4_bx          0x00203810        0x0
 .v4_bx         0x00000000        0x0 linker stubs

.tors           0x002046c0        0x0
                0x002046c0                . = ALIGN (0x10)
                0x002046c0                __ctor_begin = .
 *(*.ctors*)
                0x002046c0                __ctor_end = .
                0x002046c0                . = ALIGN (0x10)
                0x002046c0                __dtor_begin = .
 *(*.dtors*)
                0x002046c0                __dtor_end = .
                0x002046c0                . = ALIGN (0x10)

.bss            0x002046c0     0x1aa8
 *(*.bss *.bss.*)
 .bss.ready_queue_first
                0x002046c0       0x10 build/kernel/task.o
 .bss.ready_primap
                0x002046d0        0x2 build/kernel/task.o
 *fill*         0x002046d2        0x2 00
 .bss.ready_queue_last
                0x002046d4       0x10 build/kernel/task.o
 .bss._stack_ScanPathTask
                0x002046e4      0x200 build/./kernel_cfg.o
 .bss._stack_FeedingTask
                0x002048e4      0x200 build/./kernel_cfg.o
 .bss._stack_MotorTask
                0x00204ae4      0x200 build/./kernel_cfg.o
 .bss._stack_ScanPlantTask
                0x00204ce4      0x200 build/./kernel_cfg.o
 .bss._stack_CalibrateTask
                0x00204ee4      0x200 build/./kernel_cfg.o
 .bss._stack_TurnTask
                0x002050e4      0x200 build/./kernel_cfg.o
 .bss.last_act_time.2836
                0x002052e4        0x4 build/ecrobot_base.o
 .bss.status_bar_position
                0x002052e8        0x4 build/ecrobot_base.o
 .bss.lcd.2758  0x002052ec      0x320 build/ecrobot_base.o
 .bss.status_bar
                0x0020560c       0x10 build/ecrobot_base.o
 .bss.OS_flag   0x0020561c        0x4 build/ecrobot_base.o
 .bss.buttons_i
                0x00205620        0x4 /home/pprintz/nxtOSEK/ecrobot/../ecrobot/libecrobot.a(ecrobot_interface.o)
 .bss.buttons_states
                0x00205624       0x14 /home/pprintz/nxtOSEK/ecrobot/../ecrobot/libecrobot.a(ecrobot_interface.o)
 .bss.ecrobot_inputs
                0x00205638        0x8 /home/pprintz/nxtOSEK/ecrobot/../ecrobot/libecrobot.a(ecrobot_interface.o)
 .bss.sensor_data
                0x00205640       0x40 /home/pprintz/nxtOSEK/ecrobot/../ecrobot/libecrobot.a(ecrobot_interface.o)
 .bss.systick_ms
                0x00205680        0x4 /home/pprintz/nxtOSEK/ecrobot/../ecrobot/libecrobot.a(systick.oram)
 .bss.delayedEnable
                0x00205684        0x1 /home/pprintz/nxtOSEK/ecrobot/../ecrobot/libecrobot.a(udp.oram)
 *fill*         0x00205685        0x3 00
 .bss.outCnt    0x00205688        0x4 /home/pprintz/nxtOSEK/ecrobot/../ecrobot/libecrobot.a(udp.oram)
 .bss.outPtr    0x0020568c        0x4 /home/pprintz/nxtOSEK/ecrobot/../ecrobot/libecrobot.a(udp.oram)
 .bss.newAddress
                0x00205690        0x4 /home/pprintz/nxtOSEK/ecrobot/../ecrobot/libecrobot.a(udp.oram)
 .bss.currentRxBank
                0x00205694        0x4 /home/pprintz/nxtOSEK/ecrobot/../ecrobot/libecrobot.a(udp.oram)
 .bss.currentFeatures
                0x00205698        0x4 /home/pprintz/nxtOSEK/ecrobot/../ecrobot/libecrobot.a(udp.oram)
 .bss.currentConfig
                0x0020569c        0x1 /home/pprintz/nxtOSEK/ecrobot/../ecrobot/libecrobot.a(udp.oram)
 *fill*         0x0020569d        0x3 00
 .bss.twi_mask  0x002056a0        0x4 /home/pprintz/nxtOSEK/ecrobot/../ecrobot/libecrobot.a(twi.oram)
 .bss.twi_ptr   0x002056a4        0x4 /home/pprintz/nxtOSEK/ecrobot/../ecrobot/libecrobot.a(twi.oram)
 .bss.twi_pending
                0x002056a8        0x4 /home/pprintz/nxtOSEK/ecrobot/../ecrobot/libecrobot.a(twi.oram)
 .bss.twi_state
                0x002056ac        0x4 /home/pprintz/nxtOSEK/ecrobot/../ecrobot/libecrobot.a(twi.oram)
 .bss.page      0x002056b0        0x1 /home/pprintz/nxtOSEK/ecrobot/../ecrobot/libecrobot.a(nxt_spi.oram)
                0x002056b0                page
 .bss.dirty     0x002056b1        0x1 /home/pprintz/nxtOSEK/ecrobot/../ecrobot/libecrobot.a(nxt_spi.oram)
                0x002056b1                dirty
 *fill*         0x002056b2        0x2 00
 .bss.display   0x002056b4        0x4 /home/pprintz/nxtOSEK/ecrobot/../ecrobot/libecrobot.a(nxt_spi.oram)
                0x002056b4                display
 .bss.interrupts_this_period
                0x002056b8        0x4 /home/pprintz/nxtOSEK/ecrobot/../ecrobot/libecrobot.a(nxt_motors.oram)
 .bss.nxt_motor_initialised
                0x002056bc        0x4 /home/pprintz/nxtOSEK/ecrobot/../ecrobot/libecrobot.a(nxt_motors.oram)
 .bss.motor     0x002056c0       0x30 /home/pprintz/nxtOSEK/ecrobot/../ecrobot/libecrobot.a(nxt_motors.oram)
 .bss.display_tick
                0x002056f0        0x4 /home/pprintz/nxtOSEK/ecrobot/../ecrobot/libecrobot.a(display.oram)
                0x002056f0                display_tick
 .bss.display_array
                0x002056f4      0x388 /home/pprintz/nxtOSEK/ecrobot/../ecrobot/libecrobot.a(display.oram)
 .bss.i2c_int_count
                0x00205a7c        0x4 /home/pprintz/nxtOSEK/ecrobot/../ecrobot/libecrobot.a(i2c.oram)
 .bss.i2c_port  0x00205a80      0x170 /home/pprintz/nxtOSEK/ecrobot/../ecrobot/libecrobot.a(i2c.oram)
 .bss.sound_mode
                0x00205bf0        0x1 /home/pprintz/nxtOSEK/ecrobot/../ecrobot/libecrobot.a(sound.oram)
                0x00205bf0                sound_mode
 *fill*         0x00205bf1        0x3 00
 .bss.in_buf_idx
                0x00205bf4        0x4 /home/pprintz/nxtOSEK/ecrobot/../ecrobot/libecrobot.a(bt.oram)
 .bss.buf_ptr   0x00205bf8        0x4 /home/pprintz/nxtOSEK/ecrobot/../ecrobot/libecrobot.a(bt.oram)
 .bss.out_buf_ptr
                0x00205bfc        0x1 /home/pprintz/nxtOSEK/ecrobot/../ecrobot/libecrobot.a(bt.oram)
 .bss.in_buf_in_ptr
                0x00205bfd        0x1 /home/pprintz/nxtOSEK/ecrobot/../ecrobot/libecrobot.a(bt.oram)
 .bss.in_buf    0x00205bfe      0x100 /home/pprintz/nxtOSEK/ecrobot/../ecrobot/libecrobot.a(bt.oram)
 *fill*         0x00205cfe        0x2 00
 .bss.link_state
                0x00205d00        0x4 /home/pprintz/nxtOSEK/ecrobot/../ecrobot/libecrobot.a(nxt_avr.oram)
 .bss.update_count
                0x00205d04        0x4 /home/pprintz/nxtOSEK/ecrobot/../ecrobot/libecrobot.a(nxt_avr.oram)
 .bss.nxt_avr_stats
                0x00205d08       0x14 /home/pprintz/nxtOSEK/ecrobot/../ecrobot/libecrobot.a(nxt_avr.oram)
 .bss.debounce_cnt
                0x00205d1c        0x2 /home/pprintz/nxtOSEK/ecrobot/../ecrobot/libecrobot.a(nxt_avr.oram)
 .bss.debounce_state
                0x00205d1e        0x2 /home/pprintz/nxtOSEK/ecrobot/../ecrobot/libecrobot.a(nxt_avr.oram)
 .bss.button_state
                0x00205d20        0x2 /home/pprintz/nxtOSEK/ecrobot/../ecrobot/libecrobot.a(nxt_avr.oram)
 .bss.prev_buttons
                0x00205d22        0x2 /home/pprintz/nxtOSEK/ecrobot/../ecrobot/libecrobot.a(nxt_avr.oram)
 .bss.from_buf  0x00205d24        0x4 /home/pprintz/nxtOSEK/ecrobot/../ecrobot/libecrobot.a(nxt_avr.oram)
 .bss.io_from_avr
                0x00205d28        0x4 /home/pprintz/nxtOSEK/ecrobot/../ecrobot/libecrobot.a(nxt_avr.oram)
 .bss.data_from_avr
                0x00205d2c       0x1a /home/pprintz/nxtOSEK/ecrobot/../ecrobot/libecrobot.a(nxt_avr.oram)
 .bss.data_to_avr
                0x00205d46        0x9 /home/pprintz/nxtOSEK/ecrobot/../ecrobot/libecrobot.a(nxt_avr.oram)
 .bss.io_to_avr
                0x00205d4f        0x8 /home/pprintz/nxtOSEK/ecrobot/../ecrobot/libecrobot.a(nxt_avr.oram)
 *fill*         0x00205d57        0x1 00
 .bss.display   0x00205d58        0x4 /home/pprintz/nxtOSEK/ecrobot/../ecrobot/libecrobot.a(nxt_lcd.oram)
                0x00205d60                . = ALIGN (0x10)
 *fill*         0x00205d5c        0x4 00
                0x00205d60                __bss_end__ = .
 COMMON         0x00205d60        0x2 build/kernel/interrupt.o
                0x00205d60                runisr
                0x00205d61                sus_all_cnt
 *fill*         0x00205d62        0x2 00
 COMMON         0x00205d64       0x10 build/kernel/osctl.o
                0x00205d64                callevel
                0x00205d65                _errorhook_svcid
                0x00205d66                appmode
                0x00205d68                _errorhook_par1
                0x00205d6c                _errorhook_par3
                0x00205d70                _errorhook_par2
 COMMON         0x00205d74        0x3 build/kernel/task.o
                0x00205d74                runtsk
                0x00205d75                schedtsk
                0x00205d76                nextpri
 *fill*         0x00205d77        0x1 00
 COMMON         0x00205d78       0x84 build/./kernel_cfg.o
                0x00205d78                tcb_waievt
                0x00205d7c                rescb_prevpri
                0x00205d80                almcb_prev
                0x00205d84                tcb_lastres
                0x00205d8c                almcb_almval
                0x00205d90                tcxb_pc
                0x00205da8                tcb_next
                0x00205db0                tcb_curpri
                0x00205db8                tcb_tstat
                0x00205dc0                isrcb_lastres
                0x00205dc4                cntcb_almque
                0x00205dc8                rescb_prevres
                0x00205dcc                tcb_actcnt
                0x00205dd4                tcb_curevt
                0x00205dd8                almcb_cycle
                0x00205ddc                tcxb_sp
                0x00205df4                almcb_next
                0x00205df8                cntcb_curval
 COMMON         0x00205dfc       0x44 /home/pprintz/nxtOSEK/ecrobot/../ecrobot/libecrobot.a(uart.oram)
                0x00205dfc                uart
 COMMON         0x00205e40        0x4 /home/pprintz/nxtOSEK/ecrobot/../ecrobot/libecrobot.a(data_abort.oram)
                0x00205e40                data_abort_pc
 COMMON         0x00205e44        0x8 /home/pprintz/nxtOSEK/ecrobot/../ecrobot/libecrobot.a(display.oram)
                0x00205e44                display_x
                0x00205e48                display_y
 COMMON         0x00205e4c      0x31c /home/pprintz/nxtOSEK/ecrobot/../ecrobot/libecrobot.a(sound.oram)
                0x00205e4c                sample
                0x002046c0                __bss_start__ = ADDR (.bss)
                0x00206168                __bss_end__ = (ADDR (.bss) + SIZEOF (.bss))
                0x00206168                PROVIDE (end, .)

.heap_area      0x00206168     0x9a10
                0x0020fb78                . = (. + (0x20fb78 - end))
 *fill*         0x00206168     0x9a10 00

.stack          0x0020fb78      0x488
                0x0020fbf8                . = (. + 0x80)
 *fill*         0x0020fb78       0x80 00
                0x0020fc00                . = ALIGN (0x10)
 *fill*         0x0020fbf8        0x8 00
                0x0020fc00                __irq_stack__ = .
                0x0020fc00                __system_stack_bottom__ = .
                0x00210000                . = (. + 0x400)
 *fill*         0x0020fc00      0x400 00
                0x00210000                . = ALIGN (0x10)
                0x00210000                __system_stack__ = .
                0x00210000                __system_stack_top__ = .
                0x0020fb78                __stack_start__ = ADDR (.stack)
                0x00210000                __stack_end__ = (ADDR (.stack) + SIZEOF (.stack))
OUTPUT(test_rxe.elf elf32-littlearm)

.comment        0x00000000      0x1af
 .comment       0x00000000       0x11 build/kernel/alarm.o
                                 0x12 (size before relaxing)
 .comment       0x00000000       0x12 build/kernel/event.o
 .comment       0x00000000       0x12 build/kernel/interrupt.o
 .comment       0x00000000       0x12 build/kernel/osctl.o
 .comment       0x00000000       0x12 build/kernel/resource.o
 .comment       0x00000000       0x12 build/kernel/task.o
 .comment       0x00000000       0x12 build/kernel/task_manage.o
 .comment       0x00000000       0x12 build/config/at91sam7s-gnu/cpu_config.o
 .comment       0x00000000       0x12 build/config/at91sam7s-gnu/lego_nxt/sys_config.o
 .comment       0x00000000       0x12 build/./kernel_cfg.o
 .comment       0x00000000       0x12 build/syscalls.o
 .comment       0x00000000       0x12 build/ecrobot_bluetooth.o
 .comment       0x00000000       0x12 build/ecrobot_base.o
 .comment       0x00000000       0x12 build/ecrobot.o
 .comment       0x00000000       0x12 build/src/main.o
 .comment       0x00000000       0x12 build/src/path.o
 .comment       0x00000000       0x12 build/syslib/at91sam7s-gnu/lego_nxt/hw_sys_timer.oram
 .comment       0x00000011       0x12 /home/pprintz/nxtOSEK/ecrobot/../ecrobot/libecrobot.a(ecrobot_interface.o)
 .comment       0x00000023       0x12 /home/pprintz/nxtOSEK/ecrobot/../ecrobot/libecrobot.a(colorsensor.o)
 .comment       0x00000035       0x12 /home/pprintz/nxtOSEK/ecrobot/../ecrobot/libecrobot.a(osek_hook.o)
 .comment       0x00000047       0x12 /home/pprintz/nxtOSEK/ecrobot/../ecrobot/libecrobot.a(uart.oram)
 .comment       0x00000059       0x12 /home/pprintz/nxtOSEK/ecrobot/../ecrobot/libecrobot.a(systick.oram)
 .comment       0x0000006b       0x12 /home/pprintz/nxtOSEK/ecrobot/../ecrobot/libecrobot.a(byte_fifo.oram)
 .comment       0x0000007d       0x12 /home/pprintz/nxtOSEK/ecrobot/../ecrobot/libecrobot.a(aic.oram)
 .comment       0x0000008f       0x12 /home/pprintz/nxtOSEK/ecrobot/../ecrobot/libecrobot.a(udp.oram)
 .comment       0x000000a1       0x12 /home/pprintz/nxtOSEK/ecrobot/../ecrobot/libecrobot.a(twi.oram)
 .comment       0x000000b3       0x12 /home/pprintz/nxtOSEK/ecrobot/../ecrobot/libecrobot.a(nxt_spi.oram)
 .comment       0x000000c5       0x12 /home/pprintz/nxtOSEK/ecrobot/../ecrobot/libecrobot.a(nxt_motors.oram)
 .comment       0x000000d7       0x12 /home/pprintz/nxtOSEK/ecrobot/../ecrobot/libecrobot.a(data_abort.oram)
 .comment       0x000000e9       0x12 /home/pprintz/nxtOSEK/ecrobot/../ecrobot/libecrobot.a(display.oram)
 .comment       0x000000fb       0x12 /home/pprintz/nxtOSEK/ecrobot/../ecrobot/libecrobot.a(i2c.oram)
 .comment       0x0000010d       0x12 /home/pprintz/nxtOSEK/ecrobot/../ecrobot/libecrobot.a(sound.oram)
 .comment       0x0000011f       0x12 /home/pprintz/nxtOSEK/ecrobot/../ecrobot/libecrobot.a(bt.oram)
 .comment       0x00000131       0x12 /home/pprintz/nxtOSEK/ecrobot/../ecrobot/libecrobot.a(nxt_avr.oram)
 .comment       0x00000143       0x12 /home/pprintz/nxtOSEK/ecrobot/../ecrobot/libecrobot.a(sensors.oram)
 .comment       0x00000155       0x12 /home/pprintz/nxtOSEK/ecrobot/../ecrobot/libecrobot.a(sensors1.oram)
 .comment       0x00000167       0x12 /home/pprintz/nxtOSEK/ecrobot/../ecrobot/libecrobot.a(nxt_lcd.oram)
 .comment       0x00000179       0x12 /home/pprintz/nxtOSEK/ecrobot/../ecrobot/libecrobot.a(flash_loader.oram)
 .comment       0x0000018b       0x12 /home/pprintz/nxtOSEK/ecrobot/../ecrobot/libecrobot.a(ecrobot_usb.o)
 .comment       0x0000019d       0x12 /home/pprintz/nxtOSEK/ecrobot/../ecrobot/libecrobot.a(flashprog.oram)
 .comment       0x00000000       0x12 /home/pprintz/Downloads/gnuarm/lib/gcc/arm-elf/4.4.2/thumb/interwork/libgcc.a(_muldi3.o)
 .comment       0x00000000       0x12 /home/pprintz/Downloads/gnuarm/lib/gcc/arm-elf/4.4.2/thumb/interwork/libgcc.a(_divdi3.o)
 .comment       0x00000000       0x12 /home/pprintz/Downloads/gnuarm/lib/gcc/arm-elf/4.4.2/../../../../arm-elf/lib/thumb/interwork/libc.a(lib_a-memcpy.o)
 .comment       0x00000000       0x12 /home/pprintz/Downloads/gnuarm/lib/gcc/arm-elf/4.4.2/../../../../arm-elf/lib/thumb/interwork/libc.a(lib_a-memset.o)
 .comment       0x00000000       0x12 /home/pprintz/Downloads/gnuarm/lib/gcc/arm-elf/4.4.2/../../../../arm-elf/lib/thumb/interwork/libc.a(lib_a-strcmp.o)
 .comment       0x00000000       0x12 /home/pprintz/Downloads/gnuarm/lib/gcc/arm-elf/4.4.2/../../../../arm-elf/lib/thumb/interwork/libc.a(lib_a-strcpy.o)
 .comment       0x00000000       0x12 /home/pprintz/Downloads/gnuarm/lib/gcc/arm-elf/4.4.2/../../../../arm-elf/lib/thumb/interwork/libc.a(lib_a-strlen.o)
 .comment       0x00000000       0x12 /home/pprintz/Downloads/gnuarm/lib/gcc/arm-elf/4.4.2/../../../../arm-elf/lib/thumb/interwork/libc.a(lib_a-strncpy.o)

.ARM.attributes
                0x00000000       0x10
 .ARM.attributes
                0x00000000       0x10 build/kernel/alarm.o
 .ARM.attributes
                0x00000010       0x10 build/kernel/event.o
 .ARM.attributes
                0x00000020       0x10 build/kernel/interrupt.o
 .ARM.attributes
                0x00000030       0x10 build/kernel/osctl.o
 .ARM.attributes
                0x00000040       0x10 build/kernel/resource.o
 .ARM.attributes
                0x00000050       0x10 build/kernel/task.o
 .ARM.attributes
                0x00000060       0x10 build/kernel/task_manage.o
 .ARM.attributes
                0x00000070       0x10 build/config/at91sam7s-gnu/cpu_config.o
 .ARM.attributes
                0x00000080       0x10 build/config/at91sam7s-gnu/lego_nxt/sys_config.o
 .ARM.attributes
                0x00000090       0x10 build/./kernel_cfg.o
 .ARM.attributes
                0x000000a0       0x10 build/syscalls.o
 .ARM.attributes
                0x000000b0       0x10 build/ecrobot_bluetooth.o
 .ARM.attributes
                0x000000c0       0x10 build/ecrobot_base.o
 .ARM.attributes
                0x000000d0       0x10 build/ecrobot.o
 .ARM.attributes
                0x000000e0       0x10 build/src/main.o
 .ARM.attributes
                0x000000f0       0x10 build/src/path.o
 .ARM.attributes
                0x00000100       0x10 build/syslib/at91sam7s-gnu/lego_nxt/hw_sys_timer.oram
 .ARM.attributes
                0x00000110       0x10 build/nxtvm/platform/nxt/vectors.o
 .ARM.attributes
                0x00000120       0x10 build/config/at91sam7s-gnu/debug.o
 .ARM.attributes
                0x00000130       0x10 build/config/at91sam7s-gnu/lego_nxt/sys_support.o
 .ARM.attributes
                0x00000140       0x10 build/nxt_binary_header.o
 .ARM.attributes
                0x00000150       0x10 build/nxt_entry_point.o
 .ARM.attributes
                0x00000160       0x10 build/ecrobot_init.o
 .ARM.attributes
                0x00000170       0x10 build/config/at91sam7s-gnu/cpu_support.oram
 .ARM.attributes
                0x00000180       0x10 build/config/at91sam7s-gnu/irq.oram
 .ARM.attributes
                0x00000190       0x10 /home/pprintz/Downloads/gnuarm/lib/gcc/arm-elf/4.4.2/thumb/interwork/libgcc.a(_udivsi3.o)
 .ARM.attributes
                0x000001a0       0x10 /home/pprintz/Downloads/gnuarm/lib/gcc/arm-elf/4.4.2/thumb/interwork/libgcc.a(_divsi3.o)
 .ARM.attributes
                0x000001b0       0x10 /home/pprintz/Downloads/gnuarm/lib/gcc/arm-elf/4.4.2/thumb/interwork/libgcc.a(_umodsi3.o)
 .ARM.attributes
                0x000001c0       0x10 /home/pprintz/Downloads/gnuarm/lib/gcc/arm-elf/4.4.2/thumb/interwork/libgcc.a(_modsi3.o)
 .ARM.attributes
                0x000001d0       0x10 /home/pprintz/Downloads/gnuarm/lib/gcc/arm-elf/4.4.2/thumb/interwork/libgcc.a(_dvmd_tls.o)
 .ARM.attributes
                0x000001e0       0x10 /home/pprintz/Downloads/gnuarm/lib/gcc/arm-elf/4.4.2/thumb/interwork/libgcc.a(_arm_addsubdf3.o)
 .ARM.attributes
                0x000001f0       0x10 /home/pprintz/Downloads/gnuarm/lib/gcc/arm-elf/4.4.2/thumb/interwork/libgcc.a(_arm_muldivdf3.o)
 .ARM.attributes
                0x00000200       0x10 /home/pprintz/Downloads/gnuarm/lib/gcc/arm-elf/4.4.2/thumb/interwork/libgcc.a(_arm_cmpdf2.o)
 .ARM.attributes
                0x00000210       0x10 /home/pprintz/Downloads/gnuarm/lib/gcc/arm-elf/4.4.2/thumb/interwork/libgcc.a(_muldi3.o)
 .ARM.attributes
                0x00000220       0x10 /home/pprintz/Downloads/gnuarm/lib/gcc/arm-elf/4.4.2/thumb/interwork/libgcc.a(_divdi3.o)
 .ARM.attributes
                0x00000230       0x10 /home/pprintz/Downloads/gnuarm/lib/gcc/arm-elf/4.4.2/thumb/interwork/libgcc.a(_clzsi2.o)
 .ARM.attributes
                0x00000240       0x10 /home/pprintz/Downloads/gnuarm/lib/gcc/arm-elf/4.4.2/../../../../arm-elf/lib/thumb/interwork/libc.a(lib_a-memcpy.o)
 .ARM.attributes
                0x00000250       0x10 /home/pprintz/Downloads/gnuarm/lib/gcc/arm-elf/4.4.2/../../../../arm-elf/lib/thumb/interwork/libc.a(lib_a-memset.o)
 .ARM.attributes
                0x00000260       0x10 /home/pprintz/Downloads/gnuarm/lib/gcc/arm-elf/4.4.2/../../../../arm-elf/lib/thumb/interwork/libc.a(lib_a-strcmp.o)
 .ARM.attributes
                0x00000270       0x10 /home/pprintz/Downloads/gnuarm/lib/gcc/arm-elf/4.4.2/../../../../arm-elf/lib/thumb/interwork/libc.a(lib_a-strcpy.o)
 .ARM.attributes
                0x00000280       0x10 /home/pprintz/Downloads/gnuarm/lib/gcc/arm-elf/4.4.2/../../../../arm-elf/lib/thumb/interwork/libc.a(lib_a-strlen.o)
 .ARM.attributes
                0x00000290       0x10 /home/pprintz/Downloads/gnuarm/lib/gcc/arm-elf/4.4.2/../../../../arm-elf/lib/thumb/interwork/libc.a(lib_a-strncpy.o)
 .ARM.attributes
                0x000002a0       0x10 build/nxtvm/platform/nxt/vectors.o

.debug_frame    0x00000000       0xa0
 .debug_frame   0x00000000       0x28 /home/pprintz/Downloads/gnuarm/lib/gcc/arm-elf/4.4.2/thumb/interwork/libgcc.a(_udivsi3.o)
 .debug_frame   0x00000028       0x28 /home/pprintz/Downloads/gnuarm/lib/gcc/arm-elf/4.4.2/thumb/interwork/libgcc.a(_divsi3.o)
 .debug_frame   0x00000050       0x28 /home/pprintz/Downloads/gnuarm/lib/gcc/arm-elf/4.4.2/thumb/interwork/libgcc.a(_umodsi3.o)
 .debug_frame   0x00000078       0x28 /home/pprintz/Downloads/gnuarm/lib/gcc/arm-elf/4.4.2/thumb/interwork/libgcc.a(_modsi3.o)

.debug_line     0x00000000      0xf0a
 .debug_line    0x00000000       0x93 /home/pprintz/Downloads/gnuarm/lib/gcc/arm-elf/4.4.2/thumb/interwork/libgcc.a(_udivsi3.o)
 .debug_line    0x00000093       0x9f /home/pprintz/Downloads/gnuarm/lib/gcc/arm-elf/4.4.2/thumb/interwork/libgcc.a(_divsi3.o)
 .debug_line    0x00000132       0x8b /home/pprintz/Downloads/gnuarm/lib/gcc/arm-elf/4.4.2/thumb/interwork/libgcc.a(_umodsi3.o)
 .debug_line    0x000001bd       0x94 /home/pprintz/Downloads/gnuarm/lib/gcc/arm-elf/4.4.2/thumb/interwork/libgcc.a(_modsi3.o)
 .debug_line    0x00000251       0x7d /home/pprintz/Downloads/gnuarm/lib/gcc/arm-elf/4.4.2/thumb/interwork/libgcc.a(_dvmd_tls.o)
 .debug_line    0x000002ce      0x185 /home/pprintz/Downloads/gnuarm/lib/gcc/arm-elf/4.4.2/thumb/interwork/libgcc.a(_arm_addsubdf3.o)
 .debug_line    0x00000453      0x19a /home/pprintz/Downloads/gnuarm/lib/gcc/arm-elf/4.4.2/thumb/interwork/libgcc.a(_arm_muldivdf3.o)
 .debug_line    0x000005ed       0xc7 /home/pprintz/Downloads/gnuarm/lib/gcc/arm-elf/4.4.2/thumb/interwork/libgcc.a(_arm_cmpdf2.o)
 .debug_line    0x000006b4       0x88 /home/pprintz/Downloads/gnuarm/lib/gcc/arm-elf/4.4.2/thumb/interwork/libgcc.a(_muldi3.o)
 .debug_line    0x0000073c       0xe9 /home/pprintz/Downloads/gnuarm/lib/gcc/arm-elf/4.4.2/thumb/interwork/libgcc.a(_divdi3.o)
 .debug_line    0x00000825       0x8a /home/pprintz/Downloads/gnuarm/lib/gcc/arm-elf/4.4.2/thumb/interwork/libgcc.a(_clzsi2.o)
 .debug_line    0x000008af      0x150 /home/pprintz/Downloads/gnuarm/lib/gcc/arm-elf/4.4.2/../../../../arm-elf/lib/thumb/interwork/libc.a(lib_a-memcpy.o)
 .debug_line    0x000009ff      0x14b /home/pprintz/Downloads/gnuarm/lib/gcc/arm-elf/4.4.2/../../../../arm-elf/lib/thumb/interwork/libc.a(lib_a-memset.o)
 .debug_line    0x00000b4a       0xc5 /home/pprintz/Downloads/gnuarm/lib/gcc/arm-elf/4.4.2/../../../../arm-elf/lib/thumb/interwork/libc.a(lib_a-strcmp.o)
 .debug_line    0x00000c0f       0xc5 /home/pprintz/Downloads/gnuarm/lib/gcc/arm-elf/4.4.2/../../../../arm-elf/lib/thumb/interwork/libc.a(lib_a-strcpy.o)
 .debug_line    0x00000cd4      0x111 /home/pprintz/Downloads/gnuarm/lib/gcc/arm-elf/4.4.2/../../../../arm-elf/lib/thumb/interwork/libc.a(lib_a-strlen.o)
 .debug_line    0x00000de5      0x125 /home/pprintz/Downloads/gnuarm/lib/gcc/arm-elf/4.4.2/../../../../arm-elf/lib/thumb/interwork/libc.a(lib_a-strncpy.o)

.debug_info     0x00000000     0x14b4
 .debug_info    0x00000000       0xbc /home/pprintz/Downloads/gnuarm/lib/gcc/arm-elf/4.4.2/thumb/interwork/libgcc.a(_udivsi3.o)
 .debug_info    0x000000bc       0xbc /home/pprintz/Downloads/gnuarm/lib/gcc/arm-elf/4.4.2/thumb/interwork/libgcc.a(_divsi3.o)
 .debug_info    0x00000178       0xbc /home/pprintz/Downloads/gnuarm/lib/gcc/arm-elf/4.4.2/thumb/interwork/libgcc.a(_umodsi3.o)
 .debug_info    0x00000234       0xbc /home/pprintz/Downloads/gnuarm/lib/gcc/arm-elf/4.4.2/thumb/interwork/libgcc.a(_modsi3.o)
 .debug_info    0x000002f0       0xbc /home/pprintz/Downloads/gnuarm/lib/gcc/arm-elf/4.4.2/thumb/interwork/libgcc.a(_dvmd_tls.o)
 .debug_info    0x000003ac       0xbb /home/pprintz/Downloads/gnuarm/lib/gcc/arm-elf/4.4.2/thumb/interwork/libgcc.a(_arm_addsubdf3.o)
 .debug_info    0x00000467       0xbb /home/pprintz/Downloads/gnuarm/lib/gcc/arm-elf/4.4.2/thumb/interwork/libgcc.a(_arm_muldivdf3.o)
 .debug_info    0x00000522       0xbb /home/pprintz/Downloads/gnuarm/lib/gcc/arm-elf/4.4.2/thumb/interwork/libgcc.a(_arm_cmpdf2.o)
 .debug_info    0x000005dd      0x20e /home/pprintz/Downloads/gnuarm/lib/gcc/arm-elf/4.4.2/thumb/interwork/libgcc.a(_muldi3.o)
 .debug_info    0x000007eb      0x669 /home/pprintz/Downloads/gnuarm/lib/gcc/arm-elf/4.4.2/thumb/interwork/libgcc.a(_divdi3.o)
 .debug_info    0x00000e54       0xbc /home/pprintz/Downloads/gnuarm/lib/gcc/arm-elf/4.4.2/thumb/interwork/libgcc.a(_clzsi2.o)
 .debug_info    0x00000f10      0x13e /home/pprintz/Downloads/gnuarm/lib/gcc/arm-elf/4.4.2/../../../../arm-elf/lib/thumb/interwork/libc.a(lib_a-memcpy.o)
 .debug_info    0x0000104e      0x111 /home/pprintz/Downloads/gnuarm/lib/gcc/arm-elf/4.4.2/../../../../arm-elf/lib/thumb/interwork/libc.a(lib_a-memset.o)
 .debug_info    0x0000115f       0xaf /home/pprintz/Downloads/gnuarm/lib/gcc/arm-elf/4.4.2/../../../../arm-elf/lib/thumb/interwork/libc.a(lib_a-strcmp.o)
 .debug_info    0x0000120e       0xb7 /home/pprintz/Downloads/gnuarm/lib/gcc/arm-elf/4.4.2/../../../../arm-elf/lib/thumb/interwork/libc.a(lib_a-strcpy.o)
 .debug_info    0x000012c5       0xcb /home/pprintz/Downloads/gnuarm/lib/gcc/arm-elf/4.4.2/../../../../arm-elf/lib/thumb/interwork/libc.a(lib_a-strlen.o)
 .debug_info    0x00001390      0x124 /home/pprintz/Downloads/gnuarm/lib/gcc/arm-elf/4.4.2/../../../../arm-elf/lib/thumb/interwork/libc.a(lib_a-strncpy.o)

.debug_abbrev   0x00000000      0x674
 .debug_abbrev  0x00000000       0x14 /home/pprintz/Downloads/gnuarm/lib/gcc/arm-elf/4.4.2/thumb/interwork/libgcc.a(_udivsi3.o)
 .debug_abbrev  0x00000014       0x14 /home/pprintz/Downloads/gnuarm/lib/gcc/arm-elf/4.4.2/thumb/interwork/libgcc.a(_divsi3.o)
 .debug_abbrev  0x00000028       0x14 /home/pprintz/Downloads/gnuarm/lib/gcc/arm-elf/4.4.2/thumb/interwork/libgcc.a(_umodsi3.o)
 .debug_abbrev  0x0000003c       0x14 /home/pprintz/Downloads/gnuarm/lib/gcc/arm-elf/4.4.2/thumb/interwork/libgcc.a(_modsi3.o)
 .debug_abbrev  0x00000050       0x14 /home/pprintz/Downloads/gnuarm/lib/gcc/arm-elf/4.4.2/thumb/interwork/libgcc.a(_dvmd_tls.o)
 .debug_abbrev  0x00000064       0x14 /home/pprintz/Downloads/gnuarm/lib/gcc/arm-elf/4.4.2/thumb/interwork/libgcc.a(_arm_addsubdf3.o)
 .debug_abbrev  0x00000078       0x14 /home/pprintz/Downloads/gnuarm/lib/gcc/arm-elf/4.4.2/thumb/interwork/libgcc.a(_arm_muldivdf3.o)
 .debug_abbrev  0x0000008c       0x14 /home/pprintz/Downloads/gnuarm/lib/gcc/arm-elf/4.4.2/thumb/interwork/libgcc.a(_arm_cmpdf2.o)
 .debug_abbrev  0x000000a0       0xf5 /home/pprintz/Downloads/gnuarm/lib/gcc/arm-elf/4.4.2/thumb/interwork/libgcc.a(_muldi3.o)
 .debug_abbrev  0x00000195      0x169 /home/pprintz/Downloads/gnuarm/lib/gcc/arm-elf/4.4.2/thumb/interwork/libgcc.a(_divdi3.o)
 .debug_abbrev  0x000002fe       0x14 /home/pprintz/Downloads/gnuarm/lib/gcc/arm-elf/4.4.2/thumb/interwork/libgcc.a(_clzsi2.o)
 .debug_abbrev  0x00000312       0xa0 /home/pprintz/Downloads/gnuarm/lib/gcc/arm-elf/4.4.2/../../../../arm-elf/lib/thumb/interwork/libc.a(lib_a-memcpy.o)
 .debug_abbrev  0x000003b2       0xa1 /home/pprintz/Downloads/gnuarm/lib/gcc/arm-elf/4.4.2/../../../../arm-elf/lib/thumb/interwork/libc.a(lib_a-memset.o)
 .debug_abbrev  0x00000453       0x76 /home/pprintz/Downloads/gnuarm/lib/gcc/arm-elf/4.4.2/../../../../arm-elf/lib/thumb/interwork/libc.a(lib_a-strcmp.o)
 .debug_abbrev  0x000004c9       0x76 /home/pprintz/Downloads/gnuarm/lib/gcc/arm-elf/4.4.2/../../../../arm-elf/lib/thumb/interwork/libc.a(lib_a-strcpy.o)
 .debug_abbrev  0x0000053f       0x92 /home/pprintz/Downloads/gnuarm/lib/gcc/arm-elf/4.4.2/../../../../arm-elf/lib/thumb/interwork/libc.a(lib_a-strlen.o)
 .debug_abbrev  0x000005d1       0xa3 /home/pprintz/Downloads/gnuarm/lib/gcc/arm-elf/4.4.2/../../../../arm-elf/lib/thumb/interwork/libc.a(lib_a-strncpy.o)

.debug_aranges  0x00000000      0x220
 .debug_aranges
                0x00000000       0x20 /home/pprintz/Downloads/gnuarm/lib/gcc/arm-elf/4.4.2/thumb/interwork/libgcc.a(_udivsi3.o)
 .debug_aranges
                0x00000020       0x20 /home/pprintz/Downloads/gnuarm/lib/gcc/arm-elf/4.4.2/thumb/interwork/libgcc.a(_divsi3.o)
 .debug_aranges
                0x00000040       0x20 /home/pprintz/Downloads/gnuarm/lib/gcc/arm-elf/4.4.2/thumb/interwork/libgcc.a(_umodsi3.o)
 .debug_aranges
                0x00000060       0x20 /home/pprintz/Downloads/gnuarm/lib/gcc/arm-elf/4.4.2/thumb/interwork/libgcc.a(_modsi3.o)
 .debug_aranges
                0x00000080       0x20 /home/pprintz/Downloads/gnuarm/lib/gcc/arm-elf/4.4.2/thumb/interwork/libgcc.a(_dvmd_tls.o)
 .debug_aranges
                0x000000a0       0x20 /home/pprintz/Downloads/gnuarm/lib/gcc/arm-elf/4.4.2/thumb/interwork/libgcc.a(_arm_addsubdf3.o)
 .debug_aranges
                0x000000c0       0x20 /home/pprintz/Downloads/gnuarm/lib/gcc/arm-elf/4.4.2/thumb/interwork/libgcc.a(_arm_muldivdf3.o)
 .debug_aranges
                0x000000e0       0x20 /home/pprintz/Downloads/gnuarm/lib/gcc/arm-elf/4.4.2/thumb/interwork/libgcc.a(_arm_cmpdf2.o)
 .debug_aranges
                0x00000100       0x20 /home/pprintz/Downloads/gnuarm/lib/gcc/arm-elf/4.4.2/thumb/interwork/libgcc.a(_muldi3.o)
 .debug_aranges
                0x00000120       0x20 /home/pprintz/Downloads/gnuarm/lib/gcc/arm-elf/4.4.2/thumb/interwork/libgcc.a(_divdi3.o)
 .debug_aranges
                0x00000140       0x20 /home/pprintz/Downloads/gnuarm/lib/gcc/arm-elf/4.4.2/thumb/interwork/libgcc.a(_clzsi2.o)
 .debug_aranges
                0x00000160       0x20 /home/pprintz/Downloads/gnuarm/lib/gcc/arm-elf/4.4.2/../../../../arm-elf/lib/thumb/interwork/libc.a(lib_a-memcpy.o)
 .debug_aranges
                0x00000180       0x20 /home/pprintz/Downloads/gnuarm/lib/gcc/arm-elf/4.4.2/../../../../arm-elf/lib/thumb/interwork/libc.a(lib_a-memset.o)
 .debug_aranges
                0x000001a0       0x20 /home/pprintz/Downloads/gnuarm/lib/gcc/arm-elf/4.4.2/../../../../arm-elf/lib/thumb/interwork/libc.a(lib_a-strcmp.o)
 .debug_aranges
                0x000001c0       0x20 /home/pprintz/Downloads/gnuarm/lib/gcc/arm-elf/4.4.2/../../../../arm-elf/lib/thumb/interwork/libc.a(lib_a-strcpy.o)
 .debug_aranges
                0x000001e0       0x20 /home/pprintz/Downloads/gnuarm/lib/gcc/arm-elf/4.4.2/../../../../arm-elf/lib/thumb/interwork/libc.a(lib_a-strlen.o)
 .debug_aranges
                0x00000200       0x20 /home/pprintz/Downloads/gnuarm/lib/gcc/arm-elf/4.4.2/../../../../arm-elf/lib/thumb/interwork/libc.a(lib_a-strncpy.o)

.debug_loc      0x00000000      0xcd8
 .debug_loc     0x00000000      0x156 /home/pprintz/Downloads/gnuarm/lib/gcc/arm-elf/4.4.2/thumb/interwork/libgcc.a(_muldi3.o)
 .debug_loc     0x00000156      0x800 /home/pprintz/Downloads/gnuarm/lib/gcc/arm-elf/4.4.2/thumb/interwork/libgcc.a(_divdi3.o)
 .debug_loc     0x00000956      0x13b /home/pprintz/Downloads/gnuarm/lib/gcc/arm-elf/4.4.2/../../../../arm-elf/lib/thumb/interwork/libc.a(lib_a-memcpy.o)
 .debug_loc     0x00000a91       0xfc /home/pprintz/Downloads/gnuarm/lib/gcc/arm-elf/4.4.2/../../../../arm-elf/lib/thumb/interwork/libc.a(lib_a-memset.o)
 .debug_loc     0x00000b8d       0x13 /home/pprintz/Downloads/gnuarm/lib/gcc/arm-elf/4.4.2/../../../../arm-elf/lib/thumb/interwork/libc.a(lib_a-strcmp.o)
 .debug_loc     0x00000ba0       0x13 /home/pprintz/Downloads/gnuarm/lib/gcc/arm-elf/4.4.2/../../../../arm-elf/lib/thumb/interwork/libc.a(lib_a-strcpy.o)
 .debug_loc     0x00000bb3       0x26 /home/pprintz/Downloads/gnuarm/lib/gcc/arm-elf/4.4.2/../../../../arm-elf/lib/thumb/interwork/libc.a(lib_a-strlen.o)
 .debug_loc     0x00000bd9       0xff /home/pprintz/Downloads/gnuarm/lib/gcc/arm-elf/4.4.2/../../../../arm-elf/lib/thumb/interwork/libc.a(lib_a-strncpy.o)

.debug_pubnames
                0x00000000       0xed
 .debug_pubnames
                0x00000000       0x1f /home/pprintz/Downloads/gnuarm/lib/gcc/arm-elf/4.4.2/thumb/interwork/libgcc.a(_muldi3.o)
 .debug_pubnames
                0x0000001f       0x1f /home/pprintz/Downloads/gnuarm/lib/gcc/arm-elf/4.4.2/thumb/interwork/libgcc.a(_divdi3.o)
 .debug_pubnames
                0x0000003e       0x1d /home/pprintz/Downloads/gnuarm/lib/gcc/arm-elf/4.4.2/../../../../arm-elf/lib/thumb/interwork/libc.a(lib_a-memcpy.o)
 .debug_pubnames
                0x0000005b       0x1d /home/pprintz/Downloads/gnuarm/lib/gcc/arm-elf/4.4.2/../../../../arm-elf/lib/thumb/interwork/libc.a(lib_a-memset.o)
 .debug_pubnames
                0x00000078       0x1d /home/pprintz/Downloads/gnuarm/lib/gcc/arm-elf/4.4.2/../../../../arm-elf/lib/thumb/interwork/libc.a(lib_a-strcmp.o)
 .debug_pubnames
                0x00000095       0x1d /home/pprintz/Downloads/gnuarm/lib/gcc/arm-elf/4.4.2/../../../../arm-elf/lib/thumb/interwork/libc.a(lib_a-strcpy.o)
 .debug_pubnames
                0x000000b2       0x1d /home/pprintz/Downloads/gnuarm/lib/gcc/arm-elf/4.4.2/../../../../arm-elf/lib/thumb/interwork/libc.a(lib_a-strlen.o)
 .debug_pubnames
                0x000000cf       0x1e /home/pprintz/Downloads/gnuarm/lib/gcc/arm-elf/4.4.2/../../../../arm-elf/lib/thumb/interwork/libc.a(lib_a-strncpy.o)

.debug_ranges   0x00000000      0x120
 .debug_ranges  0x00000000       0x40 /home/pprintz/Downloads/gnuarm/lib/gcc/arm-elf/4.4.2/thumb/interwork/libgcc.a(_muldi3.o)
 .debug_ranges  0x00000040       0xe0 /home/pprintz/Downloads/gnuarm/lib/gcc/arm-elf/4.4.2/thumb/interwork/libgcc.a(_divdi3.o)

.debug_str      0x00000000      0x3b8
 .debug_str     0x00000000      0x14d /home/pprintz/Downloads/gnuarm/lib/gcc/arm-elf/4.4.2/thumb/interwork/libgcc.a(_muldi3.o)
                                0x1a1 (size before relaxing)
 .debug_str     0x0000014d       0x3c /home/pprintz/Downloads/gnuarm/lib/gcc/arm-elf/4.4.2/thumb/interwork/libgcc.a(_divdi3.o)
                                0x1d4 (size before relaxing)
 .debug_str     0x00000189       0x7b /home/pprintz/Downloads/gnuarm/lib/gcc/arm-elf/4.4.2/../../../../arm-elf/lib/thumb/interwork/libc.a(lib_a-memcpy.o)
                                0x110 (size before relaxing)
 .debug_str     0x00000204       0x61 /home/pprintz/Downloads/gnuarm/lib/gcc/arm-elf/4.4.2/../../../../arm-elf/lib/thumb/interwork/libc.a(lib_a-memset.o)
                                 0xfd (size before relaxing)
 .debug_str     0x00000265       0x52 /home/pprintz/Downloads/gnuarm/lib/gcc/arm-elf/4.4.2/../../../../arm-elf/lib/thumb/interwork/libc.a(lib_a-strcmp.o)
                                 0xe7 (size before relaxing)
 .debug_str     0x000002b7       0x52 /home/pprintz/Downloads/gnuarm/lib/gcc/arm-elf/4.4.2/../../../../arm-elf/lib/thumb/interwork/libc.a(lib_a-strcpy.o)
                                 0xe7 (size before relaxing)
 .debug_str     0x00000309       0x5a /home/pprintz/Downloads/gnuarm/lib/gcc/arm-elf/4.4.2/../../../../arm-elf/lib/thumb/interwork/libc.a(lib_a-strlen.o)
                                 0xf6 (size before relaxing)
 .debug_str     0x00000363       0x55 /home/pprintz/Downloads/gnuarm/lib/gcc/arm-elf/4.4.2/../../../../arm-elf/lib/thumb/interwork/libc.a(lib_a-strncpy.o)
                                0x113 (size before relaxing)

Cross Reference Table

Symbol                                            File
ActivateTask                                      build/kernel/task_manage.o
CalibrateTask                                     build/./kernel_cfg.o
CancelAlarm                                       build/kernel/alarm.o
ChainTask                                         build/kernel/task_manage.o
ClearEvent                                        build/kernel/event.o
DisableAllInterrupts                              build/kernel/interrupt.o
EnableAllInterrupts                               build/kernel/interrupt.o
ErrorHook                                         /home/pprintz/nxtOSEK/ecrobot/../ecrobot/libecrobot.a(osek_hook.o)
                                                  build/kernel/osctl.o
FeedingTask                                       build/./kernel_cfg.o
GetActiveApplicationMode                          build/kernel/osctl.o
GetAlarm                                          build/kernel/alarm.o
GetAlarmBase                                      build/kernel/alarm.o
GetEvent                                          build/kernel/event.o
GetResource                                       build/kernel/resource.o
GetTaskID                                         build/kernel/task_manage.o
GetTaskState                                      build/kernel/task_manage.o
MotorTask                                         build/./kernel_cfg.o
NXT_COLORSENSOR_PROTOCOLS                         /home/pprintz/nxtOSEK/ecrobot/../ecrobot/libecrobot.a(ecrobot_interface.o)
NXT_Entry_Point                                   build/nxt_entry_point.o
                                                  build/nxt_binary_header.o
PostTaskHook                                      /home/pprintz/nxtOSEK/ecrobot/../ecrobot/libecrobot.a(osek_hook.o)
                                                  build/config/at91sam7s-gnu/cpu_support.oram
                                                  build/kernel/osctl.o
PreTaskHook                                       /home/pprintz/nxtOSEK/ecrobot/../ecrobot/libecrobot.a(osek_hook.o)
                                                  build/config/at91sam7s-gnu/cpu_support.oram
                                                  build/kernel/osctl.o
ReleaseResource                                   build/kernel/resource.o
ResumeAllInterrupts                               build/kernel/interrupt.o
ResumeOSInterrupts                                build/kernel/interrupt.o
ScanPathTask                                      build/./kernel_cfg.o
ScanPlantTask                                     build/./kernel_cfg.o
Schedule                                          build/kernel/task_manage.o
SetAbsAlarm                                       build/kernel/alarm.o
SetEvent                                          build/kernel/event.o
SetRelAlarm                                       build/kernel/alarm.o
ShutdownHook                                      /home/pprintz/nxtOSEK/ecrobot/../ecrobot/libecrobot.a(osek_hook.o)
                                                  build/kernel/osctl.o
ShutdownOS                                        build/kernel/osctl.o
SignalCounter                                     build/kernel/alarm.o
StartOS                                           build/kernel/osctl.o
                                                  build/ecrobot.o
StartupHook                                       /home/pprintz/nxtOSEK/ecrobot/../ecrobot/libecrobot.a(osek_hook.o)
                                                  build/kernel/osctl.o
SuspendAllInterrupts                              build/kernel/interrupt.o
SuspendOSInterrupts                               build/kernel/interrupt.o
TaskMainCalibrateTask                             build/src/main.o
                                                  build/./kernel_cfg.o
TaskMainFeedingTask                               build/src/main.o
                                                  build/./kernel_cfg.o
TaskMainMotorTask                                 build/src/main.o
                                                  build/./kernel_cfg.o
TaskMainScanPathTask                              build/src/main.o
                                                  build/./kernel_cfg.o
TaskMainScanPlantTask                             build/src/main.o
                                                  build/./kernel_cfg.o
TaskMainTurnTask                                  build/src/main.o
                                                  build/./kernel_cfg.o
TerminateTask                                     build/kernel/task_manage.o
TurnTask                                          build/./kernel_cfg.o
WaitEvent                                         build/kernel/event.o
__adddf3                                          /home/pprintz/Downloads/gnuarm/lib/gcc/arm-elf/4.4.2/thumb/interwork/libgcc.a(_arm_addsubdf3.o)
__aeabi_cdcmpeq                                   /home/pprintz/Downloads/gnuarm/lib/gcc/arm-elf/4.4.2/thumb/interwork/libgcc.a(_arm_cmpdf2.o)
__aeabi_cdcmple                                   /home/pprintz/Downloads/gnuarm/lib/gcc/arm-elf/4.4.2/thumb/interwork/libgcc.a(_arm_cmpdf2.o)
__aeabi_cdrcmple                                  /home/pprintz/Downloads/gnuarm/lib/gcc/arm-elf/4.4.2/thumb/interwork/libgcc.a(_arm_cmpdf2.o)
__aeabi_dadd                                      /home/pprintz/Downloads/gnuarm/lib/gcc/arm-elf/4.4.2/thumb/interwork/libgcc.a(_arm_addsubdf3.o)
__aeabi_dcmpeq                                    /home/pprintz/Downloads/gnuarm/lib/gcc/arm-elf/4.4.2/thumb/interwork/libgcc.a(_arm_cmpdf2.o)
__aeabi_dcmpge                                    /home/pprintz/Downloads/gnuarm/lib/gcc/arm-elf/4.4.2/thumb/interwork/libgcc.a(_arm_cmpdf2.o)
__aeabi_dcmpgt                                    /home/pprintz/Downloads/gnuarm/lib/gcc/arm-elf/4.4.2/thumb/interwork/libgcc.a(_arm_cmpdf2.o)
__aeabi_dcmple                                    /home/pprintz/Downloads/gnuarm/lib/gcc/arm-elf/4.4.2/thumb/interwork/libgcc.a(_arm_cmpdf2.o)
__aeabi_dcmplt                                    /home/pprintz/Downloads/gnuarm/lib/gcc/arm-elf/4.4.2/thumb/interwork/libgcc.a(_arm_cmpdf2.o)
__aeabi_ddiv                                      /home/pprintz/Downloads/gnuarm/lib/gcc/arm-elf/4.4.2/thumb/interwork/libgcc.a(_arm_muldivdf3.o)
__aeabi_dmul                                      /home/pprintz/Downloads/gnuarm/lib/gcc/arm-elf/4.4.2/thumb/interwork/libgcc.a(_arm_muldivdf3.o)
__aeabi_drsub                                     /home/pprintz/Downloads/gnuarm/lib/gcc/arm-elf/4.4.2/thumb/interwork/libgcc.a(_arm_addsubdf3.o)
__aeabi_dsub                                      /home/pprintz/Downloads/gnuarm/lib/gcc/arm-elf/4.4.2/thumb/interwork/libgcc.a(_arm_addsubdf3.o)
__aeabi_f2d                                       /home/pprintz/Downloads/gnuarm/lib/gcc/arm-elf/4.4.2/thumb/interwork/libgcc.a(_arm_addsubdf3.o)
__aeabi_i2d                                       /home/pprintz/Downloads/gnuarm/lib/gcc/arm-elf/4.4.2/thumb/interwork/libgcc.a(_arm_addsubdf3.o)
__aeabi_idiv                                      /home/pprintz/Downloads/gnuarm/lib/gcc/arm-elf/4.4.2/thumb/interwork/libgcc.a(_divsi3.o)
__aeabi_idiv0                                     /home/pprintz/Downloads/gnuarm/lib/gcc/arm-elf/4.4.2/thumb/interwork/libgcc.a(_dvmd_tls.o)
__aeabi_idivmod                                   /home/pprintz/Downloads/gnuarm/lib/gcc/arm-elf/4.4.2/thumb/interwork/libgcc.a(_divsi3.o)
__aeabi_l2d                                       /home/pprintz/Downloads/gnuarm/lib/gcc/arm-elf/4.4.2/thumb/interwork/libgcc.a(_arm_addsubdf3.o)
__aeabi_ldiv0                                     /home/pprintz/Downloads/gnuarm/lib/gcc/arm-elf/4.4.2/thumb/interwork/libgcc.a(_dvmd_tls.o)
__aeabi_ui2d                                      /home/pprintz/Downloads/gnuarm/lib/gcc/arm-elf/4.4.2/thumb/interwork/libgcc.a(_arm_addsubdf3.o)
__aeabi_uidiv                                     /home/pprintz/Downloads/gnuarm/lib/gcc/arm-elf/4.4.2/thumb/interwork/libgcc.a(_udivsi3.o)
__aeabi_uidivmod                                  /home/pprintz/Downloads/gnuarm/lib/gcc/arm-elf/4.4.2/thumb/interwork/libgcc.a(_udivsi3.o)
__aeabi_ul2d                                      /home/pprintz/Downloads/gnuarm/lib/gcc/arm-elf/4.4.2/thumb/interwork/libgcc.a(_arm_addsubdf3.o)
__bss_end__                                       build/ecrobot_init.o
__bss_start__                                     build/ecrobot_init.o
__call_posttaskhook_from_arm                      linker stubs
__call_pretaskhook_from_arm                       linker stubs
__clzsi2                                          /home/pprintz/Downloads/gnuarm/lib/gcc/arm-elf/4.4.2/thumb/interwork/libgcc.a(_clzsi2.o)
                                                  /home/pprintz/Downloads/gnuarm/lib/gcc/arm-elf/4.4.2/thumb/interwork/libgcc.a(_divdi3.o)
__cmpdf2                                          /home/pprintz/Downloads/gnuarm/lib/gcc/arm-elf/4.4.2/thumb/interwork/libgcc.a(_arm_cmpdf2.o)
__ctor_begin                                      build/ecrobot_base.o
__ctor_end                                        build/ecrobot_base.o
__data_load_end__                                 build/ecrobot_init.o
__data_load_start__                               build/ecrobot_init.o
__data_ram_start__                                build/ecrobot_init.o
__div0                                            /home/pprintz/Downloads/gnuarm/lib/gcc/arm-elf/4.4.2/thumb/interwork/libgcc.a(_dvmd_tls.o)
                                                  /home/pprintz/Downloads/gnuarm/lib/gcc/arm-elf/4.4.2/thumb/interwork/libgcc.a(_modsi3.o)
                                                  /home/pprintz/Downloads/gnuarm/lib/gcc/arm-elf/4.4.2/thumb/interwork/libgcc.a(_umodsi3.o)
                                                  /home/pprintz/Downloads/gnuarm/lib/gcc/arm-elf/4.4.2/thumb/interwork/libgcc.a(_divsi3.o)
                                                  /home/pprintz/Downloads/gnuarm/lib/gcc/arm-elf/4.4.2/thumb/interwork/libgcc.a(_udivsi3.o)
__divdf3                                          /home/pprintz/Downloads/gnuarm/lib/gcc/arm-elf/4.4.2/thumb/interwork/libgcc.a(_arm_muldivdf3.o)
__divdi3                                          /home/pprintz/Downloads/gnuarm/lib/gcc/arm-elf/4.4.2/thumb/interwork/libgcc.a(_divdi3.o)
                                                  /home/pprintz/nxtOSEK/ecrobot/../ecrobot/libecrobot.a(sound.oram)
__divsi3                                          /home/pprintz/Downloads/gnuarm/lib/gcc/arm-elf/4.4.2/thumb/interwork/libgcc.a(_divsi3.o)
                                                  /home/pprintz/nxtOSEK/ecrobot/../ecrobot/libecrobot.a(sound.oram)
                                                  /home/pprintz/nxtOSEK/ecrobot/../ecrobot/libecrobot.a(uart.oram)
__dtor_begin                                      build/ecrobot_base.o
__dtor_end                                        build/ecrobot_base.o
__eqdf2                                           /home/pprintz/Downloads/gnuarm/lib/gcc/arm-elf/4.4.2/thumb/interwork/libgcc.a(_arm_cmpdf2.o)
__extendsfdf2                                     /home/pprintz/Downloads/gnuarm/lib/gcc/arm-elf/4.4.2/thumb/interwork/libgcc.a(_arm_addsubdf3.o)
__floatdidf                                       /home/pprintz/Downloads/gnuarm/lib/gcc/arm-elf/4.4.2/thumb/interwork/libgcc.a(_arm_addsubdf3.o)
__floatsidf                                       /home/pprintz/Downloads/gnuarm/lib/gcc/arm-elf/4.4.2/thumb/interwork/libgcc.a(_arm_addsubdf3.o)
                                                  /home/pprintz/nxtOSEK/ecrobot/../ecrobot/libecrobot.a(colorsensor.o)
__floatundidf                                     /home/pprintz/Downloads/gnuarm/lib/gcc/arm-elf/4.4.2/thumb/interwork/libgcc.a(_arm_addsubdf3.o)
__floatunsidf                                     /home/pprintz/Downloads/gnuarm/lib/gcc/arm-elf/4.4.2/thumb/interwork/libgcc.a(_arm_addsubdf3.o)
__gedf2                                           /home/pprintz/Downloads/gnuarm/lib/gcc/arm-elf/4.4.2/thumb/interwork/libgcc.a(_arm_cmpdf2.o)
__gtdf2                                           /home/pprintz/Downloads/gnuarm/lib/gcc/arm-elf/4.4.2/thumb/interwork/libgcc.a(_arm_cmpdf2.o)
                                                  /home/pprintz/nxtOSEK/ecrobot/../ecrobot/libecrobot.a(colorsensor.o)
__irq_stack__                                     build/ecrobot_init.o
__ledf2                                           /home/pprintz/Downloads/gnuarm/lib/gcc/arm-elf/4.4.2/thumb/interwork/libgcc.a(_arm_cmpdf2.o)
__ltdf2                                           /home/pprintz/Downloads/gnuarm/lib/gcc/arm-elf/4.4.2/thumb/interwork/libgcc.a(_arm_cmpdf2.o)
__modsi3                                          /home/pprintz/Downloads/gnuarm/lib/gcc/arm-elf/4.4.2/thumb/interwork/libgcc.a(_modsi3.o)
                                                  /home/pprintz/nxtOSEK/ecrobot/../ecrobot/libecrobot.a(flash_loader.oram)
                                                  /home/pprintz/nxtOSEK/ecrobot/../ecrobot/libecrobot.a(sound.oram)
__muldf3                                          /home/pprintz/Downloads/gnuarm/lib/gcc/arm-elf/4.4.2/thumb/interwork/libgcc.a(_arm_muldivdf3.o)
                                                  /home/pprintz/nxtOSEK/ecrobot/../ecrobot/libecrobot.a(colorsensor.o)
__muldi3                                          /home/pprintz/Downloads/gnuarm/lib/gcc/arm-elf/4.4.2/thumb/interwork/libgcc.a(_muldi3.o)
                                                  /home/pprintz/nxtOSEK/ecrobot/../ecrobot/libecrobot.a(sound.oram)
__nedf2                                           /home/pprintz/Downloads/gnuarm/lib/gcc/arm-elf/4.4.2/thumb/interwork/libgcc.a(_arm_cmpdf2.o)
__ramtext_load_end__                              build/ecrobot_init.o
__ramtext_load_start__                            build/ecrobot_init.o
__ramtext_ram_start__                             build/ecrobot_init.o
__stack_end__                                     build/ecrobot_init.o
__stack_start__                                   build/ecrobot_init.o
__subdf3                                          /home/pprintz/Downloads/gnuarm/lib/gcc/arm-elf/4.4.2/thumb/interwork/libgcc.a(_arm_addsubdf3.o)
__system_stack__                                  build/config/at91sam7s-gnu/cpu_support.oram
                                                  build/ecrobot_init.o
__udivsi3                                         /home/pprintz/Downloads/gnuarm/lib/gcc/arm-elf/4.4.2/thumb/interwork/libgcc.a(_udivsi3.o)
                                                  /home/pprintz/Downloads/gnuarm/lib/gcc/arm-elf/4.4.2/thumb/interwork/libgcc.a(_divdi3.o)
                                                  /home/pprintz/nxtOSEK/ecrobot/../ecrobot/libecrobot.a(sound.oram)
                                                  /home/pprintz/nxtOSEK/ecrobot/../ecrobot/libecrobot.a(display.oram)
                                                  /home/pprintz/nxtOSEK/ecrobot/../ecrobot/libecrobot.a(ecrobot_interface.o)
                                                  build/ecrobot_base.o
__umodsi3                                         /home/pprintz/Downloads/gnuarm/lib/gcc/arm-elf/4.4.2/thumb/interwork/libgcc.a(_umodsi3.o)
                                                  /home/pprintz/Downloads/gnuarm/lib/gcc/arm-elf/4.4.2/thumb/interwork/libgcc.a(_divdi3.o)
                                                  /home/pprintz/nxtOSEK/ecrobot/../ecrobot/libecrobot.a(display.oram)
__vectors_load_end__                              build/ecrobot_init.o
__vectors_load_start__                            build/ecrobot_init.o
__vectors_ram_start__                             build/ecrobot_init.o
_errorhook_par1                                   build/kernel/task_manage.o
                                                  build/kernel/resource.o
                                                  build/kernel/osctl.o
                                                  build/kernel/event.o
                                                  build/kernel/alarm.o
_errorhook_par2                                   build/kernel/task_manage.o
                                                  build/kernel/osctl.o
                                                  build/kernel/event.o
                                                  build/kernel/alarm.o
_errorhook_par3                                   build/kernel/osctl.o
                                                  build/kernel/alarm.o
_errorhook_svcid                                  build/kernel/osctl.o
_interrupt                                        build/config/at91sam7s-gnu/cpu_support.oram
                                                  build/config/at91sam7s-gnu/irq.oram
_sbrk_r                                           build/syscalls.o
activate_r                                        build/config/at91sam7s-gnu/cpu_support.oram
                                                  build/kernel/task.o
add_status_info                                   build/ecrobot_base.o
                                                  build/ecrobot.o
                                                  build/ecrobot_bluetooth.o
aic_clear                                         /home/pprintz/nxtOSEK/ecrobot/../ecrobot/libecrobot.a(aic.oram)
                                                  /home/pprintz/nxtOSEK/ecrobot/../ecrobot/libecrobot.a(bt.oram)
                                                  /home/pprintz/nxtOSEK/ecrobot/../ecrobot/libecrobot.a(sound.oram)
aic_initialise                                    /home/pprintz/nxtOSEK/ecrobot/../ecrobot/libecrobot.a(aic.oram)
                                                  /home/pprintz/nxtOSEK/ecrobot/../ecrobot/libecrobot.a(flash_loader.oram)
aic_mask_off                                      /home/pprintz/nxtOSEK/ecrobot/../ecrobot/libecrobot.a(aic.oram)
                                                  /home/pprintz/nxtOSEK/ecrobot/../ecrobot/libecrobot.a(bt.oram)
                                                  /home/pprintz/nxtOSEK/ecrobot/../ecrobot/libecrobot.a(i2c.oram)
                                                  /home/pprintz/nxtOSEK/ecrobot/../ecrobot/libecrobot.a(nxt_motors.oram)
                                                  /home/pprintz/nxtOSEK/ecrobot/../ecrobot/libecrobot.a(nxt_spi.oram)
                                                  /home/pprintz/nxtOSEK/ecrobot/../ecrobot/libecrobot.a(twi.oram)
                                                  /home/pprintz/nxtOSEK/ecrobot/../ecrobot/libecrobot.a(udp.oram)
                                                  /home/pprintz/nxtOSEK/ecrobot/../ecrobot/libecrobot.a(systick.oram)
                                                  /home/pprintz/nxtOSEK/ecrobot/../ecrobot/libecrobot.a(uart.oram)
aic_mask_on                                       /home/pprintz/nxtOSEK/ecrobot/../ecrobot/libecrobot.a(aic.oram)
                                                  /home/pprintz/nxtOSEK/ecrobot/../ecrobot/libecrobot.a(sound.oram)
                                                  /home/pprintz/nxtOSEK/ecrobot/../ecrobot/libecrobot.a(i2c.oram)
                                                  /home/pprintz/nxtOSEK/ecrobot/../ecrobot/libecrobot.a(nxt_motors.oram)