Archive member included because of file (symbol)

../nxtOSEK/ecrobot/../ecrobot/libecrobot.a(ecrobot_interface.o)
                              build/nxtcolorsensortest.o (ecrobot_process_bg_nxtcolorsensor)
../nxtOSEK/ecrobot/../ecrobot/libecrobot.a(colorsensor.o)
                              ../nxtOSEK/ecrobot/../ecrobot/libecrobot.a(ecrobot_interface.o) (colorsensor_init)
../nxtOSEK/ecrobot/../ecrobot/libecrobot.a(osek_hook.o)
                              build/kernel/osctl.o (StartupHook)
../nxtOSEK/ecrobot/../ecrobot/libecrobot.a(uart.oram)
                              build/config/at91sam7s-gnu/irq.oram (uart_isr_C_0)
../nxtOSEK/ecrobot/../ecrobot/libecrobot.a(systick.oram)
                              build/syslib/at91sam7s-gnu/lego_nxt/hw_sys_timer.oram (systick_low_priority_C)
../nxtOSEK/ecrobot/../ecrobot/libecrobot.a(byte_fifo.oram)
                              ../nxtOSEK/ecrobot/../ecrobot/libecrobot.a(uart.oram) (byte_fifo_put)
../nxtOSEK/ecrobot/../ecrobot/libecrobot.a(aic.oram)
                              ../nxtOSEK/ecrobot/../ecrobot/libecrobot.a(uart.oram) (aic_set_vector)
../nxtOSEK/ecrobot/../ecrobot/libecrobot.a(udp.oram)
                              build/config/at91sam7s-gnu/irq.oram (udp_isr_C)
../nxtOSEK/ecrobot/../ecrobot/libecrobot.a(twi.oram)
                              build/config/at91sam7s-gnu/irq.oram (twi_isr_C)
../nxtOSEK/ecrobot/../ecrobot/libecrobot.a(nxt_spi.oram)
                              build/config/at91sam7s-gnu/irq.oram (spi_isr_C)
../nxtOSEK/ecrobot/../ecrobot/libecrobot.a(nxt_motors.oram)
                              ../nxtOSEK/ecrobot/../ecrobot/libecrobot.a(ecrobot_interface.o) (nxt_motor_get_count)
../nxtOSEK/ecrobot/../ecrobot/libecrobot.a(data_abort.oram)
                              build/ecrobot_init.o (data_abort_C)
../nxtOSEK/ecrobot/../ecrobot/libecrobot.a(display.oram)
                              build/ecrobot_base.o (display_update)
../nxtOSEK/ecrobot/../ecrobot/libecrobot.a(i2c.oram)
                              build/config/at91sam7s-gnu/irq.oram (i2c_timer_isr_C)
../nxtOSEK/ecrobot/../ecrobot/libecrobot.a(sound.oram)
                              ../nxtOSEK/ecrobot/../ecrobot/libecrobot.a(ecrobot_interface.o) (sound_get_time)
../nxtOSEK/ecrobot/../ecrobot/libecrobot.a(bt.oram)
                              build/ecrobot_bluetooth.o (bt_send)
../nxtOSEK/ecrobot/../ecrobot/libecrobot.a(nxt_avr.oram)
                              build/ecrobot_base.o (nxt_avr_power_down)
../nxtOSEK/ecrobot/../ecrobot/libecrobot.a(sensors.oram)
                              ../nxtOSEK/ecrobot/../ecrobot/libecrobot.a(ecrobot_interface.o) (unset_digi0)
../nxtOSEK/ecrobot/../ecrobot/libecrobot.a(sensors1.oram)
                              ../nxtOSEK/ecrobot/../ecrobot/libecrobot.a(colorsensor.o) (sensor_pins)
../nxtOSEK/ecrobot/../ecrobot/libecrobot.a(nxt_lcd.oram)
                              ../nxtOSEK/ecrobot/../ecrobot/libecrobot.a(display.oram) (nxt_lcd_force_update)
../nxtOSEK/ecrobot/../ecrobot/libecrobot.a(flash_loader.oram)
                              build/ecrobot_base.o (set_flash_request)
../nxtOSEK/ecrobot/../ecrobot/libecrobot.a(interrupts.oram)
                              ../nxtOSEK/ecrobot/../ecrobot/libecrobot.a(uart.oram) (interrupts_get_and_disable)
../nxtOSEK/ecrobot/../ecrobot/libecrobot.a(nxtosek_splash.obmp)
                              build/ecrobot_base.o (nxtosek_splash_bmp_start)
../nxtOSEK/ecrobot/../ecrobot/libecrobot.a(ecrobot_usb.o)
                              ../nxtOSEK/ecrobot/../ecrobot/libecrobot.a(flash_loader.oram) (ecrobot_init_usb)
../nxtOSEK/ecrobot/../ecrobot/libecrobot.a(flashprog.oram)
                              ../nxtOSEK/ecrobot/../ecrobot/libecrobot.a(flash_loader.oram) (flash_write_page)
/home/pprintz/Downloads/gnuarm/lib/gcc/arm-elf/4.4.2/thumb/interwork/libgcc.a(_udivsi3.o)
                              build/ecrobot_base.o (__udivsi3)
/home/pprintz/Downloads/gnuarm/lib/gcc/arm-elf/4.4.2/thumb/interwork/libgcc.a(_divsi3.o)
                              ../nxtOSEK/ecrobot/../ecrobot/libecrobot.a(uart.oram) (__divsi3)
/home/pprintz/Downloads/gnuarm/lib/gcc/arm-elf/4.4.2/thumb/interwork/libgcc.a(_umodsi3.o)
                              ../nxtOSEK/ecrobot/../ecrobot/libecrobot.a(display.oram) (__umodsi3)
/home/pprintz/Downloads/gnuarm/lib/gcc/arm-elf/4.4.2/thumb/interwork/libgcc.a(_modsi3.o)
                              ../nxtOSEK/ecrobot/../ecrobot/libecrobot.a(sound.oram) (__modsi3)
/home/pprintz/Downloads/gnuarm/lib/gcc/arm-elf/4.4.2/thumb/interwork/libgcc.a(_dvmd_tls.o)
                              /home/pprintz/Downloads/gnuarm/lib/gcc/arm-elf/4.4.2/thumb/interwork/libgcc.a(_udivsi3.o) (__div0)
/home/pprintz/Downloads/gnuarm/lib/gcc/arm-elf/4.4.2/thumb/interwork/libgcc.a(_arm_addsubdf3.o)
                              ../nxtOSEK/ecrobot/../ecrobot/libecrobot.a(colorsensor.o) (__floatsidf)
/home/pprintz/Downloads/gnuarm/lib/gcc/arm-elf/4.4.2/thumb/interwork/libgcc.a(_arm_muldivdf3.o)
[...]
Memory Configuration

Name             Origin             Length             Attributes
rom              0x00108000         0x00038000
vector_ram       0x00200000         0x00000040
ram              0x00200040         0x0000ffc0
*default*        0x00000000         0xffffffff

Linker script and memory map

LOAD build/kernel/alarm.o
LOAD build/kernel/event.o
LOAD build/kernel/interrupt.o
LOAD build/kernel/osctl.o
LOAD build/kernel/resource.o
LOAD build/kernel/task.o
LOAD build/kernel/task_manage.o
LOAD build/config/at91sam7s-gnu/cpu_config.o
LOAD build/config/at91sam7s-gnu/lego_nxt/sys_config.o
LOAD build/./kernel_cfg.o
LOAD build/syscalls.o
LOAD build/ecrobot_bluetooth.o
LOAD build/ecrobot_base.o
LOAD build/ecrobot.o
LOAD build/nxtcolorsensortest.o
LOAD build/syslib/at91sam7s-gnu/lego_nxt/hw_sys_timer.oram
LOAD build/nxtvm/platform/nxt/vectors.o
LOAD build/config/at91sam7s-gnu/debug.o
LOAD build/config/at91sam7s-gnu/lego_nxt/sys_support.o
LOAD build/nxt_binary_header.o
LOAD build/nxt_entry_point.o
LOAD build/ecrobot_init.o
LOAD build/config/at91sam7s-gnu/cpu_support.oram
LOAD build/config/at91sam7s-gnu/irq.oram
LOAD ../nxtOSEK/ecrobot/../c++/liblejososek.a
LOAD ../nxtOSEK/ecrobot/../ecrobot/libecrobot.a
LOAD /home/pprintz/Downloads/gnuarm/lib/gcc/arm-elf/4.4.2/../../../../arm-elf/lib/thumb/interwork/libstdc++.a
LOAD /home/pprintz/Downloads/gnuarm/lib/gcc/arm-elf/4.4.2/../../../../arm-elf/lib/thumb/interwork/libm.a
START GROUP
LOAD /home/pprintz/Downloads/gnuarm/lib/gcc/arm-elf/4.4.2/thumb/interwork/libgcc.a
LOAD /home/pprintz/Downloads/gnuarm/lib/gcc/arm-elf/4.4.2/../../../../arm-elf/lib/thumb/interwork/libc.a
END GROUP
                0x00108000                ROM_BASE = 0x108000
                0x00038000                ROM_SIZE = 0x38000
                0x00200000                RAM_BASE = 0x200000
                0x00010000                RAM_SIZE = 0x10000

.vectors        0x00200000       0x40 load address 0x00108000
 vectors.o(*.text *.text.*)
 .text          0x00200000       0x38 build/nxtvm/platform/nxt/vectors.o
                0x00200040                . = ALIGN (0x10)
 *fill*         0x00200038        0x8 00
                0x00200000                __vectors_ram_start__ = ADDR (.vectors)
                0x00200040                __vectors_ram_end__ = (ADDR (.vectors) + SIZEOF (.vectors))
                0x00108000                __vectors_load_start__ = LOADADDR (.vectors)
                0x00108040                __vectors_load_end__ = (LOADADDR (.vectors) + SIZEOF (.vectors))

.init           0x00108040      0x280
 *ecrobot_init.o(*.text *.text.*)
 .text          0x00108040      0x280 build/ecrobot_init.o
                0x00108040                start
                0x001081ac                undef_handler
                0x001081b0                swi_handler
                0x001081b4                prefetch_abort_handler
                0x001081b8                data_abort_handler
                0x001081d4                reserved_handler
                0x001082c0                . = ALIGN (0x10)

.ram_text       0x00200040     0x30b0 load address 0x001082c0
                0x00200040                . = ALIGN (0x10)
 *.oram(*.text *.text.* *.glue*)
 .text.systick_isr_C1
                0x00200040       0x28 build/syslib/at91sam7s-gnu/lego_nxt/hw_sys_timer.oram
                0x00200040                systick_isr_C1
 *fill*         0x00200068        0x8 00
 .text          0x00200070      0x230 build/config/at91sam7s-gnu/cpu_support.oram
                0x00200070                dispatch
                0x002000b0                activate_r
                0x002000e0                exit_and_dispatch
                0x002000f0                start_dispatch
                0x002001ac                _interrupt
                0x0020021c                int_return
                0x00200248                disable_int
                0x00200250                enable_int
                0x00200258                nop
 .text          0x002002a0      0x2c0 build/config/at91sam7s-gnu/irq.oram
                0x002002a0                default_isr
                0x002002a0                default_fiq
                0x002002a0                spurious_isr
                0x002002a4                systick_isr_entry
                0x002002ec                systick_low_priority_entry
                0x0020032c                udp_isr_entry
                0x0020036c                spi_isr_entry
                0x002003ac                twi_isr_entry
                0x002003ec                sound_isr_entry
                0x0020042c                uart_isr_entry_0
                0x0020046c                uart_isr_entry_1
                0x002004ac                nxt_motor_isr_entry
                0x002004ec                i2c_timer_isr_entry
 .text.uart_process_isr
                0x00200560       0x88 ../nxtOSEK/ecrobot/../ecrobot/libecrobot.a(uart.oram)
 .text.uart_isr_C_0
                0x002005e8        0xc ../nxtOSEK/ecrobot/../ecrobot/libecrobot.a(uart.oram)
                0x002005e8                uart_isr_C_0
 .text.uart_isr_C_1
                0x002005f4        0xc ../nxtOSEK/ecrobot/../ecrobot/libecrobot.a(uart.oram)
                0x002005f4                uart_isr_C_1
 .text.systick_low_priority_C
                0x00200600       0x1c ../nxtOSEK/ecrobot/../ecrobot/libecrobot.a(systick.oram)
                0x00200600                systick_low_priority_C
 .text.systick_isr_C
                0x0020061c       0x24 ../nxtOSEK/ecrobot/../ecrobot/libecrobot.a(systick.oram)
                0x0020061c                systick_isr_C
 .text.systick_get_ms
                0x00200640        0xc ../nxtOSEK/ecrobot/../ecrobot/libecrobot.a(systick.oram)
                0x00200640                systick_get_ms
 .text.systick_wait_ms
                0x0020064c       0x1c ../nxtOSEK/ecrobot/../ecrobot/libecrobot.a(systick.oram)
                0x0020064c                systick_wait_ms
 .text.systick_wait_ns
                0x00200668       0x1c ../nxtOSEK/ecrobot/../ecrobot/libecrobot.a(systick.oram)
                0x00200668                systick_wait_ns
 .text.systick_init
                0x00200684       0x58 ../nxtOSEK/ecrobot/../ecrobot/libecrobot.a(systick.oram)
                0x00200684                systick_init
 .text.systick_suspend
                0x002006dc        0xc ../nxtOSEK/ecrobot/../ecrobot/libecrobot.a(systick.oram)
                0x002006dc                systick_suspend
 .text.systick_resume
                0x002006e8        0xc ../nxtOSEK/ecrobot/../ecrobot/libecrobot.a(systick.oram)
                0x002006e8                systick_resume
 .text.byte_fifo_put
                0x002006f4       0x58 ../nxtOSEK/ecrobot/../ecrobot/libecrobot.a(byte_fifo.oram)
                0x002006f4                byte_fifo_put
 .text.byte_fifo_get
                0x0020074c       0x2c ../nxtOSEK/ecrobot/../ecrobot/libecrobot.a(byte_fifo.oram)
                0x0020074c                byte_fifo_get
 .text.aic_initialise
                0x00200778       0x5c ../nxtOSEK/ecrobot/../ecrobot/libecrobot.a(aic.oram)
                0x00200778                aic_initialise
 .text.aic_set_vector
                0x002007d4       0x30 ../nxtOSEK/ecrobot/../ecrobot/libecrobot.a(aic.oram)
                0x002007d4                aic_set_vector
 .text.aic_mask_on
                0x00200804       0x24 ../nxtOSEK/ecrobot/../ecrobot/libecrobot.a(aic.oram)
                0x00200804                aic_mask_on
 .text.aic_mask_off
                0x00200828       0x24 ../nxtOSEK/ecrobot/../ecrobot/libecrobot.a(aic.oram)
                0x00200828                aic_mask_off
 .text.aic_clear
                0x0020084c       0x24 ../nxtOSEK/ecrobot/../ecrobot/libecrobot.a(aic.oram)
                0x0020084c                aic_clear
 .text.reset    0x00200870       0x4c ../nxtOSEK/ecrobot/../ecrobot/libecrobot.a(udp.oram)
 .text.udp_send_null
                0x002008bc       0x2c ../nxtOSEK/ecrobot/../ecrobot/libecrobot.a(udp.oram)
 .text.udp_send_stall
                0x002008e8       0x2c ../nxtOSEK/ecrobot/../ecrobot/libecrobot.a(udp.oram)
 .text.udp_send_control
                0x00200914       0x60 ../nxtOSEK/ecrobot/../ecrobot/libecrobot.a(udp.oram)
 .text.udp_isr_C
                0x00200974      0x7d0 ../nxtOSEK/ecrobot/../ecrobot/libecrobot.a(udp.oram)
                0x00200974                udp_isr_C
 .text.twi_status
                0x00201144       0x20 ../nxtOSEK/ecrobot/../ecrobot/libecrobot.a(twi.oram)
                0x00201144                twi_status
 .text.twi_isr_C
                0x00201164       0xc4 ../nxtOSEK/ecrobot/../ecrobot/libecrobot.a(twi.oram)
                0x00201164                twi_isr_C
 .text.twi_reset
                0x00201228       0xb4 ../nxtOSEK/ecrobot/../ecrobot/libecrobot.a(twi.oram)
                0x00201228                twi_reset
 .text.twi_init
                0x002012dc       0x4c ../nxtOSEK/ecrobot/../ecrobot/libecrobot.a(twi.oram)
                0x002012dc                twi_init
 .text.twi_start_read
                0x00201328       0x60 ../nxtOSEK/ecrobot/../ecrobot/libecrobot.a(twi.oram)
                0x00201328                twi_start_read
 .text.twi_start_write
                0x00201388       0x64 ../nxtOSEK/ecrobot/../ecrobot/libecrobot.a(twi.oram)
                0x00201388                twi_start_write
 .text.spi_set_mode
                0x002013ec       0x40 ../nxtOSEK/ecrobot/../ecrobot/libecrobot.a(nxt_spi.oram)
 .text.spi_isr_C
                0x0020142c       0x8c ../nxtOSEK/ecrobot/../ecrobot/libecrobot.a(nxt_spi.oram)
                0x0020142c                spi_isr_C
 .text.nxt_spi_init
                0x002014b8      0x12c ../nxtOSEK/ecrobot/../ecrobot/libecrobot.a(nxt_spi.oram)
                0x002014b8                nxt_spi_init
 .text.nxt_spi_write
                0x002015e4       0x44 ../nxtOSEK/ecrobot/../ecrobot/libecrobot.a(nxt_spi.oram)
                0x002015e4                nxt_spi_write
 .text.nxt_spi_set_display
                0x00201628       0x10 ../nxtOSEK/ecrobot/../ecrobot/libecrobot.a(nxt_spi.oram)
                0x00201628                nxt_spi_set_display
 .text.nxt_spi_refresh
                0x00201638       0x24 ../nxtOSEK/ecrobot/../ecrobot/libecrobot.a(nxt_spi.oram)
                0x00201638                nxt_spi_refresh
 .text.nxt_motor_set_count
                0x0020165c       0x10 ../nxtOSEK/ecrobot/../ecrobot/libecrobot.a(nxt_motors.oram)
                0x0020165c                nxt_motor_set_count
 .text.nxt_motor_1kHz_process
                0x0020166c       0x28 ../nxtOSEK/ecrobot/../ecrobot/libecrobot.a(nxt_motors.oram)
                0x0020166c                nxt_motor_1kHz_process
 .text.nxt_motor_quad_decode
                0x00201694       0x30 ../nxtOSEK/ecrobot/../ecrobot/libecrobot.a(nxt_motors.oram)
                0x00201694                nxt_motor_quad_decode
 .text.nxt_motor_isr_C
                0x002016c4       0x88 ../nxtOSEK/ecrobot/../ecrobot/libecrobot.a(nxt_motors.oram)
                0x002016c4                nxt_motor_isr_C
 .text.nxt_motor_init
                0x0020174c       0x68 ../nxtOSEK/ecrobot/../ecrobot/libecrobot.a(nxt_motors.oram)
                0x0020174c                nxt_motor_init
 .text.data_abort_C
                0x002017b4       0x7c ../nxtOSEK/ecrobot/../ecrobot/libecrobot.a(data_abort.oram)
                0x002017b4                data_abort_C
 .text.display_update
                0x00201830       0x14 ../nxtOSEK/ecrobot/../ecrobot/libecrobot.a(display.oram)
                0x00201830                display_update
 .text.display_force_update
                0x00201844        0xc ../nxtOSEK/ecrobot/../ecrobot/libecrobot.a(display.oram)
                0x00201844                display_force_update
 .text.display_clear
                0x00201850       0x24 ../nxtOSEK/ecrobot/../ecrobot/libecrobot.a(display.oram)
                0x00201850                display_clear
 .text.display_goto_xy
                0x00201874       0x14 ../nxtOSEK/ecrobot/../ecrobot/libecrobot.a(display.oram)
                0x00201874                display_goto_xy
 .text.display_char
                0x00201888       0x60 ../nxtOSEK/ecrobot/../ecrobot/libecrobot.a(display.oram)
                0x00201888                display_char
 .text.display_string
                0x002018e8       0x3c ../nxtOSEK/ecrobot/../ecrobot/libecrobot.a(display.oram)
                0x002018e8                display_string
 .text.display_hex
                0x00201924       0x50 ../nxtOSEK/ecrobot/../ecrobot/libecrobot.a(display.oram)
                0x00201924                display_hex
 .text.display_unsigned_worker
                0x00201974       0x70 ../nxtOSEK/ecrobot/../ecrobot/libecrobot.a(display.oram)
 .text.display_unsigned
                0x002019e4        0xc ../nxtOSEK/ecrobot/../ecrobot/libecrobot.a(display.oram)
                0x002019e4                display_unsigned
 .text.display_int
                0x002019f0       0x14 ../nxtOSEK/ecrobot/../ecrobot/libecrobot.a(display.oram)
                0x002019f0                display_int
 .text.display_bitmap_copy
                0x00201a04       0x5c ../nxtOSEK/ecrobot/../ecrobot/libecrobot.a(display.oram)
                0x00201a04                display_bitmap_copy
 .text.display_init
                0x00201a60       0x50 ../nxtOSEK/ecrobot/../ecrobot/libecrobot.a(display.oram)
                0x00201a60                display_init
 .text.i2c_timer_isr_C
                0x00201ab0      0x314 ../nxtOSEK/ecrobot/../ecrobot/libecrobot.a(i2c.oram)
                0x00201ab0                i2c_timer_isr_C
 .text.i2c_disable
                0x00201dc4       0x20 ../nxtOSEK/ecrobot/../ecrobot/libecrobot.a(i2c.oram)
                0x00201dc4                i2c_disable
 .text.i2c_init
                0x00201de4       0xa4 ../nxtOSEK/ecrobot/../ecrobot/libecrobot.a(i2c.oram)
                0x00201de4                i2c_init
 .text.sound_fill_sample_buffer
                0x00201e88       0xe4 ../nxtOSEK/ecrobot/../ecrobot/libecrobot.a(sound.oram)
                0x00201e88                sound_fill_sample_buffer
 .text.sound_init
                0x00201f6c       0xa0 ../nxtOSEK/ecrobot/../ecrobot/libecrobot.a(sound.oram)
                0x00201f6c                sound_init
 .text.sound_isr_C
                0x0020200c      0x144 ../nxtOSEK/ecrobot/../ecrobot/libecrobot.a(sound.oram)
                0x0020200c                sound_isr_C
 .text.bt_init  0x00202150      0x1c0 ../nxtOSEK/ecrobot/../ecrobot/libecrobot.a(bt.oram)
                0x00202150                bt_init
 .text.nxt_avr_power_down
                0x00202310       0x10 ../nxtOSEK/ecrobot/../ecrobot/libecrobot.a(nxt_avr.oram)
                0x00202310                nxt_avr_power_down
 .text.nxt_avr_link_init
                0x00202320       0x20 ../nxtOSEK/ecrobot/../ecrobot/libecrobot.a(nxt_avr.oram)
                0x00202320                nxt_avr_link_init
 .text.nxt_avr_init
                0x00202340       0x6c ../nxtOSEK/ecrobot/../ecrobot/libecrobot.a(nxt_avr.oram)
                0x00202340                nxt_avr_init
 .text.nxt_avr_1kHz_update
                0x002023ac      0x1cc ../nxtOSEK/ecrobot/../ecrobot/libecrobot.a(nxt_avr.oram)
                0x002023ac                nxt_avr_1kHz_update
 .text.buttons_get
                0x00202578        0xc ../nxtOSEK/ecrobot/../ecrobot/libecrobot.a(nxt_avr.oram)
                0x00202578                buttons_get
 .text.battery_voltage
                0x00202584       0x28 ../nxtOSEK/ecrobot/../ecrobot/libecrobot.a(nxt_avr.oram)
                0x00202584                battery_voltage
 .text.sensor_adc
                0x002025ac       0x20 ../nxtOSEK/ecrobot/../ecrobot/libecrobot.a(nxt_avr.oram)
                0x002025ac                sensor_adc
 .text.nxt_avr_set_input_power
                0x002025cc       0x3c ../nxtOSEK/ecrobot/../ecrobot/libecrobot.a(nxt_avr.oram)
                0x002025cc                nxt_avr_set_input_power
 .text.unset_digi0
                0x00202608       0x44 ../nxtOSEK/ecrobot/../ecrobot/libecrobot.a(sensors.oram)
                0x00202608                unset_digi0
 .text.unset_digi1
                0x0020264c       0x44 ../nxtOSEK/ecrobot/../ecrobot/libecrobot.a(sensors.oram)
                0x0020264c                unset_digi1
 .text.init_sensors
                0x00202690       0x4c ../nxtOSEK/ecrobot/../ecrobot/libecrobot.a(sensors.oram)
                0x00202690                init_sensors
 .text.sp_set_mode
                0x002026dc       0x88 ../nxtOSEK/ecrobot/../ecrobot/libecrobot.a(sensors1.oram)
                0x002026dc                sp_set_mode
 .text.sp_set   0x00202764       0x24 ../nxtOSEK/ecrobot/../ecrobot/libecrobot.a(sensors1.oram)
                0x00202764                sp_set
 .text.sp_read  0x00202788       0x20 ../nxtOSEK/ecrobot/../ecrobot/libecrobot.a(sensors1.oram)
                0x00202788                sp_read
 .text.sp_get   0x002027a8       0x20 ../nxtOSEK/ecrobot/../ecrobot/libecrobot.a(sensors1.oram)
                0x002027a8                sp_get
 .text.sp_set_power
                0x002027c8        0xc ../nxtOSEK/ecrobot/../ecrobot/libecrobot.a(sensors1.oram)
                0x002027c8                sp_set_power
 .text.sp_reset
                0x002027d4       0x54 ../nxtOSEK/ecrobot/../ecrobot/libecrobot.a(sensors1.oram)
                0x002027d4                sp_reset
 .text.nxt_lcd_command
                0x00202828       0x18 ../nxtOSEK/ecrobot/../ecrobot/libecrobot.a(nxt_lcd.oram)
                0x00202828                nxt_lcd_command
 .text.nxt_lcd_set_col
                0x00202840       0x24 ../nxtOSEK/ecrobot/../ecrobot/libecrobot.a(nxt_lcd.oram)
                0x00202840                nxt_lcd_set_col
 .text.nxt_lcd_set_multiplex_rate
                0x00202864       0x18 ../nxtOSEK/ecrobot/../ecrobot/libecrobot.a(nxt_lcd.oram)
                0x00202864                nxt_lcd_set_multiplex_rate
 .text.nxt_lcd_set_page_address
                0x0020287c       0x18 ../nxtOSEK/ecrobot/../ecrobot/libecrobot.a(nxt_lcd.oram)
                0x0020287c                nxt_lcd_set_page_address
 .text.nxt_lcd_set_pot
                0x00202894       0x1c ../nxtOSEK/ecrobot/../ecrobot/libecrobot.a(nxt_lcd.oram)
                0x00202894                nxt_lcd_set_pot
 .text.nxt_lcd_set_ram_address_control
                0x002028b0       0x18 ../nxtOSEK/ecrobot/../ecrobot/libecrobot.a(nxt_lcd.oram)
                0x002028b0                nxt_lcd_set_ram_address_control
 .text.nxt_lcd_enable
                0x002028c8       0x14 ../nxtOSEK/ecrobot/../ecrobot/libecrobot.a(nxt_lcd.oram)
                0x002028c8                nxt_lcd_enable
 .text.nxt_lcd_set_map_control
                0x002028dc       0x18 ../nxtOSEK/ecrobot/../ecrobot/libecrobot.a(nxt_lcd.oram)
                0x002028dc                nxt_lcd_set_map_control
 .text.nxt_lcd_reset
                0x002028f4        0xc ../nxtOSEK/ecrobot/../ecrobot/libecrobot.a(nxt_lcd.oram)
                0x002028f4                nxt_lcd_reset
 .text.nxt_lcd_set_bias_ratio
                0x00202900       0x18 ../nxtOSEK/ecrobot/../ecrobot/libecrobot.a(nxt_lcd.oram)
                0x00202900                nxt_lcd_set_bias_ratio
 .text.nxt_lcd_force_update
                0x00202918       0x30 ../nxtOSEK/ecrobot/../ecrobot/libecrobot.a(nxt_lcd.oram)
                0x00202918                nxt_lcd_force_update
 .text.nxt_lcd_update
                0x00202948        0xc ../nxtOSEK/ecrobot/../ecrobot/libecrobot.a(nxt_lcd.oram)
                0x00202948                nxt_lcd_update
 .text.nxt_lcd_power_up
                0x00202954       0x48 ../nxtOSEK/ecrobot/../ecrobot/libecrobot.a(nxt_lcd.oram)
                0x00202954                nxt_lcd_power_up
 .text.nxt_lcd_power_down
                0x0020299c        0xc ../nxtOSEK/ecrobot/../ecrobot/libecrobot.a(nxt_lcd.oram)
                0x0020299c                nxt_lcd_power_down
 .text.nxt_lcd_init
                0x002029a8       0x18 ../nxtOSEK/ecrobot/../ecrobot/libecrobot.a(nxt_lcd.oram)
                0x002029a8                nxt_lcd_init
 .text.verify_flash_page
                0x002029c0       0x34 ../nxtOSEK/ecrobot/../ecrobot/libecrobot.a(flash_loader.oram)
 .text.set_flash_request
                0x002029f4       0x38 ../nxtOSEK/ecrobot/../ecrobot/libecrobot.a(flash_loader.oram)
                0x002029f4                set_flash_request
 .text.nxt_device_init
                0x00202a2c       0x38 ../nxtOSEK/ecrobot/../ecrobot/libecrobot.a(flash_loader.oram)
                0x00202a2c                nxt_device_init
 .text          0x00202a64       0x68 ../nxtOSEK/ecrobot/../ecrobot/libecrobot.a(interrupts.oram)
                0x00202a64                interrupts_get_and_disable
                0x00202a88                interrupts_enable
                0x00202a98                fiq_get_and_disable
                0x00202abc                fiq_enable
 .text.flash_write_page
                0x00202acc       0xc0 ../nxtOSEK/ecrobot/../ecrobot/libecrobot.a(flashprog.oram)
                0x00202acc                flash_write_page
                0x00202b90                . = ALIGN (0x10)
 *fill*         0x00202b8c        0x4 00
 *.oram(*.rodata *.rodata.*)
 .rodata.ld     0x00202b90        0x4 ../nxtOSEK/ecrobot/../ecrobot/libecrobot.a(udp.oram)
 .rodata.cfd    0x00202b94       0x20 ../nxtOSEK/ecrobot/../ecrobot/libecrobot.a(udp.oram)
 .rodata.dd     0x00202bb4       0x12 ../nxtOSEK/ecrobot/../ecrobot/libecrobot.a(udp.oram)
 *fill*         0x00202bc6        0x2 00
 .rodata.str1.4
                0x00202bc8       0x22 ../nxtOSEK/ecrobot/../ecrobot/libecrobot.a(data_abort.oram)
                                 0x24 (size before relaxing)
 .rodata.font   0x00202bea      0x280 ../nxtOSEK/ecrobot/../ecrobot/libecrobot.a(display.oram)
 *fill*         0x00202e6a        0x2 00
 .rodata.str1.4
                0x00202e6c       0x76 ../nxtOSEK/ecrobot/../ecrobot/libecrobot.a(display.oram)
                                 0x78 (size before relaxing)
 *fill*         0x00202ee2        0x2 00
 .rodata.i2c_pin
                0x00202ee4       0x20 ../nxtOSEK/ecrobot/../ecrobot/libecrobot.a(i2c.oram)
 .rodata.i2c_timer_isr_C
                0x00202f04       0x38 ../nxtOSEK/ecrobot/../ecrobot/libecrobot.a(i2c.oram)
 .rodata.silence
                0x00202f3c       0x40 ../nxtOSEK/ecrobot/../ecrobot/libecrobot.a(sound.oram)
                0x00202f3c                silence
 .rodata.sample_pattern
                0x00202f7c       0x84 ../nxtOSEK/ecrobot/../ecrobot/libecrobot.a(sound.oram)
                0x00202f7c                sample_pattern
 .rodata        0x00203000        0xc ../nxtOSEK/ecrobot/../ecrobot/libecrobot.a(sound.oram)
 .rodata.avr_brainwash_string
                0x0020300c       0x30 ../nxtOSEK/ecrobot/../ecrobot/libecrobot.a(nxt_avr.oram)
                0x0020300c                avr_brainwash_string
 .rodata.nxt_avr_1kHz_update
                0x0020303c       0x14 ../nxtOSEK/ecrobot/../ecrobot/libecrobot.a(nxt_avr.oram)
 .rodata.C.33.1823
                0x00203050       0x10 ../nxtOSEK/ecrobot/../ecrobot/libecrobot.a(sensors.oram)
 .rodata.C.37.1857
                0x00203060       0x10 ../nxtOSEK/ecrobot/../ecrobot/libecrobot.a(sensors.oram)
 .rodata.sensor_pins
                0x00203070       0x40 ../nxtOSEK/ecrobot/../ecrobot/libecrobot.a(sensors1.oram)
                0x00203070                sensor_pins
 .rodata.str1.4
                0x002030b0       0x24 ../nxtOSEK/ecrobot/../ecrobot/libecrobot.a(flash_loader.oram)
 *fill*         0x002030d4        0x4 00
 .rodata.str1.4.stub
                0x002030d8       0x10 linker stubs
                0x002030f0                . = ALIGN (0x10)
 *fill*         0x002030e8        0x8 00
                0x00200040                __ramtext_ram_start__ = ADDR (.ram_text)
                0x002030f0                __ramtext_ram_end__ = (ADDR (.ram_text) + SIZEOF (.ram_text))
                0x001082c0                __ramtext_load_start__ = LOADADDR (.ram_text)
                0x0010b370                __ramtext_load_end__ = (__ramtext_load_start__ + SIZEOF (.ram_text))

.wav_data       0x0010b370        0x0
 *.owav(*.data *.data.*)
                0x0010b370                . = ALIGN (0x10)

.bmp_data       0x0010b370      0x440
 *.obmp(*.data *.data.*)
 .data          0x0010b370      0x43e ../nxtOSEK/ecrobot/../ecrobot/libecrobot.a(nxtosek_splash.obmp)
                0x0010b370                nxtosek_splash_bmp_start
                0x0010b7ae                nxtosek_splash_bmp_end
                0x0010b7b0                . = ALIGN (0x10)
 *fill*         0x0010b7ae        0x2 00

.spr_data       0x0010b7b0        0x0
 *.ospr(*.data *.data.*)
                0x0010b7b0                . = ALIGN (0x10)

.data           0x002030f0       0x60 load address 0x0010b7b0
 *(*.data *.data.*)
 .data.deviceStatus
                0x002030f0        0x1 ../nxtOSEK/ecrobot/../ecrobot/libecrobot.a(ecrobot_interface.o)
 .data.named    0x002030f1       0x22 ../nxtOSEK/ecrobot/../ecrobot/libecrobot.a(udp.oram)
 .data.snd      0x00203113       0x1a ../nxtOSEK/ecrobot/../ecrobot/libecrobot.a(udp.oram)
 *fill*         0x0020312d        0x3 00
 .data.configured
                0x00203130        0x4 ../nxtOSEK/ecrobot/../ecrobot/libecrobot.a(udp.oram)
 .data.mode     0x00203134        0x1 ../nxtOSEK/ecrobot/../ecrobot/libecrobot.a(nxt_spi.oram)
                0x00203134                mode
 *fill*         0x00203135        0x3 00
 .bss.data      0x00203138        0x4 ../nxtOSEK/ecrobot/../ecrobot/libecrobot.a(nxt_spi.oram)
                0x00203138                data
 .data.display_auto_update
                0x0020313c        0x4 ../nxtOSEK/ecrobot/../ecrobot/libecrobot.a(display.oram)
                0x0020313c                display_auto_update
 .data.display_buffer
                0x00203140        0x4 ../nxtOSEK/ecrobot/../ecrobot/libecrobot.a(display.oram)
                0x00203150                . = ALIGN (0x10)
 *fill*         0x00203144        0xc 00
                0x002030f0                __data_ram_start__ = ADDR (.data)
                0x00203150                __data_ram_end__ = (ADDR (.data) + SIZEOF (.data))
                0x0010b7b0                __data_load_start__ = LOADADDR (.data)
                0x0010b810                __data_load_end__ = (__data_load_start__ + SIZEOF (.data))

.text           0x0010b810     0x2060
                0x0010b810                . = ALIGN (0x10)
 *(*.text *.text.* *.glue*)
 .glue_7        0x0010b810       0x18 linker stubs
                0x0010b810                __call_posttaskhook_from_arm
                0x0010b81c                __call_pretaskhook_from_arm
 .glue_7t       0x00000000        0x0 linker stubs
 .text.enqueue_alarm
                0x0010b828       0x94 build/kernel/alarm.o
 .text.alarm_initialize
                0x0010b8bc       0x98 build/kernel/alarm.o
                0x0010b8bc                alarm_initialize
 .text.unlock_cpu
                0x0010b954        0xc build/kernel/alarm.o
 .text.lock_cpu
                0x0010b960        0xc build/kernel/alarm.o
 .text.SignalCounter
                0x0010b96c      0x128 build/kernel/alarm.o
                0x0010b96c                SignalCounter
 .text.SetRelAlarm
                0x0010ba94       0xdc build/kernel/alarm.o
                0x0010ba94                SetRelAlarm
 .text.lock_cpu
                0x0010bb70        0xc build/kernel/event.o
 .text.SetEvent
                0x0010bb7c       0xa8 build/kernel/event.o
                0x0010bb7c                SetEvent
 .text.ShutdownOS
                0x0010bc24       0x4c build/kernel/osctl.o
                0x0010bc24                ShutdownOS
 .text.StartOS  0x0010bc70       0x58 build/kernel/osctl.o
                0x0010bc70                StartOS
 .text.call_pretaskhook
                0x0010bcc8       0x24 build/kernel/osctl.o
                0x0010bcc8                call_pretaskhook
 .text.call_posttaskhook
                0x0010bcec       0x24 build/kernel/osctl.o
                0x0010bcec                call_posttaskhook
 .text.call_errorhook
                0x0010bd10       0x78 build/kernel/osctl.o
                0x0010bd10                call_errorhook
 .text.make_runnable
                0x0010bd88       0xa4 build/kernel/task.o
                0x0010bd88                make_runnable
 .text.make_active
                0x0010be2c       0x78 build/kernel/task.o
                0x0010be2c                make_active
 .text.task_initialize
                0x0010bea4       0x88 build/kernel/task.o
                0x0010bea4                task_initialize
 .text.cpu_initialize
                0x0010bf2c        0x4 build/config/at91sam7s-gnu/cpu_config.o
                0x0010bf2c                cpu_initialize
 .text.cpu_terminate
                0x0010bf30        0x4 build/config/at91sam7s-gnu/cpu_config.o
                0x0010bf30                cpu_terminate
 .text.sys_initialize
                0x0010bf34        0x4 build/config/at91sam7s-gnu/lego_nxt/sys_config.o
                0x0010bf34                sys_initialize
 .text.sys_exit
                0x0010bf38        0x4 build/config/at91sam7s-gnu/lego_nxt/sys_config.o
                0x0010bf38                sys_exit
 .text._setevent_alarm_AlarmTask2
                0x0010bf3c       0x10 build/./kernel_cfg.o
 .text.object_initialize
                0x0010bf4c       0x10 build/./kernel_cfg.o
                0x0010bf4c                object_initialize
 .text.init_OS_flag
                0x0010bf5c        0xc build/ecrobot_base.o
                0x0010bf5c                init_OS_flag
 .text.set_OS_flag
                0x0010bf68        0xc build/ecrobot_base.o
                0x0010bf68                set_OS_flag
 .text.get_OS_flag
                0x0010bf74        0xc build/ecrobot_base.o
                0x0010bf74                get_OS_flag
 .text.cpp_constructor
                0x0010bf80       0x28 build/ecrobot_base.o
                0x0010bf80                cpp_constructor
 .text.cpp_destructor
                0x0010bfa8       0x28 build/ecrobot_base.o
                0x0010bfa8                cpp_destructor
 .text.execution_mode
                0x0010bfd0       0x14 build/ecrobot_base.o
                0x0010bfd0                execution_mode
 .text.shutdown_NXT
                0x0010bfe4       0x2c build/ecrobot_base.o
                0x0010bfe4                shutdown_NXT
 .text.restart_NXT
                0x0010c010       0x2c build/ecrobot_base.o
                0x0010c010                restart_NXT
 .text.check_NXT_buttons
                0x0010c03c       0x38 build/ecrobot_base.o
                0x0010c03c                check_NXT_buttons
 .text.add_status_info
                0x0010c074       0x68 build/ecrobot_base.o
                0x0010c074                add_status_info
 .text.show_main_screen
                0x0010c0dc       0x48 build/ecrobot_base.o
                0x0010c0dc                show_main_screen
 .text.display_status_bar
                0x0010c124       0x5c build/ecrobot_base.o
                0x0010c124                display_status_bar
 .text.show_splash_screen
                0x0010c180       0x98 build/ecrobot_base.o
                0x0010c180                show_splash_screen
 .text.main     0x0010c218      0x108 build/ecrobot.o
                0x0010c218                main
 .text.TaskMainTask1
                0x0010c320       0x18 build/nxtcolorsensortest.o
                0x0010c320                TaskMainTask1
 .text.TaskMainTask2
                0x0010c338       0x34 build/nxtcolorsensortest.o
                0x0010c338                TaskMainTask2
 .text.user_1ms_isr_type2
                0x0010c36c       0x14 build/nxtcolorsensortest.o
                0x0010c36c                user_1ms_isr_type2
 .text.ecrobot_device_terminate
                0x0010c380        0xc build/nxtcolorsensortest.o
                0x0010c380                ecrobot_device_terminate
 .text.ecrobot_device_initialize
                0x0010c38c       0x10 build/nxtcolorsensortest.o
                0x0010c38c                ecrobot_device_initialize
 .text.ecrobot_process_bg_nxtcolorsensor
                0x0010c39c       0x98 ../nxtOSEK/ecrobot/../ecrobot/libecrobot.a(ecrobot_interface.o)
                0x0010c39c                ecrobot_process_bg_nxtcolorsensor
 .text.ecrobot_set_nxtcolorsensor
                0x0010c434       0x44 ../nxtOSEK/ecrobot/../ecrobot/libecrobot.a(ecrobot_interface.o)
                0x0010c434                ecrobot_set_nxtcolorsensor
 .text.ecrobot_init_nxtcolorsensor
                0x0010c478       0x30 ../nxtOSEK/ecrobot/../ecrobot/libecrobot.a(ecrobot_interface.o)
                0x0010c478                ecrobot_init_nxtcolorsensor
 .text.ecrobot_get_nxtcolorsensor_light
                0x0010c4a8       0x10 ../nxtOSEK/ecrobot/../ecrobot/libecrobot.a(ecrobot_interface.o)
                0x0010c4a8                ecrobot_get_nxtcolorsensor_light
 .text.ecrobot_term_nxtcolorsensor
                0x0010c4b8       0x10 ../nxtOSEK/ecrobot/../ecrobot/libecrobot.a(ecrobot_interface.o)
                0x0010c4b8                ecrobot_term_nxtcolorsensor
 .text.ecrobot_get_battery_voltage
                0x0010c4c8        0xc ../nxtOSEK/ecrobot/../ecrobot/libecrobot.a(ecrobot_interface.o)
                0x0010c4c8                ecrobot_get_battery_voltage
 .text.ecrobot_get_button_state
                0x0010c4d4        0xc ../nxtOSEK/ecrobot/../ecrobot/libecrobot.a(ecrobot_interface.o)
                0x0010c4d4                ecrobot_get_button_state
 .text.ecrobot_init_nxtstate
                0x0010c4e0       0x28 ../nxtOSEK/ecrobot/../ecrobot/libecrobot.a(ecrobot_interface.o)
                0x0010c4e0                ecrobot_init_nxtstate
 .text.ecrobot_poll_nxtstate
                0x0010c508       0x64 ../nxtOSEK/ecrobot/../ecrobot/libecrobot.a(ecrobot_interface.o)
                0x0010c508                ecrobot_poll_nxtstate
 .text.ecrobot_setDeviceInitialized
                0x0010c56c       0x18 ../nxtOSEK/ecrobot/../ecrobot/libecrobot.a(ecrobot_interface.o)
                0x0010c56c                ecrobot_setDeviceInitialized
 .text.ecrobot_initDeviceStatus
                0x0010c584        0xc ../nxtOSEK/ecrobot/../ecrobot/libecrobot.a(ecrobot_interface.o)
                0x0010c584                ecrobot_initDeviceStatus
 .text.ecrobot_bmp2lcd
                0x0010c590      0x1c8 ../nxtOSEK/ecrobot/../ecrobot/libecrobot.a(ecrobot_interface.o)
                0x0010c590                ecrobot_bmp2lcd
 .text.colorsensor_recv
                0x0010c758       0x68 ../nxtOSEK/ecrobot/../ecrobot/libecrobot.a(colorsensor.o)
 .text.colorsensor_init
                0x0010c7c0      0x108 ../nxtOSEK/ecrobot/../ecrobot/libecrobot.a(colorsensor.o)
                0x0010c7c0                colorsensor_init
 .text.colorsensor_term
                0x0010c8c8       0x6c ../nxtOSEK/ecrobot/../ecrobot/libecrobot.a(colorsensor.o)
                0x0010c8c8                colorsensor_term
 .text.colorsensor_light_get
                0x0010c934       0x44 ../nxtOSEK/ecrobot/../ecrobot/libecrobot.a(colorsensor.o)
                0x0010c934                colorsensor_light_get
 .text.colorsensor_light_full
                0x0010c978       0xac ../nxtOSEK/ecrobot/../ecrobot/libecrobot.a(colorsensor.o)
                0x0010c978                colorsensor_light_full
 .text.colorsensor_rgb_get
                0x0010ca24       0x14 ../nxtOSEK/ecrobot/../ecrobot/libecrobot.a(colorsensor.o)
                0x0010ca24                colorsensor_rgb_get
 .text.colorsensor_color_get
                0x0010ca38       0xfc ../nxtOSEK/ecrobot/../ecrobot/libecrobot.a(colorsensor.o)
                0x0010ca38                colorsensor_color_get
 .text.StartupHook
                0x0010cb34        0x4 ../nxtOSEK/ecrobot/../ecrobot/libecrobot.a(osek_hook.o)
                0x0010cb34                StartupHook
 .text.PreTaskHook
                0x0010cb38        0x4 ../nxtOSEK/ecrobot/../ecrobot/libecrobot.a(osek_hook.o)
                0x0010cb38                PreTaskHook
 .text.PostTaskHook
                0x0010cb3c        0x4 ../nxtOSEK/ecrobot/../ecrobot/libecrobot.a(osek_hook.o)
                0x0010cb3c                PostTaskHook
 .text.ErrorHook
                0x0010cb40        0x4 ../nxtOSEK/ecrobot/../ecrobot/libecrobot.a(osek_hook.o)
                0x0010cb40                ErrorHook
 .text.ShutdownHook
                0x0010cb44        0x4 ../nxtOSEK/ecrobot/../ecrobot/libecrobot.a(osek_hook.o)
                0x0010cb44                ShutdownHook
 .text          0x0010cb48       0x8c /home/pprintz/Downloads/gnuarm/lib/gcc/arm-elf/4.4.2/thumb/interwork/libgcc.a(_udivsi3.o)
                0x0010cb48                __udivsi3
                0x0010cb48                __aeabi_uidiv
                0x0010cbc4                __aeabi_uidivmod
 .text          0x0010cbd4       0xc8 /home/pprintz/Downloads/gnuarm/lib/gcc/arm-elf/4.4.2/thumb/interwork/libgcc.a(_umodsi3.o)
                0x0010cbd4                __umodsi3
 .text          0x0010cc9c        0x4 /home/pprintz/Downloads/gnuarm/lib/gcc/arm-elf/4.4.2/thumb/interwork/libgcc.a(_dvmd_tls.o)
                0x0010cc9c                __aeabi_ldiv0
                0x0010cc9c                __div0
                0x0010cc9c                __aeabi_idiv0
 .text          0x0010cca0      0x430 /home/pprintz/Downloads/gnuarm/lib/gcc/arm-elf/4.4.2/thumb/interwork/libgcc.a(_arm_addsubdf3.o)
                0x0010cca0                __aeabi_drsub
                0x0010cca8                __aeabi_dsub
                0x0010cca8                __subdf3
                0x0010ccac                __adddf3
                0x0010ccac                __aeabi_dadd
                0x0010cfbc                __aeabi_ui2d
                0x0010cfbc                __floatunsidf
                0x0010cfe4                __floatsidf
                0x0010cfe4                __aeabi_i2d
                0x0010d010                __extendsfdf2
                0x0010d010                __aeabi_f2d
                0x0010d050                __aeabi_ul2d
                0x0010d050                __floatundidf
                0x0010d064                __floatdidf
                0x0010d064                __aeabi_l2d
 .text          0x0010d0d0      0x49c /home/pprintz/Downloads/gnuarm/lib/gcc/arm-elf/4.4.2/thumb/interwork/libgcc.a(_arm_muldivdf3.o)
                0x0010d0d0                __aeabi_dmul
                0x0010d0d0                __muldf3
                0x0010d360                __aeabi_ddiv
                0x0010d360                __divdf3
 .text          0x0010d56c      0x140 /home/pprintz/Downloads/gnuarm/lib/gcc/arm-elf/4.4.2/thumb/interwork/libgcc.a(_arm_cmpdf2.o)
                0x0010d56c                __gtdf2
                0x0010d56c                __gedf2
                0x0010d574                __ltdf2
                0x0010d574                __ledf2
                0x0010d57c                __cmpdf2
                0x0010d57c                __eqdf2
                0x0010d57c                __nedf2
                0x0010d600                __aeabi_cdrcmple
                0x0010d61c                __aeabi_cdcmple
                0x0010d61c                __aeabi_cdcmpeq
                0x0010d634                __aeabi_dcmpeq
                0x0010d64c                __aeabi_dcmplt
                0x0010d664                __aeabi_dcmple
                0x0010d67c                __aeabi_dcmpge
                0x0010d694                __aeabi_dcmpgt
 .text          0x0010d6ac       0x94 /home/pprintz/Downloads/gnuarm/lib/gcc/arm-elf/4.4.2/../../../../arm-elf/lib/thumb/interwork/libc.a(lib_a-memset.o)
                0x0010d6ac                memset
 .text          0x0010d740       0x10 /home/pprintz/Downloads/gnuarm/lib/gcc/arm-elf/4.4.2/../../../../arm-elf/lib/thumb/interwork/libc.a(lib_a-strcpy.o)
                0x0010d740                strcpy
 .text          0x0010d750       0x10 /home/pprintz/Downloads/gnuarm/lib/gcc/arm-elf/4.4.2/../../../../arm-elf/lib/thumb/interwork/libc.a(lib_a-strlen.o)
                0x0010d750                strlen
                0x0010d760                . = ALIGN (0x10)
 *(*.rodata *.rodata.*)
 .rodata.AlarmTask2
                0x0010d760        0x1 build/./kernel_cfg.o
                0x0010d760                AlarmTask2
 *fill*         0x0010d761        0x3 00
 .rodata.alminib_cntid
                0x0010d764        0x4 build/./kernel_cfg.o
                0x0010d764                alminib_cntid
 .rodata.cntinib_tickbase
                0x0010d768        0x4 build/./kernel_cfg.o
                0x0010d768                cntinib_tickbase
 .rodata.tnum_task
                0x0010d76c        0x1 build/./kernel_cfg.o
                0x0010d76c                tnum_task
 *fill*         0x0010d76d        0x3 00
 .rodata.cntinib_maxval
                0x0010d770        0x4 build/./kernel_cfg.o
                0x0010d770                cntinib_maxval
 .rodata.alminib_almval
                0x0010d774        0x4 build/./kernel_cfg.o
                0x0010d774                alminib_almval
 .rodata.tinib_stksz
                0x0010d778        0x4 build/./kernel_cfg.o
                0x0010d778                tinib_stksz
 .rodata.alminib_cycle
                0x0010d77c        0x4 build/./kernel_cfg.o
                0x0010d77c                alminib_cycle
 .rodata.tinib_inipri
                0x0010d780        0x4 build/./kernel_cfg.o
                0x0010d780                tinib_inipri
 .rodata.cntinib_maxval2
                0x0010d784        0x4 build/./kernel_cfg.o
                0x0010d784                cntinib_maxval2
 .rodata.tinib_stk
                0x0010d788        0x8 build/./kernel_cfg.o
                0x0010d788                tinib_stk
 .rodata.tnum_exttask
                0x0010d790        0x1 build/./kernel_cfg.o
                0x0010d790                tnum_exttask
 .rodata.tnum_counter
                0x0010d791        0x1 build/./kernel_cfg.o
                0x0010d791                tnum_counter
 *fill*         0x0010d792        0x2 00
 .rodata.tinib_exepri
                0x0010d794        0x4 build/./kernel_cfg.o
                0x0010d794                tinib_exepri
 .rodata.tinib_autoact
                0x0010d798        0x4 build/./kernel_cfg.o
                0x0010d798                tinib_autoact
 .rodata.SysTimerCnt
                0x0010d79c        0x1 build/./kernel_cfg.o
                0x0010d79c                SysTimerCnt
 .rodata.tnum_alarm
                0x0010d79d        0x1 build/./kernel_cfg.o
                0x0010d79d                tnum_alarm
 *fill*         0x0010d79e        0x2 00
 .rodata.cntinib_mincyc
                0x0010d7a0        0x4 build/./kernel_cfg.o
                0x0010d7a0                cntinib_mincyc
 .rodata.alminib_cback
                0x0010d7a4        0x4 build/./kernel_cfg.o
                0x0010d7a4                alminib_cback
 .rodata.tinib_task
                0x0010d7a8        0x8 build/./kernel_cfg.o
                0x0010d7a8                tinib_task
 .rodata.alminib_autosta
                0x0010d7b0        0x4 build/./kernel_cfg.o
                0x0010d7b0                alminib_autosta
 .rodata.str1.1
                0x0010d7b4       0x6c build/ecrobot_base.o
 .rodata.exec_addr
                0x0010d820        0x4 build/ecrobot_base.o
                0x0010d820                exec_addr
 .rodata.NXT_COLORSENSOR_PROTOCOLS
                0x0010d824        0x7 ../nxtOSEK/ecrobot/../ecrobot/libecrobot.a(ecrobot_interface.o)
                0x0010d824                NXT_COLORSENSOR_PROTOCOLS
 *fill*         0x0010d82b        0x5 00
 .rodata.NXT_COLORSENSOR_PROTOCOLS.stub
                0x0010d830       0x40 linker stubs
                0x0010d870                . = ALIGN (0x10)
 *fill*         0x0010d870        0x0 00
 *(*.gnu.linkonce.* .gcc_except_table)
                0x0010d870                . = ALIGN (0x10)

.vfp11_veneer   0x00203150        0x0
 .vfp11_veneer  0x00000000        0x0 linker stubs

.v4_bx          0x00203150        0x0
 .v4_bx         0x00000000        0x0 linker stubs

.tors           0x0010d870        0x0
                0x0010d870                . = ALIGN (0x10)
                0x0010d870                __ctor_begin = .
 *(*.ctors*)
                0x0010d870                __ctor_end = .
                0x0010d870                . = ALIGN (0x10)
                0x0010d870                __dtor_begin = .
 *(*.dtors*)
                0x0010d870                __dtor_end = .
                0x0010d870                . = ALIGN (0x10)
                0x0010d870                __rom_end__ = __dtor_end

.bss            0x00203150     0x1284
 *(*.bss *.bss.*)
 .bss.ready_queue_first
                0x00203150       0x10 build/kernel/task.o
 .bss.ready_primap
                0x00203160        0x2 build/kernel/task.o
 *fill*         0x00203162        0x2 00
 .bss.ready_queue_last
                0x00203164       0x10 build/kernel/task.o
 .bss._stack_Task2
                0x00203174      0x200 build/./kernel_cfg.o
 .bss._stack_Task1
                0x00203374      0x200 build/./kernel_cfg.o
 .bss.last_act_time.2836
                0x00203574        0x4 build/ecrobot_base.o
 .bss.status_bar_position
                0x00203578        0x4 build/ecrobot_base.o
 .bss.lcd.2758  0x0020357c      0x320 build/ecrobot_base.o
 .bss.status_bar
                0x0020389c       0x10 build/ecrobot_base.o
 .bss.OS_flag   0x002038ac        0x4 build/ecrobot_base.o
 .bss.buttons_i
                0x002038b0        0x4 ../nxtOSEK/ecrobot/../ecrobot/libecrobot.a(ecrobot_interface.o)
 .bss.buttons_states
                0x002038b4       0x14 ../nxtOSEK/ecrobot/../ecrobot/libecrobot.a(ecrobot_interface.o)
 .bss.ecrobot_inputs
                0x002038c8        0x8 ../nxtOSEK/ecrobot/../ecrobot/libecrobot.a(ecrobot_interface.o)
 .bss.sensor_data
                0x002038d0       0x40 ../nxtOSEK/ecrobot/../ecrobot/libecrobot.a(ecrobot_interface.o)
 .bss.rgb_buf   0x00203910        0xc ../nxtOSEK/ecrobot/../ecrobot/libecrobot.a(colorsensor.o)
 .bss.systick_ms
                0x0020391c        0x4 ../nxtOSEK/ecrobot/../ecrobot/libecrobot.a(systick.oram)
 .bss.delayedEnable
                0x00203920        0x1 ../nxtOSEK/ecrobot/../ecrobot/libecrobot.a(udp.oram)
 *fill*         0x00203921        0x3 00
 .bss.outCnt    0x00203924        0x4 ../nxtOSEK/ecrobot/../ecrobot/libecrobot.a(udp.oram)
 .bss.outPtr    0x00203928        0x4 ../nxtOSEK/ecrobot/../ecrobot/libecrobot.a(udp.oram)
 .bss.newAddress
                0x0020392c        0x4 ../nxtOSEK/ecrobot/../ecrobot/libecrobot.a(udp.oram)
 .bss.currentRxBank
                0x00203930        0x4 ../nxtOSEK/ecrobot/../ecrobot/libecrobot.a(udp.oram)
 .bss.currentFeatures
                0x00203934        0x4 ../nxtOSEK/ecrobot/../ecrobot/libecrobot.a(udp.oram)
 .bss.currentConfig
                0x00203938        0x1 ../nxtOSEK/ecrobot/../ecrobot/libecrobot.a(udp.oram)
 *fill*         0x00203939        0x3 00
 .bss.twi_mask  0x0020393c        0x4 ../nxtOSEK/ecrobot/../ecrobot/libecrobot.a(twi.oram)
 .bss.twi_ptr   0x00203940        0x4 ../nxtOSEK/ecrobot/../ecrobot/libecrobot.a(twi.oram)
 .bss.twi_pending
                0x00203944        0x4 ../nxtOSEK/ecrobot/../ecrobot/libecrobot.a(twi.oram)
 .bss.twi_state
                0x00203948        0x4 ../nxtOSEK/ecrobot/../ecrobot/libecrobot.a(twi.oram)
 .bss.page      0x0020394c        0x1 ../nxtOSEK/ecrobot/../ecrobot/libecrobot.a(nxt_spi.oram)
                0x0020394c                page
 .bss.dirty     0x0020394d        0x1 ../nxtOSEK/ecrobot/../ecrobot/libecrobot.a(nxt_spi.oram)
                0x0020394d                dirty
 *fill*         0x0020394e        0x2 00
 .bss.display   0x00203950        0x4 ../nxtOSEK/ecrobot/../ecrobot/libecrobot.a(nxt_spi.oram)
                0x00203950                display
 .bss.interrupts_this_period
                0x00203954        0x4 ../nxtOSEK/ecrobot/../ecrobot/libecrobot.a(nxt_motors.oram)
 .bss.nxt_motor_initialised
                0x00203958        0x4 ../nxtOSEK/ecrobot/../ecrobot/libecrobot.a(nxt_motors.oram)
 .bss.motor     0x0020395c       0x30 ../nxtOSEK/ecrobot/../ecrobot/libecrobot.a(nxt_motors.oram)
 .bss.display_tick
                0x0020398c        0x4 ../nxtOSEK/ecrobot/../ecrobot/libecrobot.a(display.oram)
                0x0020398c                display_tick
 .bss.display_array
                0x00203990      0x388 ../nxtOSEK/ecrobot/../ecrobot/libecrobot.a(display.oram)
 .bss.i2c_int_count
                0x00203d18        0x4 ../nxtOSEK/ecrobot/../ecrobot/libecrobot.a(i2c.oram)
 .bss.i2c_port  0x00203d1c      0x170 ../nxtOSEK/ecrobot/../ecrobot/libecrobot.a(i2c.oram)
 .bss.sound_mode
                0x00203e8c        0x1 ../nxtOSEK/ecrobot/../ecrobot/libecrobot.a(sound.oram)
                0x00203e8c                sound_mode
 *fill*         0x00203e8d        0x3 00
 .bss.in_buf_idx
                0x00203e90        0x4 ../nxtOSEK/ecrobot/../ecrobot/libecrobot.a(bt.oram)
 .bss.buf_ptr   0x00203e94        0x4 ../nxtOSEK/ecrobot/../ecrobot/libecrobot.a(bt.oram)
 .bss.out_buf_ptr
                0x00203e98        0x1 ../nxtOSEK/ecrobot/../ecrobot/libecrobot.a(bt.oram)
 .bss.in_buf_in_ptr
                0x00203e99        0x1 ../nxtOSEK/ecrobot/../ecrobot/libecrobot.a(bt.oram)
 .bss.in_buf    0x00203e9a      0x100 ../nxtOSEK/ecrobot/../ecrobot/libecrobot.a(bt.oram)
 *fill*         0x00203f9a        0x2 00
 .bss.link_state
                0x00203f9c        0x4 ../nxtOSEK/ecrobot/../ecrobot/libecrobot.a(nxt_avr.oram)
 .bss.update_count
                0x00203fa0        0x4 ../nxtOSEK/ecrobot/../ecrobot/libecrobot.a(nxt_avr.oram)
 .bss.nxt_avr_stats
                0x00203fa4       0x14 ../nxtOSEK/ecrobot/../ecrobot/libecrobot.a(nxt_avr.oram)
 .bss.debounce_cnt
                0x00203fb8        0x2 ../nxtOSEK/ecrobot/../ecrobot/libecrobot.a(nxt_avr.oram)
 .bss.debounce_state
                0x00203fba        0x2 ../nxtOSEK/ecrobot/../ecrobot/libecrobot.a(nxt_avr.oram)
 .bss.button_state
                0x00203fbc        0x2 ../nxtOSEK/ecrobot/../ecrobot/libecrobot.a(nxt_avr.oram)
 .bss.prev_buttons
                0x00203fbe        0x2 ../nxtOSEK/ecrobot/../ecrobot/libecrobot.a(nxt_avr.oram)
 .bss.from_buf  0x00203fc0        0x4 ../nxtOSEK/ecrobot/../ecrobot/libecrobot.a(nxt_avr.oram)
 .bss.io_from_avr
                0x00203fc4        0x4 ../nxtOSEK/ecrobot/../ecrobot/libecrobot.a(nxt_avr.oram)
 .bss.data_from_avr
                0x00203fc8       0x1a ../nxtOSEK/ecrobot/../ecrobot/libecrobot.a(nxt_avr.oram)
 .bss.data_to_avr
                0x00203fe2        0x9 ../nxtOSEK/ecrobot/../ecrobot/libecrobot.a(nxt_avr.oram)
 .bss.io_to_avr
                0x00203feb        0x8 ../nxtOSEK/ecrobot/../ecrobot/libecrobot.a(nxt_avr.oram)
 *fill*         0x00203ff3        0x1 00
 .bss.display   0x00203ff4        0x4 ../nxtOSEK/ecrobot/../ecrobot/libecrobot.a(nxt_lcd.oram)
                0x00204000                . = ALIGN (0x10)
 *fill*         0x00203ff8        0x8 00
                0x00204000                __bss_end__ = .
 COMMON         0x00204000        0x2 build/kernel/interrupt.o
                0x00204000                runisr
                0x00204001                sus_all_cnt
 *fill*         0x00204002        0x2 00
 COMMON         0x00204004       0x10 build/kernel/osctl.o
                0x00204004                callevel
                0x00204005                _errorhook_svcid
                0x00204006                appmode
                0x00204008                _errorhook_par1
                0x0020400c                _errorhook_par3
                0x00204010                _errorhook_par2
 COMMON         0x00204014        0x3 build/kernel/task.o
                0x00204014                runtsk
                0x00204015                schedtsk
                0x00204016                nextpri
 *fill*         0x00204017        0x1 00
 COMMON         0x00204018       0x50 build/./kernel_cfg.o
                0x00204018                tcb_waievt
                0x0020401c                rescb_prevpri
                0x00204020                almcb_prev
                0x00204024                tcb_lastres
                0x00204028                almcb_almval
                0x0020402c                tcxb_pc
                0x00204034                tcb_next
                0x00204038                tcb_curpri
                0x0020403c                tcb_tstat
                0x00204040                isrcb_lastres
                0x00204044                cntcb_almque
                0x00204048                rescb_prevres
                0x0020404c                tcb_actcnt
                0x00204050                tcb_curevt
                0x00204054                almcb_cycle
                0x00204058                tcxb_sp
                0x00204060                almcb_next
                0x00204064                cntcb_curval
 COMMON         0x00204068       0x44 ../nxtOSEK/ecrobot/../ecrobot/libecrobot.a(uart.oram)
                0x00204068                uart
 COMMON         0x002040ac        0x4 ../nxtOSEK/ecrobot/../ecrobot/libecrobot.a(data_abort.oram)
                0x002040ac                data_abort_pc
 COMMON         0x002040b0        0x8 ../nxtOSEK/ecrobot/../ecrobot/libecrobot.a(display.oram)
                0x002040b0                display_x
                0x002040b4                display_y
 COMMON         0x002040b8      0x31c ../nxtOSEK/ecrobot/../ecrobot/libecrobot.a(sound.oram)
                0x002040b8                sample
                0x00203150                __bss_start__ = ADDR (.bss)
                0x002043d4                __bss_end__ = (ADDR (.bss) + SIZEOF (.bss))
                0x002043d4                PROVIDE (end, .)

.heap_area      0x002043d4     0xb7a4
                0x0020fb78                . = (. + (0x20fb78 - end))
 *fill*         0x002043d4     0xb7a4 00

.stack          0x0020fb78      0x488
                0x0020fbf8                . = (. + 0x80)
 *fill*         0x0020fb78       0x80 00
                0x0020fc00                . = ALIGN (0x10)
 *fill*         0x0020fbf8        0x8 00
                0x0020fc00                __irq_stack__ = .
                0x0020fc00                __system_stack_bottom__ = .
                0x00210000                . = (. + 0x400)
 *fill*         0x0020fc00      0x400 00
                0x00210000                . = ALIGN (0x10)
                0x00210000                __system_stack__ = .
                0x00210000                __system_stack_top__ = .
                0x0020fb78                __stack_start__ = ADDR (.stack)
                0x00210000                __stack_end__ = (ADDR (.stack) + SIZEOF (.stack))
OUTPUT(NXT_COLOR_rom.elf elf32-littlearm)

.comment        0x00000000      0x1af
 .comment       0x00000000       0x11 build/kernel/alarm.o
                                 0x12 (size before relaxing)
 .comment       0x00000000       0x12 build/kernel/event.o
 .comment       0x00000000       0x12 build/kernel/interrupt.o
 .comment       0x00000000       0x12 build/kernel/osctl.o
 .comment       0x00000000       0x12 build/kernel/resource.o
 .comment       0x00000000       0x12 build/kernel/task.o
 .comment       0x00000000       0x12 build/kernel/task_manage.o
 .comment       0x00000000       0x12 build/config/at91sam7s-gnu/cpu_config.o
 .comment       0x00000000       0x12 build/config/at91sam7s-gnu/lego_nxt/sys_config.o
 .comment       0x00000000       0x12 build/./kernel_cfg.o
 .comment       0x00000000       0x12 build/syscalls.o
 .comment       0x00000000       0x12 build/ecrobot_bluetooth.o
 .comment       0x00000000       0x12 build/ecrobot_base.o
 .comment       0x00000000       0x12 build/ecrobot.o
 .comment       0x00000000       0x12 build/nxtcolorsensortest.o
 .comment       0x00000000       0x12 build/syslib/at91sam7s-gnu/lego_nxt/hw_sys_timer.oram
 .comment       0x00000011       0x12 ../nxtOSEK/ecrobot/../ecrobot/libecrobot.a(ecrobot_interface.o)
 .comment       0x00000023       0x12 ../nxtOSEK/ecrobot/../ecrobot/libecrobot.a(colorsensor.o)
 .comment       0x00000035       0x12 ../nxtOSEK/ecrobot/../ecrobot/libecrobot.a(osek_hook.o)
 .comment       0x00000047       0x12 ../nxtOSEK/ecrobot/../ecrobot/libecrobot.a(uart.oram)
 .comment       0x00000059       0x12 ../nxtOSEK/ecrobot/../ecrobot/libecrobot.a(systick.oram)
 .comment       0x0000006b       0x12 ../nxtOSEK/ecrobot/../ecrobot/libecrobot.a(byte_fifo.oram)
 .comment       0x0000007d       0x12 ../nxtOSEK/ecrobot/../ecrobot/libecrobot.a(aic.oram)
 .comment       0x0000008f       0x12 ../nxtOSEK/ecrobot/../ecrobot/libecrobot.a(udp.oram)
 .comment       0x000000a1       0x12 ../nxtOSEK/ecrobot/../ecrobot/libecrobot.a(twi.oram)
 .comment       0x000000b3       0x12 ../nxtOSEK/ecrobot/../ecrobot/libecrobot.a(nxt_spi.oram)
 .comment       0x000000c5       0x12 ../nxtOSEK/ecrobot/../ecrobot/libecrobot.a(nxt_motors.oram)
 .comment       0x000000d7       0x12 ../nxtOSEK/ecrobot/../ecrobot/libecrobot.a(data_abort.oram)
 .comment       0x000000e9       0x12 ../nxtOSEK/ecrobot/../ecrobot/libecrobot.a(display.oram)
 .comment       0x000000fb       0x12 ../nxtOSEK/ecrobot/../ecrobot/libecrobot.a(i2c.oram)
 .comment       0x0000010d       0x12 ../nxtOSEK/ecrobot/../ecrobot/libecrobot.a(sound.oram)
 .comment       0x0000011f       0x12 ../nxtOSEK/ecrobot/../ecrobot/libecrobot.a(bt.oram)
 .comment       0x00000131       0x12 ../nxtOSEK/ecrobot/../ecrobot/libecrobot.a(nxt_avr.oram)
 .comment       0x00000143       0x12 ../nxtOSEK/ecrobot/../ecrobot/libecrobot.a(sensors.oram)
 .comment       0x00000155       0x12 ../nxtOSEK/ecrobot/../ecrobot/libecrobot.a(sensors1.oram)
 .comment       0x00000167       0x12 ../nxtOSEK/ecrobot/../ecrobot/libecrobot.a(nxt_lcd.oram)
 .comment       0x00000179       0x12 ../nxtOSEK/ecrobot/../ecrobot/libecrobot.a(flash_loader.oram)
 .comment       0x0000018b       0x12 ../nxtOSEK/ecrobot/../ecrobot/libecrobot.a(ecrobot_usb.o)
 .comment       0x0000019d       0x12 ../nxtOSEK/ecrobot/../ecrobot/libecrobot.a(flashprog.oram)
 .comment       0x00000000       0x12 /home/pprintz/Downloads/gnuarm/lib/gcc/arm-elf/4.4.2/thumb/interwork/libgcc.a(_muldi3.o)
 .comment       0x00000000       0x12 /home/pprintz/Downloads/gnuarm/lib/gcc/arm-elf/4.4.2/thumb/interwork/libgcc.a(_divdi3.o)
 .comment       0x00000000       0x12 /home/pprintz/Downloads/gnuarm/lib/gcc/arm-elf/4.4.2/../../../../arm-elf/lib/thumb/interwork/libc.a(lib_a-memcpy.o)
 .comment       0x00000000       0x12 /home/pprintz/Downloads/gnuarm/lib/gcc/arm-elf/4.4.2/../../../../arm-elf/lib/thumb/interwork/libc.a(lib_a-memset.o)
 .comment       0x00000000       0x12 /home/pprintz/Downloads/gnuarm/lib/gcc/arm-elf/4.4.2/../../../../arm-elf/lib/thumb/interwork/libc.a(lib_a-strcmp.o)
 .comment       0x00000000       0x12 /home/pprintz/Downloads/gnuarm/lib/gcc/arm-elf/4.4.2/../../../../arm-elf/lib/thumb/interwork/libc.a(lib_a-strcpy.o)
 .comment       0x00000000       0x12 /home/pprintz/Downloads/gnuarm/lib/gcc/arm-elf/4.4.2/../../../../arm-elf/lib/thumb/interwork/libc.a(lib_a-strlen.o)
 .comment       0x00000000       0x12 /home/pprintz/Downloads/gnuarm/lib/gcc/arm-elf/4.4.2/../../../../arm-elf/lib/thumb/interwork/libc.a(lib_a-strncpy.o)

.ARM.attributes
                0x00000000       0x10
 .ARM.attributes
                0x00000000       0x10 build/kernel/alarm.o
 .ARM.attributes
                0x00000010       0x10 build/kernel/event.o
 .ARM.attributes
                0x00000020       0x10 build/kernel/interrupt.o
 .ARM.attributes
                0x00000030       0x10 build/kernel/osctl.o
 .ARM.attributes
                0x00000040       0x10 build/kernel/resource.o
 .ARM.attributes
                0x00000050       0x10 build/kernel/task.o
 .ARM.attributes
                0x00000060       0x10 build/kernel/task_manage.o
 .ARM.attributes
                0x00000070       0x10 build/config/at91sam7s-gnu/cpu_config.o
 .ARM.attributes
                0x00000080       0x10 build/config/at91sam7s-gnu/lego_nxt/sys_config.o
 .ARM.attributes
                0x00000090       0x10 build/./kernel_cfg.o
 .ARM.attributes
                0x000000a0       0x10 build/syscalls.o
 .ARM.attributes
                0x000000b0       0x10 build/ecrobot_bluetooth.o
 .ARM.attributes
                0x000000c0       0x10 build/ecrobot_base.o
 .ARM.attributes
                0x000000d0       0x10 build/ecrobot.o
 .ARM.attributes
                0x000000e0       0x10 build/nxtcolorsensortest.o
 .ARM.attributes
                0x000000f0       0x10 build/syslib/at91sam7s-gnu/lego_nxt/hw_sys_timer.oram
 .ARM.attributes
                0x00000100       0x10 build/nxtvm/platform/nxt/vectors.o
 .ARM.attributes
                0x00000110       0x10 build/config/at91sam7s-gnu/debug.o
 .ARM.attributes
                0x00000120       0x10 build/config/at91sam7s-gnu/lego_nxt/sys_support.o
 .ARM.attributes
                0x00000130       0x10 build/nxt_binary_header.o
 .ARM.attributes
                0x00000140       0x10 build/nxt_entry_point.o
 .ARM.attributes
                0x00000150       0x10 build/ecrobot_init.o
 .ARM.attributes
                0x00000160       0x10 build/config/at91sam7s-gnu/cpu_support.oram
 .ARM.attributes
                0x00000170       0x10 build/config/at91sam7s-gnu/irq.oram
 .ARM.attributes
                0x00000180       0x10 /home/pprintz/Downloads/gnuarm/lib/gcc/arm-elf/4.4.2/thumb/interwork/libgcc.a(_udivsi3.o)
 .ARM.attributes
                0x00000190       0x10 /home/pprintz/Downloads/gnuarm/lib/gcc/arm-elf/4.4.2/thumb/interwork/libgcc.a(_divsi3.o)
 .ARM.attributes
                0x000001a0       0x10 /home/pprintz/Downloads/gnuarm/lib/gcc/arm-elf/4.4.2/thumb/interwork/libgcc.a(_umodsi3.o)
 .ARM.attributes
                0x000001b0       0x10 /home/pprintz/Downloads/gnuarm/lib/gcc/arm-elf/4.4.2/thumb/interwork/libgcc.a(_modsi3.o)
 .ARM.attributes
                0x000001c0       0x10 /home/pprintz/Downloads/gnuarm/lib/gcc/arm-elf/4.4.2/thumb/interwork/libgcc.a(_dvmd_tls.o)
 .ARM.attributes
                0x000001d0       0x10 /home/pprintz/Downloads/gnuarm/lib/gcc/arm-elf/4.4.2/thumb/interwork/libgcc.a(_arm_addsubdf3.o)
 .ARM.attributes
                0x000001e0       0x10 /home/pprintz/Downloads/gnuarm/lib/gcc/arm-elf/4.4.2/thumb/interwork/libgcc.a(_arm_muldivdf3.o)
 .ARM.attributes
                0x000001f0       0x10 /home/pprintz/Downloads/gnuarm/lib/gcc/arm-elf/4.4.2/thumb/interwork/libgcc.a(_arm_cmpdf2.o)
 .ARM.attributes
                0x00000200       0x10 /home/pprintz/Downloads/gnuarm/lib/gcc/arm-elf/4.4.2/thumb/interwork/libgcc.a(_muldi3.o)
 .ARM.attributes
                0x00000210       0x10 /home/pprintz/Downloads/gnuarm/lib/gcc/arm-elf/4.4.2/thumb/interwork/libgcc.a(_divdi3.o)
 .ARM.attributes
                0x00000220       0x10 /home/pprintz/Downloads/gnuarm/lib/gcc/arm-elf/4.4.2/thumb/interwork/libgcc.a(_clzsi2.o)
 .ARM.attributes
                0x00000230       0x10 /home/pprintz/Downloads/gnuarm/lib/gcc/arm-elf/4.4.2/../../../../arm-elf/lib/thumb/interwork/libc.a(lib_a-memcpy.o)
 .ARM.attributes
                0x00000240       0x10 /home/pprintz/Downloads/gnuarm/lib/gcc/arm-elf/4.4.2/../../../../arm-elf/lib/thumb/interwork/libc.a(lib_a-memset.o)
 .ARM.attributes
                0x00000250       0x10 /home/pprintz/Downloads/gnuarm/lib/gcc/arm-elf/4.4.2/../../../../arm-elf/lib/thumb/interwork/libc.a(lib_a-strcmp.o)
 .ARM.attributes
                0x00000260       0x10 /home/pprintz/Downloads/gnuarm/lib/gcc/arm-elf/4.4.2/../../../../arm-elf/lib/thumb/interwork/libc.a(lib_a-strcpy.o)
 .ARM.attributes
                0x00000270       0x10 /home/pprintz/Downloads/gnuarm/lib/gcc/arm-elf/4.4.2/../../../../arm-elf/lib/thumb/interwork/libc.a(lib_a-strlen.o)
 .ARM.attributes
                0x00000280       0x10 /home/pprintz/Downloads/gnuarm/lib/gcc/arm-elf/4.4.2/../../../../arm-elf/lib/thumb/interwork/libc.a(lib_a-strncpy.o)
 .ARM.attributes
                0x00000290       0x10 build/nxtvm/platform/nxt/vectors.o

.debug_frame    0x00000000       0xa0
 .debug_frame   0x00000000       0x28 /home/pprintz/Downloads/gnuarm/lib/gcc/arm-elf/4.4.2/thumb/interwork/libgcc.a(_udivsi3.o)
 .debug_frame   0x00000028       0x28 /home/pprintz/Downloads/gnuarm/lib/gcc/arm-elf/4.4.2/thumb/interwork/libgcc.a(_divsi3.o)
 .debug_frame   0x00000050       0x28 /home/pprintz/Downloads/gnuarm/lib/gcc/arm-elf/4.4.2/thumb/interwork/libgcc.a(_umodsi3.o)
 .debug_frame   0x00000078       0x28 /home/pprintz/Downloads/gnuarm/lib/gcc/arm-elf/4.4.2/thumb/interwork/libgcc.a(_modsi3.o)

.debug_line     0x00000000      0xf0a
 .debug_line    0x00000000       0x93 /home/pprintz/Downloads/gnuarm/lib/gcc/arm-elf/4.4.2/thumb/interwork/libgcc.a(_udivsi3.o)
 .debug_line    0x00000093       0x9f /home/pprintz/Downloads/gnuarm/lib/gcc/arm-elf/4.4.2/thumb/interwork/libgcc.a(_divsi3.o)
 .debug_line    0x00000132       0x8b /home/pprintz/Downloads/gnuarm/lib/gcc/arm-elf/4.4.2/thumb/interwork/libgcc.a(_umodsi3.o)
 .debug_line    0x000001bd       0x94 /home/pprintz/Downloads/gnuarm/lib/gcc/arm-elf/4.4.2/thumb/interwork/libgcc.a(_modsi3.o)
 .debug_line    0x00000251       0x7d /home/pprintz/Downloads/gnuarm/lib/gcc/arm-elf/4.4.2/thumb/interwork/libgcc.a(_dvmd_tls.o)
 .debug_line    0x000002ce      0x185 /home/pprintz/Downloads/gnuarm/lib/gcc/arm-elf/4.4.2/thumb/interwork/libgcc.a(_arm_addsubdf3.o)
 .debug_line    0x00000453      0x19a /home/pprintz/Downloads/gnuarm/lib/gcc/arm-elf/4.4.2/thumb/interwork/libgcc.a(_arm_muldivdf3.o)
 .debug_line    0x000005ed       0xc7 /home/pprintz/Downloads/gnuarm/lib/gcc/arm-elf/4.4.2/thumb/interwork/libgcc.a(_arm_cmpdf2.o)
 .debug_line    0x000006b4       0x88 /home/pprintz/Downloads/gnuarm/lib/gcc/arm-elf/4.4.2/thumb/interwork/libgcc.a(_muldi3.o)
 .debug_line    0x0000073c       0xe9 /home/pprintz/Downloads/gnuarm/lib/gcc/arm-elf/4.4.2/thumb/interwork/libgcc.a(_divdi3.o)
 .debug_line    0x00000825       0x8a /home/pprintz/Downloads/gnuarm/lib/gcc/arm-elf/4.4.2/thumb/interwork/libgcc.a(_clzsi2.o)
 .debug_line    0x000008af      0x150 /home/pprintz/Downloads/gnuarm/lib/gcc/arm-elf/4.4.2/../../../../arm-elf/lib/thumb/interwork/libc.a(lib_a-memcpy.o)
 .debug_line    0x000009ff      0x14b /home/pprintz/Downloads/gnuarm/lib/gcc/arm-elf/4.4.2/../../../../arm-elf/lib/thumb/interwork/libc.a(lib_a-memset.o)
 .debug_line    0x00000b4a       0xc5 /home/pprintz/Downloads/gnuarm/lib/gcc/arm-elf/4.4.2/../../../../arm-elf/lib/thumb/interwork/libc.a(lib_a-strcmp.o)
 .debug_line    0x00000c0f       0xc5 /home/pprintz/Downloads/gnuarm/lib/gcc/arm-elf/4.4.2/../../../../arm-elf/lib/thumb/interwork/libc.a(lib_a-strcpy.o)
 .debug_line    0x00000cd4      0x111 /home/pprintz/Downloads/gnuarm/lib/gcc/arm-elf/4.4.2/../../../../arm-elf/lib/thumb/interwork/libc.a(lib_a-strlen.o)
 .debug_line    0x00000de5      0x125 /home/pprintz/Downloads/gnuarm/lib/gcc/arm-elf/4.4.2/../../../../arm-elf/lib/thumb/interwork/libc.a(lib_a-strncpy.o)

.debug_info     0x00000000     0x14b4
 .debug_info    0x00000000       0xbc /home/pprintz/Downloads/gnuarm/lib/gcc/arm-elf/4.4.2/thumb/interwork/libgcc.a(_udivsi3.o)
 .debug_info    0x000000bc       0xbc /home/pprintz/Downloads/gnuarm/lib/gcc/arm-elf/4.4.2/thumb/interwork/libgcc.a(_divsi3.o)
 .debug_info    0x00000178       0xbc /home/pprintz/Downloads/gnuarm/lib/gcc/arm-elf/4.4.2/thumb/interwork/libgcc.a(_umodsi3.o)
 .debug_info    0x00000234       0xbc /home/pprintz/Downloads/gnuarm/lib/gcc/arm-elf/4.4.2/thumb/interwork/libgcc.a(_modsi3.o)
 .debug_info    0x000002f0       0xbc /home/pprintz/Downloads/gnuarm/lib/gcc/arm-elf/4.4.2/thumb/interwork/libgcc.a(_dvmd_tls.o)
 .debug_info    0x000003ac       0xbb /home/pprintz/Downloads/gnuarm/lib/gcc/arm-elf/4.4.2/thumb/interwork/libgcc.a(_arm_addsubdf3.o)
 .debug_info    0x00000467       0xbb /home/pprintz/Downloads/gnuarm/lib/gcc/arm-elf/4.4.2/thumb/interwork/libgcc.a(_arm_muldivdf3.o)
 .debug_info    0x00000522       0xbb /home/pprintz/Downloads/gnuarm/lib/gcc/arm-elf/4.4.2/thumb/interwork/libgcc.a(_arm_cmpdf2.o)
 .debug_info    0x000005dd      0x20e /home/pprintz/Downloads/gnuarm/lib/gcc/arm-elf/4.4.2/thumb/interwork/libgcc.a(_muldi3.o)
 .debug_info    0x000007eb      0x669 /home/pprintz/Downloads/gnuarm/lib/gcc/arm-elf/4.4.2/thumb/interwork/libgcc.a(_divdi3.o)
 .debug_info    0x00000e54       0xbc /home/pprintz/Downloads/gnuarm/lib/gcc/arm-elf/4.4.2/thumb/interwork/libgcc.a(_clzsi2.o)
 .debug_info    0x00000f10      0x13e /home/pprintz/Downloads/gnuarm/lib/gcc/arm-elf/4.4.2/../../../../arm-elf/lib/thumb/interwork/libc.a(lib_a-memcpy.o)
 .debug_info    0x0000104e      0x111 /home/pprintz/Downloads/gnuarm/lib/gcc/arm-elf/4.4.2/../../../../arm-elf/lib/thumb/interwork/libc.a(lib_a-memset.o)
 .debug_info    0x0000115f       0xaf /home/pprintz/Downloads/gnuarm/lib/gcc/arm-elf/4.4.2/../../../../arm-elf/lib/thumb/interwork/libc.a(lib_a-strcmp.o)
 .debug_info    0x0000120e       0xb7 /home/pprintz/Downloads/gnuarm/lib/gcc/arm-elf/4.4.2/../../../../arm-elf/lib/thumb/interwork/libc.a(lib_a-strcpy.o)
 .debug_info    0x000012c5       0xcb /home/pprintz/Downloads/gnuarm/lib/gcc/arm-elf/4.4.2/../../../../arm-elf/lib/thumb/interwork/libc.a(lib_a-strlen.o)
 .debug_info    0x00001390      0x124 /home/pprintz/Downloads/gnuarm/lib/gcc/arm-elf/4.4.2/../../../../arm-elf/lib/thumb/interwork/libc.a(lib_a-strncpy.o)

.debug_abbrev   0x00000000      0x674
 .debug_abbrev  0x00000000       0x14 /home/pprintz/Downloads/gnuarm/lib/gcc/arm-elf/4.4.2/thumb/interwork/libgcc.a(_udivsi3.o)
 .debug_abbrev  0x00000014       0x14 /home/pprintz/Downloads/gnuarm/lib/gcc/arm-elf/4.4.2/thumb/interwork/libgcc.a(_divsi3.o)
 .debug_abbrev  0x00000028       0x14 /home/pprintz/Downloads/gnuarm/lib/gcc/arm-elf/4.4.2/thumb/interwork/libgcc.a(_umodsi3.o)
 .debug_abbrev  0x0000003c       0x14 /home/pprintz/Downloads/gnuarm/lib/gcc/arm-elf/4.4.2/thumb/interwork/libgcc.a(_modsi3.o)
 .debug_abbrev  0x00000050       0x14 /home/pprintz/Downloads/gnuarm/lib/gcc/arm-elf/4.4.2/thumb/interwork/libgcc.a(_dvmd_tls.o)
 .debug_abbrev  0x00000064       0x14 /home/pprintz/Downloads/gnuarm/lib/gcc/arm-elf/4.4.2/thumb/interwork/libgcc.a(_arm_addsubdf3.o)
 .debug_abbrev  0x00000078       0x14 /home/pprintz/Downloads/gnuarm/lib/gcc/arm-elf/4.4.2/thumb/interwork/libgcc.a(_arm_muldivdf3.o)
 .debug_abbrev  0x0000008c       0x14 /home/pprintz/Downloads/gnuarm/lib/gcc/arm-elf/4.4.2/thumb/interwork/libgcc.a(_arm_cmpdf2.o)
 .debug_abbrev  0x000000a0       0xf5 /home/pprintz/Downloads/gnuarm/lib/gcc/arm-elf/4.4.2/thumb/interwork/libgcc.a(_muldi3.o)
 .debug_abbrev  0x00000195      0x169 /home/pprintz/Downloads/gnuarm/lib/gcc/arm-elf/4.4.2/thumb/interwork/libgcc.a(_divdi3.o)
 .debug_abbrev  0x000002fe       0x14 /home/pprintz/Downloads/gnuarm/lib/gcc/arm-elf/4.4.2/thumb/interwork/libgcc.a(_clzsi2.o)
 .debug_abbrev  0x00000312       0xa0 /home/pprintz/Downloads/gnuarm/lib/gcc/arm-elf/4.4.2/../../../../arm-elf/lib/thumb/interwork/libc.a(lib_a-memcpy.o)
 .debug_abbrev  0x000003b2       0xa1 /home/pprintz/Downloads/gnuarm/lib/gcc/arm-elf/4.4.2/../../../../arm-elf/lib/thumb/interwork/libc.a(lib_a-memset.o)
 .debug_abbrev  0x00000453       0x76 /home/pprintz/Downloads/gnuarm/lib/gcc/arm-elf/4.4.2/../../../../arm-elf/lib/thumb/interwork/libc.a(lib_a-strcmp.o)
 .debug_abbrev  0x000004c9       0x76 /home/pprintz/Downloads/gnuarm/lib/gcc/arm-elf/4.4.2/../../../../arm-elf/lib/thumb/interwork/libc.a(lib_a-strcpy.o)
 .debug_abbrev  0x0000053f       0x92 /home/pprintz/Downloads/gnuarm/lib/gcc/arm-elf/4.4.2/../../../../arm-elf/lib/thumb/interwork/libc.a(lib_a-strlen.o)
 .debug_abbrev  0x000005d1       0xa3 /home/pprintz/Downloads/gnuarm/lib/gcc/arm-elf/4.4.2/../../../../arm-elf/lib/thumb/interwork/libc.a(lib_a-strncpy.o)

.debug_aranges  0x00000000      0x220
 .debug_aranges
                0x00000000       0x20 /home/pprintz/Downloads/gnuarm/lib/gcc/arm-elf/4.4.2/thumb/interwork/libgcc.a(_udivsi3.o)
 .debug_aranges
                0x00000020       0x20 /home/pprintz/Downloads/gnuarm/lib/gcc/arm-elf/4.4.2/thumb/interwork/libgcc.a(_divsi3.o)
 .debug_aranges
                0x00000040       0x20 /home/pprintz/Downloads/gnuarm/lib/gcc/arm-elf/4.4.2/thumb/interwork/libgcc.a(_umodsi3.o)
 .debug_aranges
                0x00000060       0x20 /home/pprintz/Downloads/gnuarm/lib/gcc/arm-elf/4.4.2/thumb/interwork/libgcc.a(_modsi3.o)
 .debug_aranges
                0x00000080       0x20 /home/pprintz/Downloads/gnuarm/lib/gcc/arm-elf/4.4.2/thumb/interwork/libgcc.a(_dvmd_tls.o)
 .debug_aranges
                0x000000a0       0x20 /home/pprintz/Downloads/gnuarm/lib/gcc/arm-elf/4.4.2/thumb/interwork/libgcc.a(_arm_addsubdf3.o)
 .debug_aranges
                0x000000c0       0x20 /home/pprintz/Downloads/gnuarm/lib/gcc/arm-elf/4.4.2/thumb/interwork/libgcc.a(_arm_muldivdf3.o)
 .debug_aranges
                0x000000e0       0x20 /home/pprintz/Downloads/gnuarm/lib/gcc/arm-elf/4.4.2/thumb/interwork/libgcc.a(_arm_cmpdf2.o)
 .debug_aranges
                0x00000100       0x20 /home/pprintz/Downloads/gnuarm/lib/gcc/arm-elf/4.4.2/thumb/interwork/libgcc.a(_muldi3.o)
 .debug_aranges
                0x00000120       0x20 /home/pprintz/Downloads/gnuarm/lib/gcc/arm-elf/4.4.2/thumb/interwork/libgcc.a(_divdi3.o)
 .debug_aranges
                0x00000140       0x20 /home/pprintz/Downloads/gnuarm/lib/gcc/arm-elf/4.4.2/thumb/interwork/libgcc.a(_clzsi2.o)
 .debug_aranges
                0x00000160       0x20 /home/pprintz/Downloads/gnuarm/lib/gcc/arm-elf/4.4.2/../../../../arm-elf/lib/thumb/interwork/libc.a(lib_a-memcpy.o)
 .debug_aranges
                0x00000180       0x20 /home/pprintz/Downloads/gnuarm/lib/gcc/arm-elf/4.4.2/../../../../arm-elf/lib/thumb/interwork/libc.a(lib_a-memset.o)
 .debug_aranges
                0x000001a0       0x20 /home/pprintz/Downloads/gnuarm/lib/gcc/arm-elf/4.4.2/../../../../arm-elf/lib/thumb/interwork/libc.a(lib_a-strcmp.o)
 .debug_aranges
                0x000001c0       0x20 /home/pprintz/Downloads/gnuarm/lib/gcc/arm-elf/4.4.2/../../../../arm-elf/lib/thumb/interwork/libc.a(lib_a-strcpy.o)
 .debug_aranges
                0x000001e0       0x20 /home/pprintz/Downloads/gnuarm/lib/gcc/arm-elf/4.4.2/../../../../arm-elf/lib/thumb/interwork/libc.a(lib_a-strlen.o)
 .debug_aranges
                0x00000200       0x20 /home/pprintz/Downloads/gnuarm/lib/gcc/arm-elf/4.4.2/../../../../arm-elf/lib/thumb/interwork/libc.a(lib_a-strncpy.o)

.debug_loc      0x00000000      0xcd8
 .debug_loc     0x00000000      0x156 /home/pprintz/Downloads/gnuarm/lib/gcc/arm-elf/4.4.2/thumb/interwork/libgcc.a(_muldi3.o)
 .debug_loc     0x00000156      0x800 /home/pprintz/Downloads/gnuarm/lib/gcc/arm-elf/4.4.2/thumb/interwork/libgcc.a(_divdi3.o)
 .debug_loc     0x00000956      0x13b /home/pprintz/Downloads/gnuarm/lib/gcc/arm-elf/4.4.2/../../../../arm-elf/lib/thumb/interwork/libc.a(lib_a-memcpy.o)
 .debug_loc     0x00000a91       0xfc /home/pprintz/Downloads/gnuarm/lib/gcc/arm-elf/4.4.2/../../../../arm-elf/lib/thumb/interwork/libc.a(lib_a-memset.o)
 .debug_loc     0x00000b8d       0x13 /home/pprintz/Downloads/gnuarm/lib/gcc/arm-elf/4.4.2/../../../../arm-elf/lib/thumb/interwork/libc.a(lib_a-strcmp.o)
 .debug_loc     0x00000ba0       0x13 /home/pprintz/Downloads/gnuarm/lib/gcc/arm-elf/4.4.2/../../../../arm-elf/lib/thumb/interwork/libc.a(lib_a-strcpy.o)
 .debug_loc     0x00000bb3       0x26 /home/pprintz/Downloads/gnuarm/lib/gcc/arm-elf/4.4.2/../../../../arm-elf/lib/thumb/interwork/libc.a(lib_a-strlen.o)
 .debug_loc     0x00000bd9       0xff /home/pprintz/Downloads/gnuarm/lib/gcc/arm-elf/4.4.2/../../../../arm-elf/lib/thumb/interwork/libc.a(lib_a-strncpy.o)

.debug_pubnames
                0x00000000       0xed
 .debug_pubnames
                0x00000000       0x1f /home/pprintz/Downloads/gnuarm/lib/gcc/arm-elf/4.4.2/thumb/interwork/libgcc.a(_muldi3.o)
 .debug_pubnames
                0x0000001f       0x1f /home/pprintz/Downloads/gnuarm/lib/gcc/arm-elf/4.4.2/thumb/interwork/libgcc.a(_divdi3.o)
 .debug_pubnames
                0x0000003e       0x1d /home/pprintz/Downloads/gnuarm/lib/gcc/arm-elf/4.4.2/../../../../arm-elf/lib/thumb/interwork/libc.a(lib_a-memcpy.o)
 .debug_pubnames
                0x0000005b       0x1d /home/pprintz/Downloads/gnuarm/lib/gcc/arm-elf/4.4.2/../../../../arm-elf/lib/thumb/interwork/libc.a(lib_a-memset.o)
 .debug_pubnames
                0x00000078       0x1d /home/pprintz/Downloads/gnuarm/lib/gcc/arm-elf/4.4.2/../../../../arm-elf/lib/thumb/interwork/libc.a(lib_a-strcmp.o)
 .debug_pubnames
                0x00000095       0x1d /home/pprintz/Downloads/gnuarm/lib/gcc/arm-elf/4.4.2/../../../../arm-elf/lib/thumb/interwork/libc.a(lib_a-strcpy.o)
 .debug_pubnames
                0x000000b2       0x1d /home/pprintz/Downloads/gnuarm/lib/gcc/arm-elf/4.4.2/../../../../arm-elf/lib/thumb/interwork/libc.a(lib_a-strlen.o)
 .debug_pubnames
                0x000000cf       0x1e /home/pprintz/Downloads/gnuarm/lib/gcc/arm-elf/4.4.2/../../../../arm-elf/lib/thumb/interwork/libc.a(lib_a-strncpy.o)

.debug_ranges   0x00000000      0x120
 .debug_ranges  0x00000000       0x40 /home/pprintz/Downloads/gnuarm/lib/gcc/arm-elf/4.4.2/thumb/interwork/libgcc.a(_muldi3.o)
 .debug_ranges  0x00000040       0xe0 /home/pprintz/Downloads/gnuarm/lib/gcc/arm-elf/4.4.2/thumb/interwork/libgcc.a(_divdi3.o)

.debug_str      0x00000000      0x3b8
 .debug_str     0x00000000      0x14d /home/pprintz/Downloads/gnuarm/lib/gcc/arm-elf/4.4.2/thumb/interwork/libgcc.a(_muldi3.o)
                                0x1a1 (size before relaxing)
 .debug_str     0x0000014d       0x3c /home/pprintz/Downloads/gnuarm/lib/gcc/arm-elf/4.4.2/thumb/interwork/libgcc.a(_divdi3.o)
                                0x1d4 (size before relaxing)
 .debug_str     0x00000189       0x7b /home/pprintz/Downloads/gnuarm/lib/gcc/arm-elf/4.4.2/../../../../arm-elf/lib/thumb/interwork/libc.a(lib_a-memcpy.o)
                                0x110 (size before relaxing)
 .debug_str     0x00000204       0x61 /home/pprintz/Downloads/gnuarm/lib/gcc/arm-elf/4.4.2/../../../../arm-elf/lib/thumb/interwork/libc.a(lib_a-memset.o)
                                 0xfd (size before relaxing)
 .debug_str     0x00000265       0x52 /home/pprintz/Downloads/gnuarm/lib/gcc/arm-elf/4.4.2/../../../../arm-elf/lib/thumb/interwork/libc.a(lib_a-strcmp.o)
                                 0xe7 (size before relaxing)
 .debug_str     0x000002b7       0x52 /home/pprintz/Downloads/gnuarm/lib/gcc/arm-elf/4.4.2/../../../../arm-elf/lib/thumb/interwork/libc.a(lib_a-strcpy.o)
                                 0xe7 (size before relaxing)
 .debug_str     0x00000309       0x5a /home/pprintz/Downloads/gnuarm/lib/gcc/arm-elf/4.4.2/../../../../arm-elf/lib/thumb/interwork/libc.a(lib_a-strlen.o)
                                 0xf6 (size before relaxing)
 .debug_str     0x00000363       0x55 /home/pprintz/Downloads/gnuarm/lib/gcc/arm-elf/4.4.2/../../../../arm-elf/lib/thumb/interwork/libc.a(lib_a-strncpy.o)
                                0x113 (size before relaxing)

Cross Reference Table

Symbol                                            File
ActivateTask                                      build/kernel/task_manage.o
AlarmTask2                                        build/./kernel_cfg.o
                                                  build/nxtcolorsensortest.o
CancelAlarm                                       build/kernel/alarm.o
ChainTask                                         build/kernel/task_manage.o
ClearEvent                                        build/kernel/event.o
DisableAllInterrupts                              build/kernel/interrupt.o
EnableAllInterrupts                               build/kernel/interrupt.o
ErrorHook                                         ../nxtOSEK/ecrobot/../ecrobot/libecrobot.a(osek_hook.o)
                                                  build/kernel/osctl.o
EventTask2                                        build/./kernel_cfg.o
GetActiveApplicationMode                          build/kernel/osctl.o
GetAlarm                                          build/kernel/alarm.o
GetAlarmBase                                      build/kernel/alarm.o
GetEvent                                          build/kernel/event.o
GetResource                                       build/kernel/resource.o
GetTaskID                                         build/kernel/task_manage.o
GetTaskState                                      build/kernel/task_manage.o
NXT_COLORSENSOR_PROTOCOLS                         ../nxtOSEK/ecrobot/../ecrobot/libecrobot.a(ecrobot_interface.o)
NXT_Entry_Point                                   build/nxt_entry_point.o
                                                  build/nxt_binary_header.o
PostTaskHook                                      ../nxtOSEK/ecrobot/../ecrobot/libecrobot.a(osek_hook.o)
                                                  build/config/at91sam7s-gnu/cpu_support.oram
                                                  build/kernel/osctl.o
PreTaskHook                                       ../nxtOSEK/ecrobot/../ecrobot/libecrobot.a(osek_hook.o)
                                                  build/config/at91sam7s-gnu/cpu_support.oram
                                                  build/kernel/osctl.o
ReleaseResource                                   build/kernel/resource.o
ResumeAllInterrupts                               build/kernel/interrupt.o
ResumeOSInterrupts                                build/kernel/interrupt.o
Schedule                                          build/kernel/task_manage.o
SetAbsAlarm                                       build/kernel/alarm.o
SetEvent                                          build/kernel/event.o
                                                  build/./kernel_cfg.o
SetRelAlarm                                       build/kernel/alarm.o
                                                  build/nxtcolorsensortest.o
ShutdownHook                                      ../nxtOSEK/ecrobot/../ecrobot/libecrobot.a(osek_hook.o)
                                                  build/kernel/osctl.o
ShutdownOS                                        build/kernel/osctl.o
SignalCounter                                     build/kernel/alarm.o
                                                  build/nxtcolorsensortest.o
StartOS                                           build/kernel/osctl.o
                                                  build/ecrobot.o
StartupHook                                       ../nxtOSEK/ecrobot/../ecrobot/libecrobot.a(osek_hook.o)
                                                  build/kernel/osctl.o
SuspendAllInterrupts                              build/kernel/interrupt.o
SuspendOSInterrupts                               build/kernel/interrupt.o
SysTimerCnt                                       build/./kernel_cfg.o
                                                  build/nxtcolorsensortest.o
Task1                                             build/./kernel_cfg.o
Task2                                             build/./kernel_cfg.o
TaskMainTask1                                     build/nxtcolorsensortest.o
                                                  build/./kernel_cfg.o
TaskMainTask2                                     build/nxtcolorsensortest.o
                                                  build/./kernel_cfg.o
TerminateTask                                     build/kernel/task_manage.o
WaitEvent                                         build/kernel/event.o
__adddf3                                          /home/pprintz/Downloads/gnuarm/lib/gcc/arm-elf/4.4.2/thumb/interwork/libgcc.a(_arm_addsubdf3.o)
__aeabi_cdcmpeq                                   /home/pprintz/Downloads/gnuarm/lib/gcc/arm-elf/4.4.2/thumb/interwork/libgcc.a(_arm_cmpdf2.o)
__aeabi_cdcmple                                   /home/pprintz/Downloads/gnuarm/lib/gcc/arm-elf/4.4.2/thumb/interwork/libgcc.a(_arm_cmpdf2.o)
__aeabi_cdrcmple                                  /home/pprintz/Downloads/gnuarm/lib/gcc/arm-elf/4.4.2/thumb/interwork/libgcc.a(_arm_cmpdf2.o)
__aeabi_dadd                                      /home/pprintz/Downloads/gnuarm/lib/gcc/arm-elf/4.4.2/thumb/interwork/libgcc.a(_arm_addsubdf3.o)
__aeabi_dcmpeq                                    /home/pprintz/Downloads/gnuarm/lib/gcc/arm-elf/4.4.2/thumb/interwork/libgcc.a(_arm_cmpdf2.o)
__aeabi_dcmpge                                    /home/pprintz/Downloads/gnuarm/lib/gcc/arm-elf/4.4.2/thumb/interwork/libgcc.a(_arm_cmpdf2.o)
__aeabi_dcmpgt                                    /home/pprintz/Downloads/gnuarm/lib/gcc/arm-elf/4.4.2/thumb/interwork/libgcc.a(_arm_cmpdf2.o)
__aeabi_dcmple                                    /home/pprintz/Downloads/gnuarm/lib/gcc/arm-elf/4.4.2/thumb/interwork/libgcc.a(_arm_cmpdf2.o)
__aeabi_dcmplt                                    /home/pprintz/Downloads/gnuarm/lib/gcc/arm-elf/4.4.2/thumb/interwork/libgcc.a(_arm_cmpdf2.o)
__aeabi_ddiv                                      /home/pprintz/Downloads/gnuarm/lib/gcc/arm-elf/4.4.2/thumb/interwork/libgcc.a(_arm_muldivdf3.o)
__aeabi_dmul                                      /home/pprintz/Downloads/gnuarm/lib/gcc/arm-elf/4.4.2/thumb/interwork/libgcc.a(_arm_muldivdf3.o)
__aeabi_drsub                                     /home/pprintz/Downloads/gnuarm/lib/gcc/arm-elf/4.4.2/thumb/interwork/libgcc.a(_arm_addsubdf3.o)
__aeabi_dsub                                      /home/pprintz/Downloads/gnuarm/lib/gcc/arm-elf/4.4.2/thumb/interwork/libgcc.a(_arm_addsubdf3.o)
__aeabi_f2d                                       /home/pprintz/Downloads/gnuarm/lib/gcc/arm-elf/4.4.2/thumb/interwork/libgcc.a(_arm_addsubdf3.o)
__aeabi_i2d                                       /home/pprintz/Downloads/gnuarm/lib/gcc/arm-elf/4.4.2/thumb/interwork/libgcc.a(_arm_addsubdf3.o)
__aeabi_idiv                                      /home/pprintz/Downloads/gnuarm/lib/gcc/arm-elf/4.4.2/thumb/interwork/libgcc.a(_divsi3.o)
__aeabi_idiv0                                     /home/pprintz/Downloads/gnuarm/lib/gcc/arm-elf/4.4.2/thumb/interwork/libgcc.a(_dvmd_tls.o)
__aeabi_idivmod                                   /home/pprintz/Downloads/gnuarm/lib/gcc/arm-elf/4.4.2/thumb/interwork/libgcc.a(_divsi3.o)
__aeabi_l2d                                       /home/pprintz/Downloads/gnuarm/lib/gcc/arm-elf/4.4.2/thumb/interwork/libgcc.a(_arm_addsubdf3.o)
__aeabi_ldiv0                                     /home/pprintz/Downloads/gnuarm/lib/gcc/arm-elf/4.4.2/thumb/interwork/libgcc.a(_dvmd_tls.o)
__aeabi_ui2d                                      /home/pprintz/Downloads/gnuarm/lib/gcc/arm-elf/4.4.2/thumb/interwork/libgcc.a(_arm_addsubdf3.o)
__aeabi_uidiv                                     /home/pprintz/Downloads/gnuarm/lib/gcc/arm-elf/4.4.2/thumb/interwork/libgcc.a(_udivsi3.o)
__aeabi_uidivmod                                  /home/pprintz/Downloads/gnuarm/lib/gcc/arm-elf/4.4.2/thumb/interwork/libgcc.a(_udivsi3.o)
__aeabi_ul2d                                      /home/pprintz/Downloads/gnuarm/lib/gcc/arm-elf/4.4.2/thumb/interwork/libgcc.a(_arm_addsubdf3.o)
__bss_end__                                       build/ecrobot_init.o
__bss_start__                                     build/ecrobot_init.o
__call_posttaskhook_from_arm                      linker stubs
__call_pretaskhook_from_arm                       linker stubs
__clzsi2                                          /home/pprintz/Downloads/gnuarm/lib/gcc/arm-elf/4.4.2/thumb/interwork/libgcc.a(_clzsi2.o)
                                                  /home/pprintz/Downloads/gnuarm/lib/gcc/arm-elf/4.4.2/thumb/interwork/libgcc.a(_divdi3.o)
__cmpdf2                                          /home/pprintz/Downloads/gnuarm/lib/gcc/arm-elf/4.4.2/thumb/interwork/libgcc.a(_arm_cmpdf2.o)
__ctor_begin                                      build/ecrobot_base.o
__ctor_end                                        build/ecrobot_base.o
__data_load_end__                                 build/ecrobot_init.o
__data_load_start__                               build/ecrobot_init.o
__data_ram_start__                                build/ecrobot_init.o
__div0                                            /home/pprintz/Downloads/gnuarm/lib/gcc/arm-elf/4.4.2/thumb/interwork/libgcc.a(_dvmd_tls.o)
                                                  /home/pprintz/Downloads/gnuarm/lib/gcc/arm-elf/4.4.2/thumb/interwork/libgcc.a(_modsi3.o)
                                                  /home/pprintz/Downloads/gnuarm/lib/gcc/arm-elf/4.4.2/thumb/interwork/libgcc.a(_umodsi3.o)
                                                  /home/pprintz/Downloads/gnuarm/lib/gcc/arm-elf/4.4.2/thumb/interwork/libgcc.a(_divsi3.o)
                                                  /home/pprintz/Downloads/gnuarm/lib/gcc/arm-elf/4.4.2/thumb/interwork/libgcc.a(_udivsi3.o)
__divdf3                                          /home/pprintz/Downloads/gnuarm/lib/gcc/arm-elf/4.4.2/thumb/interwork/libgcc.a(_arm_muldivdf3.o)
__divdi3                                          /home/pprintz/Downloads/gnuarm/lib/gcc/arm-elf/4.4.2/thumb/interwork/libgcc.a(_divdi3.o)
                                                  ../nxtOSEK/ecrobot/../ecrobot/libecrobot.a(sound.oram)
__divsi3                                          /home/pprintz/Downloads/gnuarm/lib/gcc/arm-elf/4.4.2/thumb/interwork/libgcc.a(_divsi3.o)
                                                  ../nxtOSEK/ecrobot/../ecrobot/libecrobot.a(sound.oram)
                                                  ../nxtOSEK/ecrobot/../ecrobot/libecrobot.a(uart.oram)
__dtor_begin                                      build/ecrobot_base.o
__dtor_end                                        build/ecrobot_base.o
__eqdf2                                           /home/pprintz/Downloads/gnuarm/lib/gcc/arm-elf/4.4.2/thumb/interwork/libgcc.a(_arm_cmpdf2.o)
__extendsfdf2                                     /home/pprintz/Downloads/gnuarm/lib/gcc/arm-elf/4.4.2/thumb/interwork/libgcc.a(_arm_addsubdf3.o)
__floatdidf                                       /home/pprintz/Downloads/gnuarm/lib/gcc/arm-elf/4.4.2/thumb/interwork/libgcc.a(_arm_addsubdf3.o)
__floatsidf                                       /home/pprintz/Downloads/gnuarm/lib/gcc/arm-elf/4.4.2/thumb/interwork/libgcc.a(_arm_addsubdf3.o)
                                                  ../nxtOSEK/ecrobot/../ecrobot/libecrobot.a(colorsensor.o)
__floatundidf                                     /home/pprintz/Downloads/gnuarm/lib/gcc/arm-elf/4.4.2/thumb/interwork/libgcc.a(_arm_addsubdf3.o)
__floatunsidf                                     /home/pprintz/Downloads/gnuarm/lib/gcc/arm-elf/4.4.2/thumb/interwork/libgcc.a(_arm_addsubdf3.o)
__gedf2                                           /home/pprintz/Downloads/gnuarm/lib/gcc/arm-elf/4.4.2/thumb/interwork/libgcc.a(_arm_cmpdf2.o)
__gtdf2                                           /home/pprintz/Downloads/gnuarm/lib/gcc/arm-elf/4.4.2/thumb/interwork/libgcc.a(_arm_cmpdf2.o)
                                                  ../nxtOSEK/ecrobot/../ecrobot/libecrobot.a(colorsensor.o)
__irq_stack__                                     build/ecrobot_init.o
__ledf2                                           /home/pprintz/Downloads/gnuarm/lib/gcc/arm-elf/4.4.2/thumb/interwork/libgcc.a(_arm_cmpdf2.o)
__ltdf2                                           /home/pprintz/Downloads/gnuarm/lib/gcc/arm-elf/4.4.2/thumb/interwork/libgcc.a(_arm_cmpdf2.o)
__modsi3                                          /home/pprintz/Downloads/gnuarm/lib/gcc/arm-elf/4.4.2/thumb/interwork/libgcc.a(_modsi3.o)
                                                  ../nxtOSEK/ecrobot/../ecrobot/libecrobot.a(flash_loader.oram)
                                                  ../nxtOSEK/ecrobot/../ecrobot/libecrobot.a(sound.oram)
__muldf3                                          /home/pprintz/Downloads/gnuarm/lib/gcc/arm-elf/4.4.2/thumb/interwork/libgcc.a(_arm_muldivdf3.o)
                                                  ../nxtOSEK/ecrobot/../ecrobot/libecrobot.a(colorsensor.o)
__muldi3                                          /home/pprintz/Downloads/gnuarm/lib/gcc/arm-elf/4.4.2/thumb/interwork/libgcc.a(_muldi3.o)
                                                  ../nxtOSEK/ecrobot/../ecrobot/libecrobot.a(sound.oram)
__nedf2                                           /home/pprintz/Downloads/gnuarm/lib/gcc/arm-elf/4.4.2/thumb/interwork/libgcc.a(_arm_cmpdf2.o)
__ramtext_load_end__                              build/ecrobot_init.o
__ramtext_load_start__                            build/ecrobot_init.o
__ramtext_ram_start__                             build/ecrobot_init.o
__stack_end__                                     build/ecrobot_init.o
__stack_start__                                   build/ecrobot_init.o
__subdf3                                          /home/pprintz/Downloads/gnuarm/lib/gcc/arm-elf/4.4.2/thumb/interwork/libgcc.a(_arm_addsubdf3.o)
__system_stack__                                  build/config/at91sam7s-gnu/cpu_support.oram
                                                  build/ecrobot_init.o
__udivsi3                                         /home/pprintz/Downloads/gnuarm/lib/gcc/arm-elf/4.4.2/thumb/interwork/libgcc.a(_udivsi3.o)
                                                  /home/pprintz/Downloads/gnuarm/lib/gcc/arm-elf/4.4.2/thumb/interwork/libgcc.a(_divdi3.o)
                                                  ../nxtOSEK/ecrobot/../ecrobot/libecrobot.a(sound.oram)
                                                  ../nxtOSEK/ecrobot/../ecrobot/libecrobot.a(display.oram)
                                                  ../nxtOSEK/ecrobot/../ecrobot/libecrobot.a(ecrobot_interface.o)
                                                  build/ecrobot_base.o
__umodsi3                                         /home/pprintz/Downloads/gnuarm/lib/gcc/arm-elf/4.4.2/thumb/interwork/libgcc.a(_umodsi3.o)
                                                  /home/pprintz/Downloads/gnuarm/lib/gcc/arm-elf/4.4.2/thumb/interwork/libgcc.a(_divdi3.o)
                                                  ../nxtOSEK/ecrobot/../ecrobot/libecrobot.a(display.oram)
__vectors_load_end__                              build/ecrobot_init.o
__vectors_load_start__                            build/ecrobot_init.o
__vectors_ram_start__                             build/ecrobot_init.o